[2021-10-11T06:41:45.343+0000][gc,heap] Heap region size: 1M
[2021-10-11T06:41:45.351+0000][gc     ] Using G1
[2021-10-11T06:41:45.351+0000][gc,heap,coops] Heap address: 0x00000000c0000000, size: 1024 MB, Compressed Oops mode: 32-bit
[2021-10-11T06:41:45.351+0000][gc,cds       ] Mark closed archive regions in map: [0x00000000fff00000, 0x00000000fff6aff8]
[2021-10-11T06:41:45.351+0000][gc,cds       ] Mark open archive regions in map: [0x00000000ffe00000, 0x00000000ffe46ff8]
[2021-10-11T06:41:46.015+0000][gc,start     ] GC(0) Pause Young (Normal) (G1 Evacuation Pause)
[2021-10-11T06:41:46.016+0000][gc,task      ] GC(0) Using 8 workers of 8 for evacuation
[2021-10-11T06:41:46.022+0000][gc,phases    ] GC(0)   Pre Evacuate Collection Set: 0.0ms
[2021-10-11T06:41:46.022+0000][gc,phases    ] GC(0)   Evacuate Collection Set: 5.5ms
[2021-10-11T06:41:46.022+0000][gc,phases    ] GC(0)   Post Evacuate Collection Set: 0.4ms
[2021-10-11T06:41:46.022+0000][gc,phases    ] GC(0)   Other: 0.7ms
[2021-10-11T06:41:46.022+0000][gc,heap      ] GC(0) Eden regions: 51->0(44)
[2021-10-11T06:41:46.022+0000][gc,heap      ] GC(0) Survivor regions: 0->7(7)
[2021-10-11T06:41:46.022+0000][gc,heap      ] GC(0) Old regions: 2->2
[2021-10-11T06:41:46.022+0000][gc,heap      ] GC(0) Humongous regions: 0->0
[2021-10-11T06:41:46.022+0000][gc,metaspace ] GC(0) Metaspace: 15536K->15536K(1062912K)
[2021-10-11T06:41:46.022+0000][gc           ] GC(0) Pause Young (Normal) (G1 Evacuation Pause) 51M->7M(1024M) 6.712ms
[2021-10-11T06:41:46.022+0000][gc,cpu       ] GC(0) User=0.03s Sys=0.00s Real=0.01s
[2021-10-11T06:41:46.222+0000][gc,start     ] GC(1) Pause Young (Concurrent Start) (Metadata GC Threshold)
[2021-10-11T06:41:46.222+0000][gc,task      ] GC(1) Using 8 workers of 8 for evacuation
[2021-10-11T06:41:46.230+0000][gc,phases    ] GC(1)   Pre Evacuate Collection Set: 0.0ms
[2021-10-11T06:41:46.230+0000][gc,phases    ] GC(1)   Evacuate Collection Set: 7.7ms
[2021-10-11T06:41:46.230+0000][gc,phases    ] GC(1)   Post Evacuate Collection Set: 0.3ms
[2021-10-11T06:41:46.230+0000][gc,phases    ] GC(1)   Other: 0.2ms
[2021-10-11T06:41:46.230+0000][gc,heap      ] GC(1) Eden regions: 21->0(49)
[2021-10-11T06:41:46.230+0000][gc,heap      ] GC(1) Survivor regions: 7->2(7)
[2021-10-11T06:41:46.230+0000][gc,heap      ] GC(1) Old regions: 2->9
[2021-10-11T06:41:46.230+0000][gc,heap      ] GC(1) Humongous regions: 0->0
[2021-10-11T06:41:46.230+0000][gc,metaspace ] GC(1) Metaspace: 20681K->20681K(1069056K)
[2021-10-11T06:41:46.230+0000][gc           ] GC(1) Pause Young (Concurrent Start) (Metadata GC Threshold) 27M->8M(1024M) 8.243ms
[2021-10-11T06:41:46.230+0000][gc,cpu       ] GC(1) User=0.02s Sys=0.00s Real=0.01s
[2021-10-11T06:41:46.230+0000][gc           ] GC(2) Concurrent Cycle
[2021-10-11T06:41:46.230+0000][gc,marking   ] GC(2) Concurrent Clear Claimed Marks
[2021-10-11T06:41:46.230+0000][gc,marking   ] GC(2) Concurrent Clear Claimed Marks 0.011ms
[2021-10-11T06:41:46.230+0000][gc,marking   ] GC(2) Concurrent Scan Root Regions
[2021-10-11T06:41:46.231+0000][gc,marking   ] GC(2) Concurrent Scan Root Regions 0.720ms
[2021-10-11T06:41:46.231+0000][gc,marking   ] GC(2) Concurrent Mark (0.890s)
[2021-10-11T06:41:46.231+0000][gc,marking   ] GC(2) Concurrent Mark From Roots
[2021-10-11T06:41:46.231+0000][gc,task      ] GC(2) Using 2 workers of 2 for marking
[2021-10-11T06:41:46.235+0000][gc,marking   ] GC(2) Concurrent Mark From Roots 3.802ms
[2021-10-11T06:41:46.235+0000][gc,marking   ] GC(2) Concurrent Preclean
[2021-10-11T06:41:46.235+0000][gc,marking   ] GC(2) Concurrent Preclean 0.100ms
[2021-10-11T06:41:46.235+0000][gc,marking   ] GC(2) Concurrent Mark (0.890s, 0.894s) 3.924ms
[2021-10-11T06:41:46.235+0000][gc,start     ] GC(2) Pause Remark
[2021-10-11T06:41:46.236+0000][gc,stringtable] GC(2) Cleaned string and symbol table, strings: 5034 processed, 0 removed, symbols: 50557 processed, 40 removed
[2021-10-11T06:41:46.236+0000][gc            ] GC(2) Pause Remark 8M->8M(1024M) 1.331ms
[2021-10-11T06:41:46.236+0000][gc,cpu        ] GC(2) User=0.01s Sys=0.00s Real=0.01s
[2021-10-11T06:41:46.236+0000][gc,marking    ] GC(2) Concurrent Rebuild Remembered Sets
[2021-10-11T06:41:46.239+0000][gc,marking    ] GC(2) Concurrent Rebuild Remembered Sets 2.249ms
[2021-10-11T06:41:46.239+0000][gc,start      ] GC(2) Pause Cleanup
[2021-10-11T06:41:46.239+0000][gc            ] GC(2) Pause Cleanup 8M->8M(1024M) 0.155ms
[2021-10-11T06:41:46.239+0000][gc,cpu        ] GC(2) User=0.01s Sys=0.00s Real=0.00s
[2021-10-11T06:41:46.239+0000][gc,marking    ] GC(2) Concurrent Cleanup for Next Mark
[2021-10-11T06:41:46.243+0000][gc,marking    ] GC(2) Concurrent Cleanup for Next Mark 3.633ms
[2021-10-11T06:41:46.243+0000][gc            ] GC(2) Concurrent Cycle 12.358ms
[2021-10-11T06:41:46.339+0000][gc,start      ] GC(3) Pause Young (Normal) (G1 Evacuation Pause)
[2021-10-11T06:41:46.339+0000][gc,task       ] GC(3) Using 8 workers of 8 for evacuation
[2021-10-11T06:41:46.340+0000][gc,phases     ] GC(3)   Pre Evacuate Collection Set: 0.0ms
[2021-10-11T06:41:46.340+0000][gc,phases     ] GC(3)   Evacuate Collection Set: 1.0ms
[2021-10-11T06:41:46.340+0000][gc,phases     ] GC(3)   Post Evacuate Collection Set: 0.3ms
[2021-10-11T06:41:46.340+0000][gc,phases     ] GC(3)   Other: 0.1ms
[2021-10-11T06:41:46.340+0000][gc,heap       ] GC(3) Eden regions: 49->0(50)
[2021-10-11T06:41:46.340+0000][gc,heap       ] GC(3) Survivor regions: 2->1(7)
[2021-10-11T06:41:46.340+0000][gc,heap       ] GC(3) Old regions: 9->9
[2021-10-11T06:41:46.340+0000][gc,heap       ] GC(3) Humongous regions: 0->0
[2021-10-11T06:41:46.340+0000][gc,metaspace  ] GC(3) Metaspace: 22201K->22201K(1069056K)
[2021-10-11T06:41:46.341+0000][gc            ] GC(3) Pause Young (Normal) (G1 Evacuation Pause) 57M->7M(1024M) 1.503ms
[2021-10-11T06:41:46.341+0000][gc,cpu        ] GC(3) User=0.01s Sys=0.00s Real=0.00s
[2021-10-11T06:41:46.371+0000][gc,start      ] GC(4) Pause Young (Normal) (G1 Evacuation Pause)
[2021-10-11T06:41:46.371+0000][gc,task       ] GC(4) Using 8 workers of 8 for evacuation
[2021-10-11T06:41:46.373+0000][gc,phases     ] GC(4)   Pre Evacuate Collection Set: 0.0ms
[2021-10-11T06:41:46.373+0000][gc,phases     ] GC(4)   Evacuate Collection Set: 0.9ms
[2021-10-11T06:41:46.373+0000][gc,phases     ] GC(4)   Post Evacuate Collection Set: 0.3ms
[2021-10-11T06:41:46.373+0000][gc,phases     ] GC(4)   Other: 0.1ms
[2021-10-11T06:41:46.373+0000][gc,heap       ] GC(4) Eden regions: 50->0(50)
[2021-10-11T06:41:46.373+0000][gc,heap       ] GC(4) Survivor regions: 1->1(7)
[2021-10-11T06:41:46.373+0000][gc,heap       ] GC(4) Old regions: 9->9
[2021-10-11T06:41:46.373+0000][gc,heap       ] GC(4) Humongous regions: 1->0
[2021-10-11T06:41:46.373+0000][gc,metaspace  ] GC(4) Metaspace: 22215K->22215K(1069056K)
[2021-10-11T06:41:46.373+0000][gc            ] GC(4) Pause Young (Normal) (G1 Evacuation Pause) 58M->7M(1024M) 1.333ms
[2021-10-11T06:41:46.373+0000][gc,cpu        ] GC(4) User=0.00s Sys=0.00s Real=0.00s
[2021-10-11T06:41:46.408+0000][gc,start      ] GC(5) Pause Young (Normal) (G1 Evacuation Pause)
[2021-10-11T06:41:46.408+0000][gc,task       ] GC(5) Using 8 workers of 8 for evacuation
[2021-10-11T06:41:46.409+0000][gc,phases     ] GC(5)   Pre Evacuate Collection Set: 0.0ms
[2021-10-11T06:41:46.409+0000][gc,phases     ] GC(5)   Evacuate Collection Set: 0.6ms
[2021-10-11T06:41:46.409+0000][gc,phases     ] GC(5)   Post Evacuate Collection Set: 0.3ms
[2021-10-11T06:41:46.409+0000][gc,phases     ] GC(5)   Other: 0.1ms
[2021-10-11T06:41:46.409+0000][gc,heap       ] GC(5) Eden regions: 50->0(50)
[2021-10-11T06:41:46.409+0000][gc,heap       ] GC(5) Survivor regions: 1->1(7)
[2021-10-11T06:41:46.409+0000][gc,heap       ] GC(5) Old regions: 9->9
[2021-10-11T06:41:46.409+0000][gc,heap       ] GC(5) Humongous regions: 8->0
[2021-10-11T06:41:46.409+0000][gc,metaspace  ] GC(5) Metaspace: 22215K->22215K(1069056K)
[2021-10-11T06:41:46.409+0000][gc            ] GC(5) Pause Young (Normal) (G1 Evacuation Pause) 65M->7M(1024M) 1.118ms
[2021-10-11T06:41:46.409+0000][gc,cpu        ] GC(5) User=0.01s Sys=0.00s Real=0.00s
[2021-10-11T06:41:46.440+0000][gc,start      ] GC(6) Pause Young (Normal) (G1 Evacuation Pause)
[2021-10-11T06:41:46.440+0000][gc,task       ] GC(6) Using 8 workers of 8 for evacuation
[2021-10-11T06:41:46.441+0000][gc,phases     ] GC(6)   Pre Evacuate Collection Set: 0.0ms
[2021-10-11T06:41:46.441+0000][gc,phases     ] GC(6)   Evacuate Collection Set: 0.7ms
[2021-10-11T06:41:46.441+0000][gc,phases     ] GC(6)   Post Evacuate Collection Set: 0.3ms
[2021-10-11T06:41:46.441+0000][gc,phases     ] GC(6)   Other: 0.1ms
[2021-10-11T06:41:46.441+0000][gc,heap       ] GC(6) Eden regions: 50->0(50)
[2021-10-11T06:41:46.441+0000][gc,heap       ] GC(6) Survivor regions: 1->1(7)
[2021-10-11T06:41:46.441+0000][gc,heap       ] GC(6) Old regions: 9->9
[2021-10-11T06:41:46.441+0000][gc,heap       ] GC(6) Humongous regions: 13->0
[2021-10-11T06:41:46.441+0000][gc,metaspace  ] GC(6) Metaspace: 22215K->22215K(1069056K)
[2021-10-11T06:41:46.441+0000][gc            ] GC(6) Pause Young (Normal) (G1 Evacuation Pause) 70M->7M(1024M) 1.172ms
[2021-10-11T06:41:46.441+0000][gc,cpu        ] GC(6) User=0.00s Sys=0.00s Real=0.00s
[2021-10-11T06:41:46.469+0000][gc,start      ] GC(7) Pause Young (Normal) (G1 Evacuation Pause)
[2021-10-11T06:41:46.469+0000][gc,task       ] GC(7) Using 8 workers of 8 for evacuation
[2021-10-11T06:41:46.470+0000][gc,phases     ] GC(7)   Pre Evacuate Collection Set: 0.0ms
[2021-10-11T06:41:46.470+0000][gc,phases     ] GC(7)   Evacuate Collection Set: 0.7ms
[2021-10-11T06:41:46.470+0000][gc,phases     ] GC(7)   Post Evacuate Collection Set: 0.3ms
[2021-10-11T06:41:46.470+0000][gc,phases     ] GC(7)   Other: 0.1ms
[2021-10-11T06:41:46.470+0000][gc,heap       ] GC(7) Eden regions: 50->0(50)
[2021-10-11T06:41:46.470+0000][gc,heap       ] GC(7) Survivor regions: 1->1(7)
[2021-10-11T06:41:46.470+0000][gc,heap       ] GC(7) Old regions: 9->9
[2021-10-11T06:41:46.470+0000][gc,heap       ] GC(7) Humongous regions: 6->0
[2021-10-11T06:41:46.470+0000][gc,metaspace  ] GC(7) Metaspace: 22215K->22215K(1069056K)
[2021-10-11T06:41:46.470+0000][gc            ] GC(7) Pause Young (Normal) (G1 Evacuation Pause) 63M->7M(1024M) 1.129ms
[2021-10-11T06:41:46.470+0000][gc,cpu        ] GC(7) User=0.00s Sys=0.00s Real=0.00s
[2021-10-11T06:41:46.498+0000][gc,start      ] GC(8) Pause Young (Normal) (G1 Evacuation Pause)
[2021-10-11T06:41:46.498+0000][gc,task       ] GC(8) Using 8 workers of 8 for evacuation
[2021-10-11T06:41:46.499+0000][gc,phases     ] GC(8)   Pre Evacuate Collection Set: 0.0ms
[2021-10-11T06:41:46.499+0000][gc,phases     ] GC(8)   Evacuate Collection Set: 0.7ms
[2021-10-11T06:41:46.499+0000][gc,phases     ] GC(8)   Post Evacuate Collection Set: 0.2ms
[2021-10-11T06:41:46.499+0000][gc,phases     ] GC(8)   Other: 0.1ms
[2021-10-11T06:41:46.499+0000][gc,heap       ] GC(8) Eden regions: 50->0(50)
[2021-10-11T06:41:46.499+0000][gc,heap       ] GC(8) Survivor regions: 1->1(7)
[2021-10-11T06:41:46.499+0000][gc,heap       ] GC(8) Old regions: 9->9
[2021-10-11T06:41:46.499+0000][gc,heap       ] GC(8) Humongous regions: 5->0
[2021-10-11T06:41:46.499+0000][gc,metaspace  ] GC(8) Metaspace: 22215K->22215K(1069056K)
[2021-10-11T06:41:46.499+0000][gc            ] GC(8) Pause Young (Normal) (G1 Evacuation Pause) 62M->7M(1024M) 1.102ms
[2021-10-11T06:41:46.499+0000][gc,cpu        ] GC(8) User=0.00s Sys=0.00s Real=0.00s
[2021-10-11T06:41:46.529+0000][gc,start      ] GC(9) Pause Young (Normal) (G1 Evacuation Pause)
[2021-10-11T06:41:46.529+0000][gc,task       ] GC(9) Using 8 workers of 8 for evacuation
[2021-10-11T06:41:46.530+0000][gc,phases     ] GC(9)   Pre Evacuate Collection Set: 0.0ms
[2021-10-11T06:41:46.530+0000][gc,phases     ] GC(9)   Evacuate Collection Set: 0.6ms
[2021-10-11T06:41:46.530+0000][gc,phases     ] GC(9)   Post Evacuate Collection Set: 0.3ms
[2021-10-11T06:41:46.530+0000][gc,phases     ] GC(9)   Other: 0.1ms
[2021-10-11T06:41:46.530+0000][gc,heap       ] GC(9) Eden regions: 50->0(50)
[2021-10-11T06:41:46.530+0000][gc,heap       ] GC(9) Survivor regions: 1->1(7)
[2021-10-11T06:41:46.531+0000][gc,heap       ] GC(9) Old regions: 9->9
[2021-10-11T06:41:46.531+0000][gc,heap       ] GC(9) Humongous regions: 13->0
[2021-10-11T06:41:46.531+0000][gc,metaspace  ] GC(9) Metaspace: 22215K->22215K(1069056K)
[2021-10-11T06:41:46.531+0000][gc            ] GC(9) Pause Young (Normal) (G1 Evacuation Pause) 70M->7M(1024M) 1.147ms
[2021-10-11T06:41:46.531+0000][gc,cpu        ] GC(9) User=0.01s Sys=0.00s Real=0.00s
[2021-10-11T06:41:46.962+0000][gc,start      ] GC(10) Pause Young (Normal) (G1 Evacuation Pause)
[2021-10-11T06:41:46.962+0000][gc,task       ] GC(10) Using 8 workers of 8 for evacuation
[2021-10-11T06:41:46.964+0000][gc,phases     ] GC(10)   Pre Evacuate Collection Set: 0.0ms
[2021-10-11T06:41:46.964+0000][gc,phases     ] GC(10)   Evacuate Collection Set: 1.9ms
[2021-10-11T06:41:46.964+0000][gc,phases     ] GC(10)   Post Evacuate Collection Set: 0.3ms
[2021-10-11T06:41:46.964+0000][gc,phases     ] GC(10)   Other: 0.1ms
[2021-10-11T06:41:46.964+0000][gc,heap       ] GC(10) Eden regions: 50->0(46)
[2021-10-11T06:41:46.964+0000][gc,heap       ] GC(10) Survivor regions: 1->5(7)
[2021-10-11T06:41:46.964+0000][gc,heap       ] GC(10) Old regions: 9->9
[2021-10-11T06:41:46.964+0000][gc,heap       ] GC(10) Humongous regions: 135->129
[2021-10-11T06:41:46.964+0000][gc,metaspace  ] GC(10) Metaspace: 30367K->30367K(1077248K)
[2021-10-11T06:41:46.964+0000][gc            ] GC(10) Pause Young (Normal) (G1 Evacuation Pause) 192M->140M(1024M) 2.432ms
[2021-10-11T06:41:46.964+0000][gc,cpu        ] GC(10) User=0.02s Sys=0.00s Real=0.01s
[2021-10-11T06:41:47.096+0000][gc,start      ] GC(11) Pause Young (Concurrent Start) (Metadata GC Threshold)
[2021-10-11T06:41:47.096+0000][gc,task       ] GC(11) Using 8 workers of 8 for evacuation
[2021-10-11T06:41:47.100+0000][gc,phases     ] GC(11)   Pre Evacuate Collection Set: 0.1ms
[2021-10-11T06:41:47.100+0000][gc,phases     ] GC(11)   Evacuate Collection Set: 3.7ms
[2021-10-11T06:41:47.100+0000][gc,phases     ] GC(11)   Post Evacuate Collection Set: 0.3ms
[2021-10-11T06:41:47.100+0000][gc,phases     ] GC(11)   Other: 0.2ms
[2021-10-11T06:41:47.100+0000][gc,heap       ] GC(11) Eden regions: 19->0(46)
[2021-10-11T06:41:47.100+0000][gc,heap       ] GC(11) Survivor regions: 5->5(7)
[2021-10-11T06:41:47.100+0000][gc,heap       ] GC(11) Old regions: 9->10
[2021-10-11T06:41:47.100+0000][gc,heap       ] GC(11) Humongous regions: 129->129
[2021-10-11T06:41:47.100+0000][gc,metaspace  ] GC(11) Metaspace: 34517K->34517K(1081344K)
[2021-10-11T06:41:47.100+0000][gc            ] GC(11) Pause Young (Concurrent Start) (Metadata GC Threshold) 159M->141M(1024M) 4.384ms
[2021-10-11T06:41:47.100+0000][gc,cpu        ] GC(11) User=0.02s Sys=0.00s Real=0.00s
[2021-10-11T06:41:47.100+0000][gc            ] GC(12) Concurrent Cycle
[2021-10-11T06:41:47.100+0000][gc,marking    ] GC(12) Concurrent Clear Claimed Marks
[2021-10-11T06:41:47.100+0000][gc,marking    ] GC(12) Concurrent Clear Claimed Marks 0.030ms
[2021-10-11T06:41:47.100+0000][gc,marking    ] GC(12) Concurrent Scan Root Regions
[2021-10-11T06:41:47.101+0000][gc,marking    ] GC(12) Concurrent Scan Root Regions 1.224ms
[2021-10-11T06:41:47.101+0000][gc,marking    ] GC(12) Concurrent Mark (1.761s)
[2021-10-11T06:41:47.101+0000][gc,marking    ] GC(12) Concurrent Mark From Roots
[2021-10-11T06:41:47.101+0000][gc,task       ] GC(12) Using 2 workers of 2 for marking
[2021-10-11T06:41:47.108+0000][gc,marking    ] GC(12) Concurrent Mark From Roots 6.693ms
[2021-10-11T06:41:47.108+0000][gc,marking    ] GC(12) Concurrent Preclean
[2021-10-11T06:41:47.108+0000][gc,marking    ] GC(12) Concurrent Preclean 0.078ms
[2021-10-11T06:41:47.108+0000][gc,marking    ] GC(12) Concurrent Mark (1.761s, 1.767s) 6.799ms
[2021-10-11T06:41:47.110+0000][gc,start      ] GC(12) Pause Remark
[2021-10-11T06:41:47.112+0000][gc,stringtable] GC(12) Cleaned string and symbol table, strings: 10233 processed, 11 removed, symbols: 81493 processed, 11 removed
[2021-10-11T06:41:47.112+0000][gc            ] GC(12) Pause Remark 143M->143M(1024M) 1.423ms
[2021-10-11T06:41:47.112+0000][gc,cpu        ] GC(12) User=0.01s Sys=0.00s Real=0.00s
[2021-10-11T06:41:47.112+0000][gc,marking    ] GC(12) Concurrent Rebuild Remembered Sets
[2021-10-11T06:41:47.115+0000][gc,marking    ] GC(12) Concurrent Rebuild Remembered Sets 2.595ms
[2021-10-11T06:41:47.115+0000][gc,start      ] GC(12) Pause Cleanup
[2021-10-11T06:41:47.115+0000][gc            ] GC(12) Pause Cleanup 143M->143M(1024M) 0.138ms
[2021-10-11T06:41:47.115+0000][gc,cpu        ] GC(12) User=0.00s Sys=0.00s Real=0.00s
[2021-10-11T06:41:47.115+0000][gc,marking    ] GC(12) Concurrent Cleanup for Next Mark
[2021-10-11T06:41:47.119+0000][gc,marking    ] GC(12) Concurrent Cleanup for Next Mark 4.019ms
[2021-10-11T06:41:47.119+0000][gc            ] GC(12) Concurrent Cycle 18.774ms
[2021-10-11T06:44:01.446+0000][gc,start      ] GC(13) Pause Young (Normal) (G1 Evacuation Pause)
[2021-10-11T06:44:01.446+0000][gc,task       ] GC(13) Using 8 workers of 8 for evacuation
[2021-10-11T06:44:01.451+0000][gc,phases     ] GC(13)   Pre Evacuate Collection Set: 0.1ms
[2021-10-11T06:44:01.451+0000][gc,phases     ] GC(13)   Evacuate Collection Set: 3.8ms
[2021-10-11T06:44:01.451+0000][gc,phases     ] GC(13)   Post Evacuate Collection Set: 0.4ms
[2021-10-11T06:44:01.451+0000][gc,phases     ] GC(13)   Other: 0.2ms
[2021-10-11T06:44:01.451+0000][gc,heap       ] GC(13) Eden regions: 46->0(48)
[2021-10-11T06:44:01.451+0000][gc,heap       ] GC(13) Survivor regions: 5->3(7)
[2021-10-11T06:44:01.451+0000][gc,heap       ] GC(13) Old regions: 10->13
[2021-10-11T06:44:01.451+0000][gc,heap       ] GC(13) Humongous regions: 129->129
[2021-10-11T06:44:01.451+0000][gc,metaspace  ] GC(13) Metaspace: 38243K->38243K(1083392K)
[2021-10-11T06:44:01.451+0000][gc            ] GC(13) Pause Young (Normal) (G1 Evacuation Pause) 187M->142M(1024M) 4.548ms
[2021-10-11T06:44:01.451+0000][gc,cpu        ] GC(13) User=0.02s Sys=0.00s Real=0.00s
[2021-10-11T06:44:02.169+0000][gc,start      ] GC(14) Pause Young (Normal) (G1 Evacuation Pause)
[2021-10-11T06:44:02.169+0000][gc,task       ] GC(14) Using 8 workers of 8 for evacuation
[2021-10-11T06:44:02.172+0000][gc,phases     ] GC(14)   Pre Evacuate Collection Set: 0.0ms
[2021-10-11T06:44:02.172+0000][gc,phases     ] GC(14)   Evacuate Collection Set: 2.1ms
[2021-10-11T06:44:02.172+0000][gc,phases     ] GC(14)   Post Evacuate Collection Set: 0.4ms
[2021-10-11T06:44:02.172+0000][gc,phases     ] GC(14)   Other: 0.2ms
[2021-10-11T06:44:02.172+0000][gc,heap       ] GC(14) Eden regions: 48->0(48)
[2021-10-11T06:44:02.172+0000][gc,heap       ] GC(14) Survivor regions: 3->3(7)
[2021-10-11T06:44:02.172+0000][gc,heap       ] GC(14) Old regions: 13->13
[2021-10-11T06:44:02.172+0000][gc,heap       ] GC(14) Humongous regions: 129->129
[2021-10-11T06:44:02.172+0000][gc,metaspace  ] GC(14) Metaspace: 38616K->38616K(1085440K)
[2021-10-11T06:44:02.172+0000][gc            ] GC(14) Pause Young (Normal) (G1 Evacuation Pause) 190M->143M(1024M) 2.752ms
[2021-10-11T06:44:02.172+0000][gc,cpu        ] GC(14) User=0.01s Sys=0.00s Real=0.00s
[2021-10-11T06:44:02.875+0000][gc,start      ] GC(15) Pause Young (Normal) (G1 Evacuation Pause)
[2021-10-11T06:44:02.875+0000][gc,task       ] GC(15) Using 8 workers of 8 for evacuation
[2021-10-11T06:44:02.878+0000][gc,phases     ] GC(15)   Pre Evacuate Collection Set: 0.0ms
[2021-10-11T06:44:02.878+0000][gc,phases     ] GC(15)   Evacuate Collection Set: 2.1ms
[2021-10-11T06:44:02.878+0000][gc,phases     ] GC(15)   Post Evacuate Collection Set: 0.4ms
[2021-10-11T06:44:02.878+0000][gc,phases     ] GC(15)   Other: 0.1ms
[2021-10-11T06:44:02.878+0000][gc,heap       ] GC(15) Eden regions: 48->0(53)
[2021-10-11T06:44:02.878+0000][gc,heap       ] GC(15) Survivor regions: 3->3(7)
[2021-10-11T06:44:02.878+0000][gc,heap       ] GC(15) Old regions: 13->13
[2021-10-11T06:44:02.878+0000][gc,heap       ] GC(15) Humongous regions: 129->129
[2021-10-11T06:44:02.878+0000][gc,metaspace  ] GC(15) Metaspace: 38634K->38634K(1085440K)
[2021-10-11T06:44:02.878+0000][gc            ] GC(15) Pause Young (Normal) (G1 Evacuation Pause) 191M->143M(1024M) 2.687ms
[2021-10-11T06:44:02.878+0000][gc,cpu        ] GC(15) User=0.01s Sys=0.00s Real=0.01s
[2021-10-11T06:44:03.698+0000][gc,start      ] GC(16) Pause Young (Normal) (G1 Evacuation Pause)
[2021-10-11T06:44:03.698+0000][gc,task       ] GC(16) Using 8 workers of 8 for evacuation
[2021-10-11T06:44:03.701+0000][gc,phases     ] GC(16)   Pre Evacuate Collection Set: 0.0ms
[2021-10-11T06:44:03.701+0000][gc,phases     ] GC(16)   Evacuate Collection Set: 2.4ms
[2021-10-11T06:44:03.701+0000][gc,phases     ] GC(16)   Post Evacuate Collection Set: 0.5ms
[2021-10-11T06:44:03.701+0000][gc,phases     ] GC(16)   Other: 0.2ms
[2021-10-11T06:44:03.701+0000][gc,heap       ] GC(16) Eden regions: 53->0(56)
[2021-10-11T06:44:03.701+0000][gc,heap       ] GC(16) Survivor regions: 3->3(7)
[2021-10-11T06:44:03.701+0000][gc,heap       ] GC(16) Old regions: 13->13
[2021-10-11T06:44:03.701+0000][gc,heap       ] GC(16) Humongous regions: 129->129
[2021-10-11T06:44:03.701+0000][gc,metaspace  ] GC(16) Metaspace: 38635K->38635K(1085440K)
[2021-10-11T06:44:03.701+0000][gc            ] GC(16) Pause Young (Normal) (G1 Evacuation Pause) 196M->143M(1024M) 3.087ms
[2021-10-11T06:44:03.701+0000][gc,cpu        ] GC(16) User=0.01s Sys=0.00s Real=0.00s
[2021-10-11T06:45:01.613+0000][gc,start      ] GC(17) Pause Young (Normal) (G1 Evacuation Pause)
[2021-10-11T06:45:01.613+0000][gc,task       ] GC(17) Using 8 workers of 8 for evacuation
[2021-10-11T06:45:01.617+0000][gc,phases     ] GC(17)   Pre Evacuate Collection Set: 0.1ms
[2021-10-11T06:45:01.617+0000][gc,phases     ] GC(17)   Evacuate Collection Set: 3.2ms
[2021-10-11T06:45:01.617+0000][gc,phases     ] GC(17)   Post Evacuate Collection Set: 0.4ms
[2021-10-11T06:45:01.617+0000][gc,phases     ] GC(17)   Other: 0.2ms
[2021-10-11T06:45:01.617+0000][gc,heap       ] GC(17) Eden regions: 56->0(61)
[2021-10-11T06:45:01.617+0000][gc,heap       ] GC(17) Survivor regions: 3->3(8)
[2021-10-11T06:45:01.617+0000][gc,heap       ] GC(17) Old regions: 13->13
[2021-10-11T06:45:01.617+0000][gc,heap       ] GC(17) Humongous regions: 129->129
[2021-10-11T06:45:01.617+0000][gc,metaspace  ] GC(17) Metaspace: 38660K->38660K(1085440K)
[2021-10-11T06:45:01.617+0000][gc            ] GC(17) Pause Young (Normal) (G1 Evacuation Pause) 199M->143M(1024M) 3.911ms
[2021-10-11T06:45:01.617+0000][gc,cpu        ] GC(17) User=0.02s Sys=0.00s Real=0.01s
[2021-10-11T06:45:02.649+0000][gc,start      ] GC(18) Pause Young (Normal) (G1 Evacuation Pause)
[2021-10-11T06:45:02.649+0000][gc,task       ] GC(18) Using 8 workers of 8 for evacuation
[2021-10-11T06:45:02.653+0000][gc,phases     ] GC(18)   Pre Evacuate Collection Set: 0.0ms
[2021-10-11T06:45:02.653+0000][gc,phases     ] GC(18)   Evacuate Collection Set: 3.1ms
[2021-10-11T06:45:02.653+0000][gc,phases     ] GC(18)   Post Evacuate Collection Set: 0.4ms
[2021-10-11T06:45:02.653+0000][gc,phases     ] GC(18)   Other: 0.2ms
[2021-10-11T06:45:02.653+0000][gc,heap       ] GC(18) Eden regions: 61->0(69)
[2021-10-11T06:45:02.653+0000][gc,heap       ] GC(18) Survivor regions: 3->3(8)
[2021-10-11T06:45:02.653+0000][gc,heap       ] GC(18) Old regions: 13->13
[2021-10-11T06:45:02.653+0000][gc,heap       ] GC(18) Humongous regions: 129->129
[2021-10-11T06:45:02.653+0000][gc,metaspace  ] GC(18) Metaspace: 38661K->38661K(1085440K)
[2021-10-11T06:45:02.653+0000][gc            ] GC(18) Pause Young (Normal) (G1 Evacuation Pause) 204M->143M(1024M) 3.747ms
[2021-10-11T06:45:02.653+0000][gc,cpu        ] GC(18) User=0.02s Sys=0.00s Real=0.00s
[2021-10-11T06:45:03.770+0000][gc,start      ] GC(19) Pause Young (Normal) (G1 Evacuation Pause)
[2021-10-11T06:45:03.770+0000][gc,task       ] GC(19) Using 8 workers of 8 for evacuation
[2021-10-11T06:45:03.774+0000][gc,phases     ] GC(19)   Pre Evacuate Collection Set: 0.0ms
[2021-10-11T06:45:03.774+0000][gc,phases     ] GC(19)   Evacuate Collection Set: 3.0ms
[2021-10-11T06:45:03.774+0000][gc,phases     ] GC(19)   Post Evacuate Collection Set: 0.4ms
[2021-10-11T06:45:03.774+0000][gc,phases     ] GC(19)   Other: 0.2ms
[2021-10-11T06:45:03.774+0000][gc,heap       ] GC(19) Eden regions: 69->0(80)
[2021-10-11T06:45:03.774+0000][gc,heap       ] GC(19) Survivor regions: 3->3(9)
[2021-10-11T06:45:03.774+0000][gc,heap       ] GC(19) Old regions: 13->13
[2021-10-11T06:45:03.774+0000][gc,heap       ] GC(19) Humongous regions: 129->129
[2021-10-11T06:45:03.774+0000][gc,metaspace  ] GC(19) Metaspace: 38661K->38661K(1085440K)
[2021-10-11T06:45:03.774+0000][gc            ] GC(19) Pause Young (Normal) (G1 Evacuation Pause) 212M->143M(1024M) 3.636ms
[2021-10-11T06:45:03.774+0000][gc,cpu        ] GC(19) User=0.02s Sys=0.00s Real=0.00s
[2021-10-11T06:45:05.213+0000][gc,start      ] GC(20) Pause Young (Normal) (G1 Evacuation Pause)
[2021-10-11T06:45:05.213+0000][gc,task       ] GC(20) Using 8 workers of 8 for evacuation
[2021-10-11T06:45:05.217+0000][gc,phases     ] GC(20)   Pre Evacuate Collection Set: 0.0ms
[2021-10-11T06:45:05.217+0000][gc,phases     ] GC(20)   Evacuate Collection Set: 3.0ms
[2021-10-11T06:45:05.217+0000][gc,phases     ] GC(20)   Post Evacuate Collection Set: 0.4ms
[2021-10-11T06:45:05.217+0000][gc,phases     ] GC(20)   Other: 0.1ms
[2021-10-11T06:45:05.217+0000][gc,heap       ] GC(20) Eden regions: 80->0(95)
[2021-10-11T06:45:05.217+0000][gc,heap       ] GC(20) Survivor regions: 3->3(11)
[2021-10-11T06:45:05.217+0000][gc,heap       ] GC(20) Old regions: 13->13
[2021-10-11T06:45:05.217+0000][gc,heap       ] GC(20) Humongous regions: 129->129
[2021-10-11T06:45:05.217+0000][gc,metaspace  ] GC(20) Metaspace: 38661K->38661K(1085440K)
[2021-10-11T06:45:05.217+0000][gc            ] GC(20) Pause Young (Normal) (G1 Evacuation Pause) 223M->143M(1024M) 3.578ms
[2021-10-11T06:45:05.217+0000][gc,cpu        ] GC(20) User=0.01s Sys=0.00s Real=0.01s
[2021-10-11T06:45:06.776+0000][gc,start      ] GC(21) Pause Young (Normal) (G1 Evacuation Pause)
[2021-10-11T06:45:06.776+0000][gc,task       ] GC(21) Using 8 workers of 8 for evacuation
[2021-10-11T06:45:06.780+0000][gc,phases     ] GC(21)   Pre Evacuate Collection Set: 0.0ms
[2021-10-11T06:45:06.780+0000][gc,phases     ] GC(21)   Evacuate Collection Set: 3.0ms
[2021-10-11T06:45:06.780+0000][gc,phases     ] GC(21)   Post Evacuate Collection Set: 0.5ms
[2021-10-11T06:45:06.780+0000][gc,phases     ] GC(21)   Other: 0.2ms
[2021-10-11T06:45:06.780+0000][gc,heap       ] GC(21) Eden regions: 95->0(113)
[2021-10-11T06:45:06.780+0000][gc,heap       ] GC(21) Survivor regions: 3->3(13)
[2021-10-11T06:45:06.780+0000][gc,heap       ] GC(21) Old regions: 13->13
[2021-10-11T06:45:06.780+0000][gc,heap       ] GC(21) Humongous regions: 129->129
[2021-10-11T06:45:06.780+0000][gc,metaspace  ] GC(21) Metaspace: 38669K->38669K(1085440K)
[2021-10-11T06:45:06.780+0000][gc            ] GC(21) Pause Young (Normal) (G1 Evacuation Pause) 238M->143M(1024M) 3.662ms
[2021-10-11T06:45:06.780+0000][gc,cpu        ] GC(21) User=0.02s Sys=0.00s Real=0.00s
[2021-10-11T06:45:08.745+0000][gc,start      ] GC(22) Pause Young (Normal) (G1 Evacuation Pause)
[2021-10-11T06:45:08.745+0000][gc,task       ] GC(22) Using 8 workers of 8 for evacuation
[2021-10-11T06:45:08.750+0000][gc,phases     ] GC(22)   Pre Evacuate Collection Set: 0.0ms
[2021-10-11T06:45:08.750+0000][gc,phases     ] GC(22)   Evacuate Collection Set: 4.8ms
[2021-10-11T06:45:08.750+0000][gc,phases     ] GC(22)   Post Evacuate Collection Set: 0.5ms
[2021-10-11T06:45:08.750+0000][gc,phases     ] GC(22)   Other: 0.2ms
[2021-10-11T06:45:08.750+0000][gc,heap       ] GC(22) Eden regions: 113->0(131)
[2021-10-11T06:45:08.750+0000][gc,heap       ] GC(22) Survivor regions: 3->3(15)
[2021-10-11T06:45:08.750+0000][gc,heap       ] GC(22) Old regions: 13->13
[2021-10-11T06:45:08.750+0000][gc,heap       ] GC(22) Humongous regions: 129->129
[2021-10-11T06:45:08.750+0000][gc,metaspace  ] GC(22) Metaspace: 38670K->38670K(1085440K)
[2021-10-11T06:45:08.750+0000][gc            ] GC(22) Pause Young (Normal) (G1 Evacuation Pause) 256M->143M(1024M) 5.612ms
[2021-10-11T06:45:08.750+0000][gc,cpu        ] GC(22) User=0.02s Sys=0.00s Real=0.00s
[2021-10-11T06:46:03.196+0000][gc,start      ] GC(23) Pause Young (Normal) (G1 Evacuation Pause)
[2021-10-11T06:46:03.197+0000][gc,task       ] GC(23) Using 8 workers of 8 for evacuation
[2021-10-11T06:46:03.216+0000][gc,phases     ] GC(23)   Pre Evacuate Collection Set: 0.1ms
[2021-10-11T06:46:03.216+0000][gc,phases     ] GC(23)   Evacuate Collection Set: 18.4ms
[2021-10-11T06:46:03.216+0000][gc,phases     ] GC(23)   Post Evacuate Collection Set: 0.5ms
[2021-10-11T06:46:03.216+0000][gc,phases     ] GC(23)   Other: 0.2ms
[2021-10-11T06:46:03.216+0000][gc,heap       ] GC(23) Eden regions: 131->0(151)
[2021-10-11T06:46:03.216+0000][gc,heap       ] GC(23) Survivor regions: 3->3(17)
[2021-10-11T06:46:03.216+0000][gc,heap       ] GC(23) Old regions: 13->13
[2021-10-11T06:46:03.216+0000][gc,heap       ] GC(23) Humongous regions: 129->129
[2021-10-11T06:46:03.216+0000][gc,metaspace  ] GC(23) Metaspace: 38679K->38679K(1085440K)
[2021-10-11T06:46:03.216+0000][gc            ] GC(23) Pause Young (Normal) (G1 Evacuation Pause) 274M->142M(1024M) 19.224ms
[2021-10-11T06:46:03.216+0000][gc,cpu        ] GC(23) User=0.06s Sys=0.00s Real=0.02s
[2021-10-11T06:46:05.709+0000][gc,start      ] GC(24) Pause Young (Normal) (G1 Evacuation Pause)
[2021-10-11T06:46:05.709+0000][gc,task       ] GC(24) Using 8 workers of 8 for evacuation
[2021-10-11T06:46:05.719+0000][gc,phases     ] GC(24)   Pre Evacuate Collection Set: 0.0ms
[2021-10-11T06:46:05.719+0000][gc,phases     ] GC(24)   Evacuate Collection Set: 9.0ms
[2021-10-11T06:46:05.719+0000][gc,phases     ] GC(24)   Post Evacuate Collection Set: 0.4ms
[2021-10-11T06:46:05.719+0000][gc,phases     ] GC(24)   Other: 0.2ms
[2021-10-11T06:46:05.719+0000][gc,heap       ] GC(24) Eden regions: 151->0(176)
[2021-10-11T06:46:05.719+0000][gc,heap       ] GC(24) Survivor regions: 3->3(20)
[2021-10-11T06:46:05.719+0000][gc,heap       ] GC(24) Old regions: 13->13
[2021-10-11T06:46:05.719+0000][gc,heap       ] GC(24) Humongous regions: 129->129
[2021-10-11T06:46:05.719+0000][gc,metaspace  ] GC(24) Metaspace: 38679K->38679K(1085440K)
[2021-10-11T06:46:05.719+0000][gc            ] GC(24) Pause Young (Normal) (G1 Evacuation Pause) 293M->143M(1024M) 9.704ms
[2021-10-11T06:46:05.719+0000][gc,cpu        ] GC(24) User=0.01s Sys=0.01s Real=0.01s
[2021-10-11T06:46:08.586+0000][gc,start      ] GC(25) Pause Young (Normal) (G1 Evacuation Pause)
[2021-10-11T06:46:08.586+0000][gc,task       ] GC(25) Using 8 workers of 8 for evacuation
[2021-10-11T06:46:08.596+0000][gc,phases     ] GC(25)   Pre Evacuate Collection Set: 0.2ms
[2021-10-11T06:46:08.596+0000][gc,phases     ] GC(25)   Evacuate Collection Set: 8.9ms
[2021-10-11T06:46:08.596+0000][gc,phases     ] GC(25)   Post Evacuate Collection Set: 0.5ms
[2021-10-11T06:46:08.596+0000][gc,phases     ] GC(25)   Other: 0.3ms
[2021-10-11T06:46:08.596+0000][gc,heap       ] GC(25) Eden regions: 176->0(202)
[2021-10-11T06:46:08.596+0000][gc,heap       ] GC(25) Survivor regions: 3->3(23)
[2021-10-11T06:46:08.596+0000][gc,heap       ] GC(25) Old regions: 13->13
[2021-10-11T06:46:08.596+0000][gc,heap       ] GC(25) Humongous regions: 129->129
[2021-10-11T06:46:08.596+0000][gc,metaspace  ] GC(25) Metaspace: 38739K->38739K(1085440K)
[2021-10-11T06:46:08.596+0000][gc            ] GC(25) Pause Young (Normal) (G1 Evacuation Pause) 319M->143M(1024M) 9.880ms
[2021-10-11T06:46:08.596+0000][gc,cpu        ] GC(25) User=0.03s Sys=0.00s Real=0.01s
[2021-10-11T06:46:29.252+0000][gc,heap,exit  ] Heap
[2021-10-11T06:46:29.252+0000][gc,heap,exit  ]  garbage-first heap   total 1048576K, used 204956K [0x00000000c0000000, 0x0000000100000000)
[2021-10-11T06:46:29.252+0000][gc,heap,exit  ]   region size 1024K, 62 young (63488K), 3 survivors (3072K)
[2021-10-11T06:46:29.252+0000][gc,heap,exit  ]  Metaspace       used 39400K, capacity 41256K, committed 41472K, reserved 1085440K
[2021-10-11T06:46:29.252+0000][gc,heap,exit  ]   class space    used 4751K, capacity 5598K, committed 5632K, reserved 1048576K
