[2021-10-11T08:56:19.622+0000][gc,heap] Heap region size: 1M
[2021-10-11T08:56:19.630+0000][gc     ] Using G1
[2021-10-11T08:56:19.630+0000][gc,heap,coops] Heap address: 0x00000000c0000000, size: 1024 MB, Compressed Oops mode: 32-bit
[2021-10-11T08:56:19.631+0000][gc,cds       ] Mark closed archive regions in map: [0x00000000fff00000, 0x00000000fff6aff8]
[2021-10-11T08:56:19.631+0000][gc,cds       ] Mark open archive regions in map: [0x00000000ffe00000, 0x00000000ffe46ff8]
[2021-10-11T08:56:20.318+0000][gc,start     ] GC(0) Pause Young (Normal) (G1 Evacuation Pause)
[2021-10-11T08:56:20.318+0000][gc,task      ] GC(0) Using 8 workers of 8 for evacuation
[2021-10-11T08:56:20.327+0000][gc,phases    ] GC(0)   Pre Evacuate Collection Set: 0.0ms
[2021-10-11T08:56:20.327+0000][gc,phases    ] GC(0)   Evacuate Collection Set: 8.1ms
[2021-10-11T08:56:20.327+0000][gc,phases    ] GC(0)   Post Evacuate Collection Set: 0.4ms
[2021-10-11T08:56:20.327+0000][gc,phases    ] GC(0)   Other: 0.7ms
[2021-10-11T08:56:20.327+0000][gc,heap      ] GC(0) Eden regions: 51->0(44)
[2021-10-11T08:56:20.327+0000][gc,heap      ] GC(0) Survivor regions: 0->7(7)
[2021-10-11T08:56:20.327+0000][gc,heap      ] GC(0) Old regions: 2->2
[2021-10-11T08:56:20.327+0000][gc,heap      ] GC(0) Humongous regions: 0->0
[2021-10-11T08:56:20.327+0000][gc,metaspace ] GC(0) Metaspace: 15588K->15588K(1062912K)
[2021-10-11T08:56:20.327+0000][gc           ] GC(0) Pause Young (Normal) (G1 Evacuation Pause) 51M->6M(1024M) 9.323ms
[2021-10-11T08:56:20.327+0000][gc,cpu       ] GC(0) User=0.05s Sys=0.00s Real=0.01s
[2021-10-11T08:56:20.550+0000][gc,start     ] GC(1) Pause Young (Concurrent Start) (Metadata GC Threshold)
[2021-10-11T08:56:20.550+0000][gc,task      ] GC(1) Using 8 workers of 8 for evacuation
[2021-10-11T08:56:20.556+0000][gc,phases    ] GC(1)   Pre Evacuate Collection Set: 0.1ms
[2021-10-11T08:56:20.556+0000][gc,phases    ] GC(1)   Evacuate Collection Set: 5.9ms
[2021-10-11T08:56:20.556+0000][gc,phases    ] GC(1)   Post Evacuate Collection Set: 0.3ms
[2021-10-11T08:56:20.556+0000][gc,phases    ] GC(1)   Other: 0.2ms
[2021-10-11T08:56:20.556+0000][gc,heap      ] GC(1) Eden regions: 21->0(50)
[2021-10-11T08:56:20.556+0000][gc,heap      ] GC(1) Survivor regions: 7->1(7)
[2021-10-11T08:56:20.556+0000][gc,heap      ] GC(1) Old regions: 2->9
[2021-10-11T08:56:20.556+0000][gc,heap      ] GC(1) Humongous regions: 0->0
[2021-10-11T08:56:20.556+0000][gc,metaspace ] GC(1) Metaspace: 20588K->20588K(1067008K)
[2021-10-11T08:56:20.556+0000][gc           ] GC(1) Pause Young (Concurrent Start) (Metadata GC Threshold) 27M->7M(1024M) 6.511ms
[2021-10-11T08:56:20.556+0000][gc,cpu       ] GC(1) User=0.03s Sys=0.00s Real=0.01s
[2021-10-11T08:56:20.556+0000][gc           ] GC(2) Concurrent Cycle
[2021-10-11T08:56:20.556+0000][gc,marking   ] GC(2) Concurrent Clear Claimed Marks
[2021-10-11T08:56:20.556+0000][gc,marking   ] GC(2) Concurrent Clear Claimed Marks 0.017ms
[2021-10-11T08:56:20.556+0000][gc,marking   ] GC(2) Concurrent Scan Root Regions
[2021-10-11T08:56:20.557+0000][gc,marking   ] GC(2) Concurrent Scan Root Regions 0.635ms
[2021-10-11T08:56:20.557+0000][gc,marking   ] GC(2) Concurrent Mark (0.938s)
[2021-10-11T08:56:20.557+0000][gc,marking   ] GC(2) Concurrent Mark From Roots
[2021-10-11T08:56:20.557+0000][gc,task      ] GC(2) Using 2 workers of 2 for marking
[2021-10-11T08:56:20.561+0000][gc,marking   ] GC(2) Concurrent Mark From Roots 4.103ms
[2021-10-11T08:56:20.561+0000][gc,marking   ] GC(2) Concurrent Preclean
[2021-10-11T08:56:20.561+0000][gc,marking   ] GC(2) Concurrent Preclean 0.085ms
[2021-10-11T08:56:20.561+0000][gc,marking   ] GC(2) Concurrent Mark (0.938s, 0.942s) 4.216ms
[2021-10-11T08:56:20.561+0000][gc,start     ] GC(2) Pause Remark
[2021-10-11T08:56:20.563+0000][gc,stringtable] GC(2) Cleaned string and symbol table, strings: 5025 processed, 0 removed, symbols: 49748 processed, 42 removed
[2021-10-11T08:56:20.563+0000][gc            ] GC(2) Pause Remark 8M->8M(1024M) 1.330ms
[2021-10-11T08:56:20.563+0000][gc,cpu        ] GC(2) User=0.00s Sys=0.00s Real=0.00s
[2021-10-11T08:56:20.563+0000][gc,marking    ] GC(2) Concurrent Rebuild Remembered Sets
[2021-10-11T08:56:20.565+0000][gc,marking    ] GC(2) Concurrent Rebuild Remembered Sets 2.356ms
[2021-10-11T08:56:20.565+0000][gc,start      ] GC(2) Pause Cleanup
[2021-10-11T08:56:20.566+0000][gc            ] GC(2) Pause Cleanup 8M->8M(1024M) 0.185ms
[2021-10-11T08:56:20.566+0000][gc,cpu        ] GC(2) User=0.00s Sys=0.00s Real=0.00s
[2021-10-11T08:56:20.566+0000][gc,marking    ] GC(2) Concurrent Cleanup for Next Mark
[2021-10-11T08:56:20.569+0000][gc,marking    ] GC(2) Concurrent Cleanup for Next Mark 3.918ms
[2021-10-11T08:56:20.569+0000][gc            ] GC(2) Concurrent Cycle 13.119ms
[2021-10-11T08:56:21.158+0000][gc,start      ] GC(3) Pause Young (Normal) (G1 Evacuation Pause)
[2021-10-11T08:56:21.158+0000][gc,task       ] GC(3) Using 8 workers of 8 for evacuation
[2021-10-11T08:56:21.160+0000][gc,phases     ] GC(3)   Pre Evacuate Collection Set: 0.0ms
[2021-10-11T08:56:21.160+0000][gc,phases     ] GC(3)   Evacuate Collection Set: 1.9ms
[2021-10-11T08:56:21.160+0000][gc,phases     ] GC(3)   Post Evacuate Collection Set: 0.4ms
[2021-10-11T08:56:21.160+0000][gc,phases     ] GC(3)   Other: 0.1ms
[2021-10-11T08:56:21.160+0000][gc,heap       ] GC(3) Eden regions: 50->0(47)
[2021-10-11T08:56:21.160+0000][gc,heap       ] GC(3) Survivor regions: 1->4(7)
[2021-10-11T08:56:21.160+0000][gc,heap       ] GC(3) Old regions: 9->9
[2021-10-11T08:56:21.160+0000][gc,heap       ] GC(3) Humongous regions: 129->129
[2021-10-11T08:56:21.160+0000][gc,metaspace  ] GC(3) Metaspace: 29202K->29202K(1075200K)
[2021-10-11T08:56:21.160+0000][gc            ] GC(3) Pause Young (Normal) (G1 Evacuation Pause) 186M->139M(1024M) 2.416ms
[2021-10-11T08:56:21.160+0000][gc,cpu        ] GC(3) User=0.02s Sys=0.00s Real=0.00s
[2021-10-11T08:56:21.396+0000][gc,start      ] GC(4) Pause Young (Concurrent Start) (Metadata GC Threshold)
[2021-10-11T08:56:21.396+0000][gc,task       ] GC(4) Using 8 workers of 8 for evacuation
[2021-10-11T08:56:21.401+0000][gc,phases     ] GC(4)   Pre Evacuate Collection Set: 0.1ms
[2021-10-11T08:56:21.401+0000][gc,phases     ] GC(4)   Evacuate Collection Set: 4.1ms
[2021-10-11T08:56:21.401+0000][gc,phases     ] GC(4)   Post Evacuate Collection Set: 0.3ms
[2021-10-11T08:56:21.401+0000][gc,phases     ] GC(4)   Other: 0.2ms
[2021-10-11T08:56:21.401+0000][gc,heap       ] GC(4) Eden regions: 25->0(45)
[2021-10-11T08:56:21.401+0000][gc,heap       ] GC(4) Survivor regions: 4->6(7)
[2021-10-11T08:56:21.401+0000][gc,heap       ] GC(4) Old regions: 9->9
[2021-10-11T08:56:21.401+0000][gc,heap       ] GC(4) Humongous regions: 129->129
[2021-10-11T08:56:21.401+0000][gc,metaspace  ] GC(4) Metaspace: 34617K->34617K(1081344K)
[2021-10-11T08:56:21.401+0000][gc            ] GC(4) Pause Young (Concurrent Start) (Metadata GC Threshold) 164M->142M(1024M) 4.771ms
[2021-10-11T08:56:21.401+0000][gc,cpu        ] GC(4) User=0.02s Sys=0.01s Real=0.00s
[2021-10-11T08:56:21.401+0000][gc            ] GC(5) Concurrent Cycle
[2021-10-11T08:56:21.401+0000][gc,marking    ] GC(5) Concurrent Clear Claimed Marks
[2021-10-11T08:56:21.401+0000][gc,marking    ] GC(5) Concurrent Clear Claimed Marks 0.030ms
[2021-10-11T08:56:21.401+0000][gc,marking    ] GC(5) Concurrent Scan Root Regions
[2021-10-11T08:56:21.403+0000][gc,marking    ] GC(5) Concurrent Scan Root Regions 1.654ms
[2021-10-11T08:56:21.403+0000][gc,marking    ] GC(5) Concurrent Mark (1.783s)
[2021-10-11T08:56:21.403+0000][gc,marking    ] GC(5) Concurrent Mark From Roots
[2021-10-11T08:56:21.403+0000][gc,task       ] GC(5) Using 2 workers of 2 for marking
[2021-10-11T08:56:21.411+0000][gc,marking    ] GC(5) Concurrent Mark From Roots 7.932ms
[2021-10-11T08:56:21.411+0000][gc,marking    ] GC(5) Concurrent Preclean
[2021-10-11T08:56:21.411+0000][gc,marking    ] GC(5) Concurrent Preclean 0.076ms
[2021-10-11T08:56:21.411+0000][gc,marking    ] GC(5) Concurrent Mark (1.783s, 1.791s) 8.037ms
[2021-10-11T08:56:21.411+0000][gc,start      ] GC(5) Pause Remark
[2021-10-11T08:56:21.412+0000][gc,stringtable] GC(5) Cleaned string and symbol table, strings: 10265 processed, 11 removed, symbols: 81476 processed, 11 removed
[2021-10-11T08:56:21.413+0000][gc            ] GC(5) Pause Remark 143M->143M(1024M) 1.736ms
[2021-10-11T08:56:21.413+0000][gc,cpu        ] GC(5) User=0.01s Sys=0.00s Real=0.00s
[2021-10-11T08:56:21.413+0000][gc,marking    ] GC(5) Concurrent Rebuild Remembered Sets
[2021-10-11T08:56:21.415+0000][gc,marking    ] GC(5) Concurrent Rebuild Remembered Sets 2.442ms
[2021-10-11T08:56:21.415+0000][gc,start      ] GC(5) Pause Cleanup
[2021-10-11T08:56:21.416+0000][gc            ] GC(5) Pause Cleanup 144M->144M(1024M) 0.172ms
[2021-10-11T08:56:21.416+0000][gc,cpu        ] GC(5) User=0.01s Sys=0.00s Real=0.01s
[2021-10-11T08:56:21.416+0000][gc,marking    ] GC(5) Concurrent Cleanup for Next Mark
[2021-10-11T08:56:21.422+0000][gc,marking    ] GC(5) Concurrent Cleanup for Next Mark 6.285ms
[2021-10-11T08:56:21.422+0000][gc            ] GC(5) Concurrent Cycle 20.950ms
[2021-10-11T08:56:42.560+0000][gc,heap,exit  ] Heap
[2021-10-11T08:56:42.560+0000][gc,heap,exit  ]  garbage-first heap   total 1048576K, used 185641K [0x00000000c0000000, 0x0000000100000000)
[2021-10-11T08:56:42.560+0000][gc,heap,exit  ]   region size 1024K, 35 young (35840K), 6 survivors (6144K)
[2021-10-11T08:56:42.560+0000][gc,heap,exit  ]  Metaspace       used 38377K, capacity 40108K, committed 40396K, reserved 1083392K
[2021-10-11T08:56:42.560+0000][gc,heap,exit  ]   class space    used 4704K, capacity 5529K, committed 5580K, reserved 1048576K
