[2021-10-11T06:46:29.840+0000][gc,heap] Heap region size: 1M
[2021-10-11T06:46:29.848+0000][gc     ] Using G1
[2021-10-11T06:46:29.848+0000][gc,heap,coops] Heap address: 0x00000000c0000000, size: 1024 MB, Compressed Oops mode: 32-bit
[2021-10-11T06:46:29.848+0000][gc,cds       ] Mark closed archive regions in map: [0x00000000fff00000, 0x00000000fff6aff8]
[2021-10-11T06:46:29.848+0000][gc,cds       ] Mark open archive regions in map: [0x00000000ffe00000, 0x00000000ffe46ff8]
[2021-10-11T06:46:30.512+0000][gc,start     ] GC(0) Pause Young (Normal) (G1 Evacuation Pause)
[2021-10-11T06:46:30.513+0000][gc,task      ] GC(0) Using 8 workers of 8 for evacuation
[2021-10-11T06:46:30.521+0000][gc,phases    ] GC(0)   Pre Evacuate Collection Set: 0.0ms
[2021-10-11T06:46:30.521+0000][gc,phases    ] GC(0)   Evacuate Collection Set: 8.1ms
[2021-10-11T06:46:30.521+0000][gc,phases    ] GC(0)   Post Evacuate Collection Set: 0.4ms
[2021-10-11T06:46:30.521+0000][gc,phases    ] GC(0)   Other: 0.7ms
[2021-10-11T06:46:30.521+0000][gc,heap      ] GC(0) Eden regions: 51->0(44)
[2021-10-11T06:46:30.521+0000][gc,heap      ] GC(0) Survivor regions: 0->7(7)
[2021-10-11T06:46:30.521+0000][gc,heap      ] GC(0) Old regions: 2->2
[2021-10-11T06:46:30.521+0000][gc,heap      ] GC(0) Humongous regions: 0->0
[2021-10-11T06:46:30.521+0000][gc,metaspace ] GC(0) Metaspace: 15573K->15573K(1062912K)
[2021-10-11T06:46:30.521+0000][gc           ] GC(0) Pause Young (Normal) (G1 Evacuation Pause) 51M->7M(1024M) 9.238ms
[2021-10-11T06:46:30.521+0000][gc,cpu       ] GC(0) User=0.05s Sys=0.01s Real=0.01s
[2021-10-11T06:46:30.707+0000][gc,start     ] GC(1) Pause Young (Concurrent Start) (Metadata GC Threshold)
[2021-10-11T06:46:30.707+0000][gc,task      ] GC(1) Using 8 workers of 8 for evacuation
[2021-10-11T06:46:30.721+0000][gc,phases    ] GC(1)   Pre Evacuate Collection Set: 0.0ms
[2021-10-11T06:46:30.721+0000][gc,phases    ] GC(1)   Evacuate Collection Set: 13.7ms
[2021-10-11T06:46:30.721+0000][gc,phases    ] GC(1)   Post Evacuate Collection Set: 0.3ms
[2021-10-11T06:46:30.721+0000][gc,phases    ] GC(1)   Other: 0.2ms
[2021-10-11T06:46:30.721+0000][gc,heap      ] GC(1) Eden regions: 21->0(50)
[2021-10-11T06:46:30.721+0000][gc,heap      ] GC(1) Survivor regions: 7->1(7)
[2021-10-11T06:46:30.721+0000][gc,heap      ] GC(1) Old regions: 2->9
[2021-10-11T06:46:30.721+0000][gc,heap      ] GC(1) Humongous regions: 0->0
[2021-10-11T06:46:30.721+0000][gc,metaspace ] GC(1) Metaspace: 20581K->20581K(1067008K)
[2021-10-11T06:46:30.722+0000][gc           ] GC(1) Pause Young (Concurrent Start) (Metadata GC Threshold) 27M->7M(1024M) 14.380ms
[2021-10-11T06:46:30.722+0000][gc,cpu       ] GC(1) User=0.07s Sys=0.00s Real=0.01s
[2021-10-11T06:46:30.722+0000][gc           ] GC(2) Concurrent Cycle
[2021-10-11T06:46:30.722+0000][gc,marking   ] GC(2) Concurrent Clear Claimed Marks
[2021-10-11T06:46:30.722+0000][gc,marking   ] GC(2) Concurrent Clear Claimed Marks 0.026ms
[2021-10-11T06:46:30.722+0000][gc,marking   ] GC(2) Concurrent Scan Root Regions
[2021-10-11T06:46:30.722+0000][gc,marking   ] GC(2) Concurrent Scan Root Regions 0.638ms
[2021-10-11T06:46:30.722+0000][gc,marking   ] GC(2) Concurrent Mark (0.885s)
[2021-10-11T06:46:30.722+0000][gc,marking   ] GC(2) Concurrent Mark From Roots
[2021-10-11T06:46:30.722+0000][gc,task      ] GC(2) Using 2 workers of 2 for marking
[2021-10-11T06:46:30.728+0000][gc,marking   ] GC(2) Concurrent Mark From Roots 5.560ms
[2021-10-11T06:46:30.728+0000][gc,marking   ] GC(2) Concurrent Preclean
[2021-10-11T06:46:30.728+0000][gc,marking   ] GC(2) Concurrent Preclean 0.081ms
[2021-10-11T06:46:30.728+0000][gc,marking   ] GC(2) Concurrent Mark (0.885s, 0.891s) 5.663ms
[2021-10-11T06:46:30.728+0000][gc,start     ] GC(2) Pause Remark
[2021-10-11T06:46:30.730+0000][gc,stringtable] GC(2) Cleaned string and symbol table, strings: 5028 processed, 0 removed, symbols: 49797 processed, 42 removed
[2021-10-11T06:46:30.730+0000][gc            ] GC(2) Pause Remark 8M->8M(1024M) 1.693ms
[2021-10-11T06:46:30.730+0000][gc,cpu        ] GC(2) User=0.01s Sys=0.00s Real=0.00s
[2021-10-11T06:46:30.730+0000][gc,marking    ] GC(2) Concurrent Rebuild Remembered Sets
[2021-10-11T06:46:30.732+0000][gc,marking    ] GC(2) Concurrent Rebuild Remembered Sets 2.307ms
[2021-10-11T06:46:30.732+0000][gc,start      ] GC(2) Pause Cleanup
[2021-10-11T06:46:30.732+0000][gc            ] GC(2) Pause Cleanup 8M->8M(1024M) 0.162ms
[2021-10-11T06:46:30.732+0000][gc,cpu        ] GC(2) User=0.00s Sys=0.00s Real=0.00s
[2021-10-11T06:46:30.732+0000][gc,marking    ] GC(2) Concurrent Cleanup for Next Mark
[2021-10-11T06:46:30.736+0000][gc,marking    ] GC(2) Concurrent Cleanup for Next Mark 3.799ms
[2021-10-11T06:46:30.736+0000][gc            ] GC(2) Concurrent Cycle 14.617ms
[2021-10-11T06:46:31.247+0000][gc,start      ] GC(3) Pause Young (Normal) (G1 Evacuation Pause)
[2021-10-11T06:46:31.247+0000][gc,task       ] GC(3) Using 8 workers of 8 for evacuation
[2021-10-11T06:46:31.250+0000][gc,phases     ] GC(3)   Pre Evacuate Collection Set: 0.0ms
[2021-10-11T06:46:31.250+0000][gc,phases     ] GC(3)   Evacuate Collection Set: 2.8ms
[2021-10-11T06:46:31.250+0000][gc,phases     ] GC(3)   Post Evacuate Collection Set: 0.4ms
[2021-10-11T06:46:31.250+0000][gc,phases     ] GC(3)   Other: 0.1ms
[2021-10-11T06:46:31.250+0000][gc,heap       ] GC(3) Eden regions: 50->0(46)
[2021-10-11T06:46:31.250+0000][gc,heap       ] GC(3) Survivor regions: 1->5(7)
[2021-10-11T06:46:31.250+0000][gc,heap       ] GC(3) Old regions: 9->9
[2021-10-11T06:46:31.250+0000][gc,heap       ] GC(3) Humongous regions: 129->129
[2021-10-11T06:46:31.250+0000][gc,metaspace  ] GC(3) Metaspace: 30551K->30551K(1077248K)
[2021-10-11T06:46:31.250+0000][gc            ] GC(3) Pause Young (Normal) (G1 Evacuation Pause) 186M->140M(1024M) 3.367ms
[2021-10-11T06:46:31.250+0000][gc,cpu        ] GC(3) User=0.01s Sys=0.00s Real=0.00s
[2021-10-11T06:46:31.359+0000][gc,start      ] GC(4) Pause Young (Concurrent Start) (Metadata GC Threshold)
[2021-10-11T06:46:31.359+0000][gc,task       ] GC(4) Using 8 workers of 8 for evacuation
[2021-10-11T06:46:31.364+0000][gc,phases     ] GC(4)   Pre Evacuate Collection Set: 0.1ms
[2021-10-11T06:46:31.364+0000][gc,phases     ] GC(4)   Evacuate Collection Set: 4.6ms
[2021-10-11T06:46:31.364+0000][gc,phases     ] GC(4)   Post Evacuate Collection Set: 0.3ms
[2021-10-11T06:46:31.364+0000][gc,phases     ] GC(4)   Other: 0.2ms
[2021-10-11T06:46:31.364+0000][gc,heap       ] GC(4) Eden regions: 18->0(49)
[2021-10-11T06:46:31.364+0000][gc,heap       ] GC(4) Survivor regions: 5->2(7)
[2021-10-11T06:46:31.364+0000][gc,heap       ] GC(4) Old regions: 9->13
[2021-10-11T06:46:31.364+0000][gc,heap       ] GC(4) Humongous regions: 129->129
[2021-10-11T06:46:31.364+0000][gc,metaspace  ] GC(4) Metaspace: 34428K->34428K(1081344K)
[2021-10-11T06:46:31.364+0000][gc            ] GC(4) Pause Young (Concurrent Start) (Metadata GC Threshold) 157M->141M(1024M) 5.285ms
[2021-10-11T06:46:31.364+0000][gc,cpu        ] GC(4) User=0.01s Sys=0.01s Real=0.01s
[2021-10-11T06:46:31.364+0000][gc            ] GC(5) Concurrent Cycle
[2021-10-11T06:46:31.364+0000][gc,marking    ] GC(5) Concurrent Clear Claimed Marks
[2021-10-11T06:46:31.364+0000][gc,marking    ] GC(5) Concurrent Clear Claimed Marks 0.022ms
[2021-10-11T06:46:31.364+0000][gc,marking    ] GC(5) Concurrent Scan Root Regions
[2021-10-11T06:46:31.365+0000][gc,marking    ] GC(5) Concurrent Scan Root Regions 0.714ms
[2021-10-11T06:46:31.365+0000][gc,marking    ] GC(5) Concurrent Mark (1.528s)
[2021-10-11T06:46:31.365+0000][gc,marking    ] GC(5) Concurrent Mark From Roots
[2021-10-11T06:46:31.365+0000][gc,task       ] GC(5) Using 2 workers of 2 for marking
[2021-10-11T06:46:31.373+0000][gc,marking    ] GC(5) Concurrent Mark From Roots 7.779ms
[2021-10-11T06:46:31.373+0000][gc,marking    ] GC(5) Concurrent Preclean
[2021-10-11T06:46:31.373+0000][gc,marking    ] GC(5) Concurrent Preclean 0.082ms
[2021-10-11T06:46:31.373+0000][gc,marking    ] GC(5) Concurrent Mark (1.528s, 1.536s) 7.891ms
[2021-10-11T06:46:31.373+0000][gc,start      ] GC(5) Pause Remark
[2021-10-11T06:46:31.375+0000][gc,stringtable] GC(5) Cleaned string and symbol table, strings: 10044 processed, 11 removed, symbols: 81664 processed, 11 removed
[2021-10-11T06:46:31.375+0000][gc            ] GC(5) Pause Remark 143M->143M(1024M) 2.127ms
[2021-10-11T06:46:31.375+0000][gc,cpu        ] GC(5) User=0.01s Sys=0.00s Real=0.00s
[2021-10-11T06:46:31.375+0000][gc,marking    ] GC(5) Concurrent Rebuild Remembered Sets
[2021-10-11T06:46:31.380+0000][gc,marking    ] GC(5) Concurrent Rebuild Remembered Sets 5.288ms
[2021-10-11T06:46:31.380+0000][gc,start      ] GC(5) Pause Cleanup
[2021-10-11T06:46:31.381+0000][gc            ] GC(5) Pause Cleanup 144M->144M(1024M) 0.174ms
[2021-10-11T06:46:31.381+0000][gc,cpu        ] GC(5) User=0.00s Sys=0.00s Real=0.00s
[2021-10-11T06:46:31.381+0000][gc,marking    ] GC(5) Concurrent Cleanup for Next Mark
[2021-10-11T06:46:31.385+0000][gc,marking    ] GC(5) Concurrent Cleanup for Next Mark 4.199ms
[2021-10-11T06:46:31.385+0000][gc            ] GC(5) Concurrent Cycle 20.942ms
[2021-10-11T06:47:01.971+0000][gc,start      ] GC(6) Pause Young (Normal) (G1 Evacuation Pause)
[2021-10-11T06:47:01.971+0000][gc,task       ] GC(6) Using 8 workers of 8 for evacuation
[2021-10-11T06:47:01.977+0000][gc,phases     ] GC(6)   Pre Evacuate Collection Set: 0.0ms
[2021-10-11T06:47:01.977+0000][gc,phases     ] GC(6)   Evacuate Collection Set: 5.5ms
[2021-10-11T06:47:01.977+0000][gc,phases     ] GC(6)   Post Evacuate Collection Set: 0.4ms
[2021-10-11T06:47:01.977+0000][gc,phases     ] GC(6)   Other: 0.1ms
[2021-10-11T06:47:01.977+0000][gc,heap       ] GC(6) Eden regions: 49->0(48)
[2021-10-11T06:47:01.977+0000][gc,heap       ] GC(6) Survivor regions: 2->3(7)
[2021-10-11T06:47:01.977+0000][gc,heap       ] GC(6) Old regions: 13->13
[2021-10-11T06:47:01.977+0000][gc,heap       ] GC(6) Humongous regions: 129->129
[2021-10-11T06:47:01.977+0000][gc,metaspace  ] GC(6) Metaspace: 38361K->38361K(1083392K)
[2021-10-11T06:47:01.977+0000][gc            ] GC(6) Pause Young (Normal) (G1 Evacuation Pause) 190M->142M(1024M) 6.107ms
[2021-10-11T06:47:01.977+0000][gc,cpu        ] GC(6) User=0.02s Sys=0.00s Real=0.01s
[2021-10-11T06:47:02.716+0000][gc,start      ] GC(7) Pause Young (Normal) (G1 Evacuation Pause)
[2021-10-11T06:47:02.716+0000][gc,task       ] GC(7) Using 8 workers of 8 for evacuation
[2021-10-11T06:47:02.720+0000][gc,phases     ] GC(7)   Pre Evacuate Collection Set: 0.0ms
[2021-10-11T06:47:02.720+0000][gc,phases     ] GC(7)   Evacuate Collection Set: 3.8ms
[2021-10-11T06:47:02.720+0000][gc,phases     ] GC(7)   Post Evacuate Collection Set: 0.4ms
[2021-10-11T06:47:02.720+0000][gc,phases     ] GC(7)   Other: 0.1ms
[2021-10-11T06:47:02.720+0000][gc,heap       ] GC(7) Eden regions: 48->0(48)
[2021-10-11T06:47:02.720+0000][gc,heap       ] GC(7) Survivor regions: 3->3(7)
[2021-10-11T06:47:02.720+0000][gc,heap       ] GC(7) Old regions: 13->13
[2021-10-11T06:47:02.720+0000][gc,heap       ] GC(7) Humongous regions: 129->129
[2021-10-11T06:47:02.720+0000][gc,metaspace  ] GC(7) Metaspace: 38460K->38460K(1085440K)
[2021-10-11T06:47:02.720+0000][gc            ] GC(7) Pause Young (Normal) (G1 Evacuation Pause) 190M->142M(1024M) 4.413ms
[2021-10-11T06:47:02.720+0000][gc,cpu        ] GC(7) User=0.02s Sys=0.00s Real=0.00s
[2021-10-11T06:47:03.498+0000][gc,start      ] GC(8) Pause Young (Normal) (G1 Evacuation Pause)
[2021-10-11T06:47:03.499+0000][gc,task       ] GC(8) Using 8 workers of 8 for evacuation
[2021-10-11T06:47:03.501+0000][gc,phases     ] GC(8)   Pre Evacuate Collection Set: 0.0ms
[2021-10-11T06:47:03.501+0000][gc,phases     ] GC(8)   Evacuate Collection Set: 2.0ms
[2021-10-11T06:47:03.501+0000][gc,phases     ] GC(8)   Post Evacuate Collection Set: 0.4ms
[2021-10-11T06:47:03.501+0000][gc,phases     ] GC(8)   Other: 0.1ms
[2021-10-11T06:47:03.501+0000][gc,heap       ] GC(8) Eden regions: 48->0(48)
[2021-10-11T06:47:03.501+0000][gc,heap       ] GC(8) Survivor regions: 3->3(7)
[2021-10-11T06:47:03.501+0000][gc,heap       ] GC(8) Old regions: 13->13
[2021-10-11T06:47:03.501+0000][gc,heap       ] GC(8) Humongous regions: 129->129
[2021-10-11T06:47:03.501+0000][gc,metaspace  ] GC(8) Metaspace: 38478K->38478K(1085440K)
[2021-10-11T06:47:03.501+0000][gc            ] GC(8) Pause Young (Normal) (G1 Evacuation Pause) 190M->142M(1024M) 2.620ms
[2021-10-11T06:47:03.501+0000][gc,cpu        ] GC(8) User=0.01s Sys=0.00s Real=0.00s
[2021-10-11T06:47:04.292+0000][gc,start      ] GC(9) Pause Young (Normal) (G1 Evacuation Pause)
[2021-10-11T06:47:04.292+0000][gc,task       ] GC(9) Using 8 workers of 8 for evacuation
[2021-10-11T06:47:04.294+0000][gc,phases     ] GC(9)   Pre Evacuate Collection Set: 0.0ms
[2021-10-11T06:47:04.294+0000][gc,phases     ] GC(9)   Evacuate Collection Set: 1.8ms
[2021-10-11T06:47:04.294+0000][gc,phases     ] GC(9)   Post Evacuate Collection Set: 0.3ms
[2021-10-11T06:47:04.294+0000][gc,phases     ] GC(9)   Other: 0.1ms
[2021-10-11T06:47:04.294+0000][gc,heap       ] GC(9) Eden regions: 48->0(57)
[2021-10-11T06:47:04.294+0000][gc,heap       ] GC(9) Survivor regions: 3->3(7)
[2021-10-11T06:47:04.294+0000][gc,heap       ] GC(9) Old regions: 13->13
[2021-10-11T06:47:04.294+0000][gc,heap       ] GC(9) Humongous regions: 129->129
[2021-10-11T06:47:04.294+0000][gc,metaspace  ] GC(9) Metaspace: 38478K->38478K(1085440K)
[2021-10-11T06:47:04.294+0000][gc            ] GC(9) Pause Young (Normal) (G1 Evacuation Pause) 190M->142M(1024M) 2.359ms
[2021-10-11T06:47:04.294+0000][gc,cpu        ] GC(9) User=0.01s Sys=0.00s Real=0.00s
[2021-10-11T06:47:05.242+0000][gc,start      ] GC(10) Pause Young (Normal) (G1 Evacuation Pause)
[2021-10-11T06:47:05.242+0000][gc,task       ] GC(10) Using 8 workers of 8 for evacuation
[2021-10-11T06:47:05.245+0000][gc,phases     ] GC(10)   Pre Evacuate Collection Set: 0.0ms
[2021-10-11T06:47:05.245+0000][gc,phases     ] GC(10)   Evacuate Collection Set: 2.1ms
[2021-10-11T06:47:05.245+0000][gc,phases     ] GC(10)   Post Evacuate Collection Set: 0.4ms
[2021-10-11T06:47:05.245+0000][gc,phases     ] GC(10)   Other: 0.1ms
[2021-10-11T06:47:05.245+0000][gc,heap       ] GC(10) Eden regions: 57->0(518)
[2021-10-11T06:47:05.245+0000][gc,heap       ] GC(10) Survivor regions: 3->3(8)
[2021-10-11T06:47:05.245+0000][gc,heap       ] GC(10) Old regions: 13->13
[2021-10-11T06:47:05.245+0000][gc,heap       ] GC(10) Humongous regions: 129->129
[2021-10-11T06:47:05.245+0000][gc,metaspace  ] GC(10) Metaspace: 38478K->38478K(1085440K)
[2021-10-11T06:47:05.245+0000][gc            ] GC(10) Pause Young (Normal) (G1 Evacuation Pause) 199M->142M(1024M) 2.723ms
[2021-10-11T06:47:05.245+0000][gc,cpu        ] GC(10) User=0.01s Sys=0.00s Real=0.01s
[2021-10-11T06:48:06.499+0000][gc,start      ] GC(11) Pause Young (Normal) (G1 Evacuation Pause)
[2021-10-11T06:48:06.499+0000][gc,task       ] GC(11) Using 8 workers of 8 for evacuation
[2021-10-11T06:48:06.503+0000][gc,phases     ] GC(11)   Pre Evacuate Collection Set: 0.2ms
[2021-10-11T06:48:06.503+0000][gc,phases     ] GC(11)   Evacuate Collection Set: 3.1ms
[2021-10-11T06:48:06.503+0000][gc,phases     ] GC(11)   Post Evacuate Collection Set: 0.8ms
[2021-10-11T06:48:06.503+0000][gc,phases     ] GC(11)   Other: 0.4ms
[2021-10-11T06:48:06.503+0000][gc,heap       ] GC(11) Eden regions: 518->0(521)
[2021-10-11T06:48:06.503+0000][gc,heap       ] GC(11) Survivor regions: 3->3(66)
[2021-10-11T06:48:06.503+0000][gc,heap       ] GC(11) Old regions: 13->13
[2021-10-11T06:48:06.503+0000][gc,heap       ] GC(11) Humongous regions: 155->129
[2021-10-11T06:48:06.503+0000][gc,metaspace  ] GC(11) Metaspace: 38519K->38519K(1085440K)
[2021-10-11T06:48:06.503+0000][gc            ] GC(11) Pause Young (Normal) (G1 Evacuation Pause) 686M->142M(1024M) 4.422ms
[2021-10-11T06:48:06.503+0000][gc,cpu        ] GC(11) User=0.01s Sys=0.01s Real=0.00s
[2021-10-11T06:48:27.730+0000][gc,heap,exit  ] Heap
[2021-10-11T06:48:27.730+0000][gc,heap,exit  ]  garbage-first heap   total 1048576K, used 351076K [0x00000000c0000000, 0x0000000100000000)
[2021-10-11T06:48:27.730+0000][gc,heap,exit  ]   region size 1024K, 205 young (209920K), 3 survivors (3072K)
[2021-10-11T06:48:27.730+0000][gc,heap,exit  ]  Metaspace       used 39281K, capacity 41138K, committed 41216K, reserved 1085440K
[2021-10-11T06:48:27.730+0000][gc,heap,exit  ]   class space    used 4735K, capacity 5578K, committed 5632K, reserved 1048576K
