[2021-10-11T06:49:48.052+0000][gc,heap] Heap region size: 1M
[2021-10-11T06:49:48.060+0000][gc     ] Using G1
[2021-10-11T06:49:48.060+0000][gc,heap,coops] Heap address: 0x00000000c0000000, size: 1024 MB, Compressed Oops mode: 32-bit
[2021-10-11T06:49:48.060+0000][gc,cds       ] Mark closed archive regions in map: [0x00000000fff00000, 0x00000000fff6aff8]
[2021-10-11T06:49:48.060+0000][gc,cds       ] Mark open archive regions in map: [0x00000000ffe00000, 0x00000000ffe46ff8]
[2021-10-11T06:49:48.744+0000][gc,start     ] GC(0) Pause Young (Normal) (G1 Evacuation Pause)
[2021-10-11T06:49:48.744+0000][gc,task      ] GC(0) Using 8 workers of 8 for evacuation
[2021-10-11T06:49:48.750+0000][gc,phases    ] GC(0)   Pre Evacuate Collection Set: 0.0ms
[2021-10-11T06:49:48.750+0000][gc,phases    ] GC(0)   Evacuate Collection Set: 5.7ms
[2021-10-11T06:49:48.750+0000][gc,phases    ] GC(0)   Post Evacuate Collection Set: 0.4ms
[2021-10-11T06:49:48.750+0000][gc,phases    ] GC(0)   Other: 0.6ms
[2021-10-11T06:49:48.750+0000][gc,heap      ] GC(0) Eden regions: 51->0(44)
[2021-10-11T06:49:48.750+0000][gc,heap      ] GC(0) Survivor regions: 0->7(7)
[2021-10-11T06:49:48.750+0000][gc,heap      ] GC(0) Old regions: 2->2
[2021-10-11T06:49:48.750+0000][gc,heap      ] GC(0) Humongous regions: 0->0
[2021-10-11T06:49:48.750+0000][gc,metaspace ] GC(0) Metaspace: 15317K->15317K(1062912K)
[2021-10-11T06:49:48.750+0000][gc           ] GC(0) Pause Young (Normal) (G1 Evacuation Pause) 51M->7M(1024M) 6.790ms
[2021-10-11T06:49:48.750+0000][gc,cpu       ] GC(0) User=0.03s Sys=0.00s Real=0.00s
[2021-10-11T06:49:48.956+0000][gc,start     ] GC(1) Pause Young (Concurrent Start) (Metadata GC Threshold)
[2021-10-11T06:49:48.956+0000][gc,task      ] GC(1) Using 8 workers of 8 for evacuation
[2021-10-11T06:49:48.964+0000][gc,phases    ] GC(1)   Pre Evacuate Collection Set: 0.0ms
[2021-10-11T06:49:48.964+0000][gc,phases    ] GC(1)   Evacuate Collection Set: 7.6ms
[2021-10-11T06:49:48.964+0000][gc,phases    ] GC(1)   Post Evacuate Collection Set: 0.3ms
[2021-10-11T06:49:48.964+0000][gc,phases    ] GC(1)   Other: 0.2ms
[2021-10-11T06:49:48.964+0000][gc,heap      ] GC(1) Eden regions: 22->0(50)
[2021-10-11T06:49:48.964+0000][gc,heap      ] GC(1) Survivor regions: 7->1(7)
[2021-10-11T06:49:48.964+0000][gc,heap      ] GC(1) Old regions: 2->9
[2021-10-11T06:49:48.964+0000][gc,heap      ] GC(1) Humongous regions: 0->0
[2021-10-11T06:49:48.964+0000][gc,metaspace ] GC(1) Metaspace: 20579K->20579K(1067008K)
[2021-10-11T06:49:48.964+0000][gc           ] GC(1) Pause Young (Concurrent Start) (Metadata GC Threshold) 28M->7M(1024M) 8.297ms
[2021-10-11T06:49:48.964+0000][gc,cpu       ] GC(1) User=0.02s Sys=0.00s Real=0.01s
[2021-10-11T06:49:48.964+0000][gc           ] GC(2) Concurrent Cycle
[2021-10-11T06:49:48.964+0000][gc,marking   ] GC(2) Concurrent Clear Claimed Marks
[2021-10-11T06:49:48.964+0000][gc,marking   ] GC(2) Concurrent Clear Claimed Marks 0.018ms
[2021-10-11T06:49:48.964+0000][gc,marking   ] GC(2) Concurrent Scan Root Regions
[2021-10-11T06:49:48.965+0000][gc,marking   ] GC(2) Concurrent Scan Root Regions 0.617ms
[2021-10-11T06:49:48.965+0000][gc,marking   ] GC(2) Concurrent Mark (0.915s)
[2021-10-11T06:49:48.965+0000][gc,marking   ] GC(2) Concurrent Mark From Roots
[2021-10-11T06:49:48.965+0000][gc,task      ] GC(2) Using 2 workers of 2 for marking
[2021-10-11T06:49:48.969+0000][gc,marking   ] GC(2) Concurrent Mark From Roots 4.396ms
[2021-10-11T06:49:48.969+0000][gc,marking   ] GC(2) Concurrent Preclean
[2021-10-11T06:49:48.969+0000][gc,marking   ] GC(2) Concurrent Preclean 0.081ms
[2021-10-11T06:49:48.969+0000][gc,marking   ] GC(2) Concurrent Mark (0.915s, 0.920s) 4.495ms
[2021-10-11T06:49:48.969+0000][gc,start     ] GC(2) Pause Remark
[2021-10-11T06:49:48.971+0000][gc,stringtable] GC(2) Cleaned string and symbol table, strings: 5026 processed, 0 removed, symbols: 49746 processed, 42 removed
[2021-10-11T06:49:48.971+0000][gc            ] GC(2) Pause Remark 8M->8M(1024M) 1.625ms
[2021-10-11T06:49:48.971+0000][gc,cpu        ] GC(2) User=0.01s Sys=0.00s Real=0.00s
[2021-10-11T06:49:48.971+0000][gc,marking    ] GC(2) Concurrent Rebuild Remembered Sets
[2021-10-11T06:49:48.973+0000][gc,marking    ] GC(2) Concurrent Rebuild Remembered Sets 2.253ms
[2021-10-11T06:49:48.973+0000][gc,start      ] GC(2) Pause Cleanup
[2021-10-11T06:49:48.973+0000][gc            ] GC(2) Pause Cleanup 8M->8M(1024M) 0.172ms
[2021-10-11T06:49:48.973+0000][gc,cpu        ] GC(2) User=0.00s Sys=0.00s Real=0.00s
[2021-10-11T06:49:48.973+0000][gc,marking    ] GC(2) Concurrent Cleanup for Next Mark
[2021-10-11T06:49:48.977+0000][gc,marking    ] GC(2) Concurrent Cleanup for Next Mark 3.915ms
[2021-10-11T06:49:48.977+0000][gc            ] GC(2) Concurrent Cycle 13.351ms
[2021-10-11T06:49:49.534+0000][gc,start      ] GC(3) Pause Young (Normal) (G1 Evacuation Pause)
[2021-10-11T06:49:49.534+0000][gc,task       ] GC(3) Using 8 workers of 8 for evacuation
[2021-10-11T06:49:49.537+0000][gc,phases     ] GC(3)   Pre Evacuate Collection Set: 0.0ms
[2021-10-11T06:49:49.537+0000][gc,phases     ] GC(3)   Evacuate Collection Set: 2.5ms
[2021-10-11T06:49:49.537+0000][gc,phases     ] GC(3)   Post Evacuate Collection Set: 0.4ms
[2021-10-11T06:49:49.537+0000][gc,phases     ] GC(3)   Other: 0.1ms
[2021-10-11T06:49:49.537+0000][gc,heap       ] GC(3) Eden regions: 50->0(46)
[2021-10-11T06:49:49.537+0000][gc,heap       ] GC(3) Survivor regions: 1->5(7)
[2021-10-11T06:49:49.537+0000][gc,heap       ] GC(3) Old regions: 9->9
[2021-10-11T06:49:49.537+0000][gc,heap       ] GC(3) Humongous regions: 129->129
[2021-10-11T06:49:49.537+0000][gc,metaspace  ] GC(3) Metaspace: 29189K->29189K(1075200K)
[2021-10-11T06:49:49.537+0000][gc            ] GC(3) Pause Young (Normal) (G1 Evacuation Pause) 186M->140M(1024M) 3.077ms
[2021-10-11T06:49:49.537+0000][gc,cpu        ] GC(3) User=0.02s Sys=0.00s Real=0.01s
[2021-10-11T06:49:49.728+0000][gc,start      ] GC(4) Pause Young (Concurrent Start) (Metadata GC Threshold)
[2021-10-11T06:49:49.728+0000][gc,task       ] GC(4) Using 8 workers of 8 for evacuation
[2021-10-11T06:49:49.732+0000][gc,phases     ] GC(4)   Pre Evacuate Collection Set: 0.1ms
[2021-10-11T06:49:49.732+0000][gc,phases     ] GC(4)   Evacuate Collection Set: 2.9ms
[2021-10-11T06:49:49.732+0000][gc,phases     ] GC(4)   Post Evacuate Collection Set: 0.3ms
[2021-10-11T06:49:49.732+0000][gc,phases     ] GC(4)   Other: 0.2ms
[2021-10-11T06:49:49.732+0000][gc,heap       ] GC(4) Eden regions: 24->0(45)
[2021-10-11T06:49:49.732+0000][gc,heap       ] GC(4) Survivor regions: 5->6(7)
[2021-10-11T06:49:49.732+0000][gc,heap       ] GC(4) Old regions: 9->9
[2021-10-11T06:49:49.732+0000][gc,heap       ] GC(4) Humongous regions: 129->129
[2021-10-11T06:49:49.732+0000][gc,metaspace  ] GC(4) Metaspace: 34441K->34441K(1081344K)
[2021-10-11T06:49:49.732+0000][gc            ] GC(4) Pause Young (Concurrent Start) (Metadata GC Threshold) 163M->141M(1024M) 3.556ms
[2021-10-11T06:49:49.732+0000][gc,cpu        ] GC(4) User=0.02s Sys=0.01s Real=0.00s
[2021-10-11T06:49:49.732+0000][gc            ] GC(5) Concurrent Cycle
[2021-10-11T06:49:49.732+0000][gc,marking    ] GC(5) Concurrent Clear Claimed Marks
[2021-10-11T06:49:49.732+0000][gc,marking    ] GC(5) Concurrent Clear Claimed Marks 0.034ms
[2021-10-11T06:49:49.732+0000][gc,marking    ] GC(5) Concurrent Scan Root Regions
[2021-10-11T06:49:49.733+0000][gc,marking    ] GC(5) Concurrent Scan Root Regions 1.458ms
[2021-10-11T06:49:49.733+0000][gc,marking    ] GC(5) Concurrent Mark (1.684s)
[2021-10-11T06:49:49.733+0000][gc,marking    ] GC(5) Concurrent Mark From Roots
[2021-10-11T06:49:49.733+0000][gc,task       ] GC(5) Using 2 workers of 2 for marking
[2021-10-11T06:49:49.740+0000][gc,marking    ] GC(5) Concurrent Mark From Roots 6.420ms
[2021-10-11T06:49:49.740+0000][gc,marking    ] GC(5) Concurrent Preclean
[2021-10-11T06:49:49.740+0000][gc,marking    ] GC(5) Concurrent Preclean 0.083ms
[2021-10-11T06:49:49.740+0000][gc,marking    ] GC(5) Concurrent Mark (1.684s, 1.690s) 6.529ms
[2021-10-11T06:49:49.742+0000][gc,start      ] GC(5) Pause Remark
[2021-10-11T06:49:49.744+0000][gc,stringtable] GC(5) Cleaned string and symbol table, strings: 10231 processed, 11 removed, symbols: 81354 processed, 10 removed
[2021-10-11T06:49:49.744+0000][gc            ] GC(5) Pause Remark 143M->143M(1024M) 1.688ms
[2021-10-11T06:49:49.744+0000][gc,cpu        ] GC(5) User=0.01s Sys=0.00s Real=0.01s
[2021-10-11T06:49:49.744+0000][gc,marking    ] GC(5) Concurrent Rebuild Remembered Sets
[2021-10-11T06:49:49.746+0000][gc,marking    ] GC(5) Concurrent Rebuild Remembered Sets 2.493ms
[2021-10-11T06:49:49.746+0000][gc,start      ] GC(5) Pause Cleanup
[2021-10-11T06:49:49.747+0000][gc            ] GC(5) Pause Cleanup 143M->143M(1024M) 0.203ms
[2021-10-11T06:49:49.747+0000][gc,cpu        ] GC(5) User=0.00s Sys=0.00s Real=0.00s
[2021-10-11T06:49:49.747+0000][gc,marking    ] GC(5) Concurrent Cleanup for Next Mark
[2021-10-11T06:49:49.751+0000][gc,marking    ] GC(5) Concurrent Cleanup for Next Mark 3.842ms
[2021-10-11T06:49:49.751+0000][gc            ] GC(5) Concurrent Cycle 18.819ms
[2021-10-11T06:50:01.854+0000][gc,start      ] GC(6) Pause Young (Normal) (G1 Evacuation Pause)
[2021-10-11T06:50:01.854+0000][gc,task       ] GC(6) Using 8 workers of 8 for evacuation
[2021-10-11T06:50:01.859+0000][gc,phases     ] GC(6)   Pre Evacuate Collection Set: 0.0ms
[2021-10-11T06:50:01.859+0000][gc,phases     ] GC(6)   Evacuate Collection Set: 4.8ms
[2021-10-11T06:50:01.859+0000][gc,phases     ] GC(6)   Post Evacuate Collection Set: 0.5ms
[2021-10-11T06:50:01.860+0000][gc,phases     ] GC(6)   Other: 0.2ms
[2021-10-11T06:50:01.860+0000][gc,heap       ] GC(6) Eden regions: 45->0(47)
[2021-10-11T06:50:01.860+0000][gc,heap       ] GC(6) Survivor regions: 6->4(7)
[2021-10-11T06:50:01.860+0000][gc,heap       ] GC(6) Old regions: 9->13
[2021-10-11T06:50:01.860+0000][gc,heap       ] GC(6) Humongous regions: 135->129
[2021-10-11T06:50:01.860+0000][gc,metaspace  ] GC(6) Metaspace: 38756K->38756K(1085440K)
[2021-10-11T06:50:01.860+0000][gc            ] GC(6) Pause Young (Normal) (G1 Evacuation Pause) 192M->143M(1024M) 5.619ms
[2021-10-11T06:50:01.860+0000][gc,cpu        ] GC(6) User=0.03s Sys=0.00s Real=0.01s
[2021-10-11T06:50:02.653+0000][gc,start      ] GC(7) Pause Young (Normal) (G1 Evacuation Pause)
[2021-10-11T06:50:02.653+0000][gc,task       ] GC(7) Using 8 workers of 8 for evacuation
[2021-10-11T06:50:02.656+0000][gc,phases     ] GC(7)   Pre Evacuate Collection Set: 0.0ms
[2021-10-11T06:50:02.656+0000][gc,phases     ] GC(7)   Evacuate Collection Set: 2.1ms
[2021-10-11T06:50:02.656+0000][gc,phases     ] GC(7)   Post Evacuate Collection Set: 0.4ms
[2021-10-11T06:50:02.656+0000][gc,phases     ] GC(7)   Other: 0.1ms
[2021-10-11T06:50:02.656+0000][gc,heap       ] GC(7) Eden regions: 47->0(47)
[2021-10-11T06:50:02.656+0000][gc,heap       ] GC(7) Survivor regions: 4->4(7)
[2021-10-11T06:50:02.656+0000][gc,heap       ] GC(7) Old regions: 13->13
[2021-10-11T06:50:02.656+0000][gc,heap       ] GC(7) Humongous regions: 129->129
[2021-10-11T06:50:02.656+0000][gc,metaspace  ] GC(7) Metaspace: 38960K->38960K(1085440K)
[2021-10-11T06:50:02.656+0000][gc            ] GC(7) Pause Young (Normal) (G1 Evacuation Pause) 190M->143M(1024M) 2.660ms
[2021-10-11T06:50:02.656+0000][gc,cpu        ] GC(7) User=0.01s Sys=0.00s Real=0.01s
[2021-10-11T06:50:03.419+0000][gc,start      ] GC(8) Pause Young (Normal) (G1 Evacuation Pause)
[2021-10-11T06:50:03.419+0000][gc,task       ] GC(8) Using 8 workers of 8 for evacuation
[2021-10-11T06:50:03.422+0000][gc,phases     ] GC(8)   Pre Evacuate Collection Set: 0.0ms
[2021-10-11T06:50:03.422+0000][gc,phases     ] GC(8)   Evacuate Collection Set: 2.6ms
[2021-10-11T06:50:03.422+0000][gc,phases     ] GC(8)   Post Evacuate Collection Set: 0.4ms
[2021-10-11T06:50:03.422+0000][gc,phases     ] GC(8)   Other: 0.1ms
[2021-10-11T06:50:03.422+0000][gc,heap       ] GC(8) Eden regions: 47->0(48)
[2021-10-11T06:50:03.422+0000][gc,heap       ] GC(8) Survivor regions: 4->3(7)
[2021-10-11T06:50:03.422+0000][gc,heap       ] GC(8) Old regions: 13->15
[2021-10-11T06:50:03.422+0000][gc,heap       ] GC(8) Humongous regions: 129->129
[2021-10-11T06:50:03.422+0000][gc,metaspace  ] GC(8) Metaspace: 38980K->38980K(1085440K)
[2021-10-11T06:50:03.422+0000][gc            ] GC(8) Pause Young (Normal) (G1 Evacuation Pause) 190M->143M(1024M) 3.170ms
[2021-10-11T06:50:03.422+0000][gc,cpu        ] GC(8) User=0.02s Sys=0.00s Real=0.00s
[2021-10-11T06:50:04.212+0000][gc,start      ] GC(9) Pause Young (Normal) (G1 Evacuation Pause)
[2021-10-11T06:50:04.212+0000][gc,task       ] GC(9) Using 8 workers of 8 for evacuation
[2021-10-11T06:50:04.214+0000][gc,phases     ] GC(9)   Pre Evacuate Collection Set: 0.0ms
[2021-10-11T06:50:04.214+0000][gc,phases     ] GC(9)   Evacuate Collection Set: 1.5ms
[2021-10-11T06:50:04.214+0000][gc,phases     ] GC(9)   Post Evacuate Collection Set: 0.4ms
[2021-10-11T06:50:04.214+0000][gc,phases     ] GC(9)   Other: 0.1ms
[2021-10-11T06:50:04.214+0000][gc,heap       ] GC(9) Eden regions: 48->0(58)
[2021-10-11T06:50:04.214+0000][gc,heap       ] GC(9) Survivor regions: 3->3(7)
[2021-10-11T06:50:04.214+0000][gc,heap       ] GC(9) Old regions: 15->15
[2021-10-11T06:50:04.214+0000][gc,heap       ] GC(9) Humongous regions: 129->129
[2021-10-11T06:50:04.214+0000][gc,metaspace  ] GC(9) Metaspace: 38980K->38980K(1085440K)
[2021-10-11T06:50:04.214+0000][gc            ] GC(9) Pause Young (Normal) (G1 Evacuation Pause) 191M->143M(1024M) 2.135ms
[2021-10-11T06:50:04.214+0000][gc,cpu        ] GC(9) User=0.00s Sys=0.00s Real=0.00s
[2021-10-11T06:50:05.166+0000][gc,start      ] GC(10) Pause Young (Normal) (G1 Evacuation Pause)
[2021-10-11T06:50:05.166+0000][gc,task       ] GC(10) Using 8 workers of 8 for evacuation
[2021-10-11T06:50:05.169+0000][gc,phases     ] GC(10)   Pre Evacuate Collection Set: 0.0ms
[2021-10-11T06:50:05.169+0000][gc,phases     ] GC(10)   Evacuate Collection Set: 2.2ms
[2021-10-11T06:50:05.169+0000][gc,phases     ] GC(10)   Post Evacuate Collection Set: 0.4ms
[2021-10-11T06:50:05.169+0000][gc,phases     ] GC(10)   Other: 0.1ms
[2021-10-11T06:50:05.169+0000][gc,heap       ] GC(10) Eden regions: 58->0(268)
[2021-10-11T06:50:05.169+0000][gc,heap       ] GC(10) Survivor regions: 3->2(8)
[2021-10-11T06:50:05.169+0000][gc,heap       ] GC(10) Old regions: 15->15
[2021-10-11T06:50:05.169+0000][gc,heap       ] GC(10) Humongous regions: 129->129
[2021-10-11T06:50:05.169+0000][gc,metaspace  ] GC(10) Metaspace: 38996K->38996K(1085440K)
[2021-10-11T06:50:05.169+0000][gc            ] GC(10) Pause Young (Normal) (G1 Evacuation Pause) 201M->143M(1024M) 2.816ms
[2021-10-11T06:50:05.169+0000][gc,cpu        ] GC(10) User=0.02s Sys=0.01s Real=0.00s
[2021-10-11T06:50:09.596+0000][gc,start      ] GC(11) Pause Young (Normal) (G1 Evacuation Pause)
[2021-10-11T06:50:09.596+0000][gc,task       ] GC(11) Using 8 workers of 8 for evacuation
[2021-10-11T06:50:09.599+0000][gc,phases     ] GC(11)   Pre Evacuate Collection Set: 0.2ms
[2021-10-11T06:50:09.599+0000][gc,phases     ] GC(11)   Evacuate Collection Set: 1.9ms
[2021-10-11T06:50:09.599+0000][gc,phases     ] GC(11)   Post Evacuate Collection Set: 0.5ms
[2021-10-11T06:50:09.599+0000][gc,phases     ] GC(11)   Other: 0.2ms
[2021-10-11T06:50:09.599+0000][gc,heap       ] GC(11) Eden regions: 268->0(274)
[2021-10-11T06:50:09.599+0000][gc,heap       ] GC(11) Survivor regions: 2->3(34)
[2021-10-11T06:50:09.599+0000][gc,heap       ] GC(11) Old regions: 15->15
[2021-10-11T06:50:09.599+0000][gc,heap       ] GC(11) Humongous regions: 129->129
[2021-10-11T06:50:09.599+0000][gc,metaspace  ] GC(11) Metaspace: 38996K->38996K(1085440K)
[2021-10-11T06:50:09.599+0000][gc            ] GC(11) Pause Young (Normal) (G1 Evacuation Pause) 411M->143M(1024M) 2.850ms
[2021-10-11T06:50:09.599+0000][gc,cpu        ] GC(11) User=0.01s Sys=0.00s Real=0.00s
[2021-10-11T06:51:06.011+0000][gc,start      ] GC(12) Pause Young (Normal) (G1 Evacuation Pause)
[2021-10-11T06:51:06.012+0000][gc,task       ] GC(12) Using 8 workers of 8 for evacuation
[2021-10-11T06:51:06.016+0000][gc,phases     ] GC(12)   Pre Evacuate Collection Set: 0.1ms
[2021-10-11T06:51:06.016+0000][gc,phases     ] GC(12)   Evacuate Collection Set: 3.2ms
[2021-10-11T06:51:06.016+0000][gc,phases     ] GC(12)   Post Evacuate Collection Set: 0.6ms
[2021-10-11T06:51:06.016+0000][gc,phases     ] GC(12)   Other: 0.4ms
[2021-10-11T06:51:06.016+0000][gc,heap       ] GC(12) Eden regions: 274->0(611)
[2021-10-11T06:51:06.016+0000][gc,heap       ] GC(12) Survivor regions: 3->3(35)
[2021-10-11T06:51:06.016+0000][gc,heap       ] GC(12) Old regions: 15->15
[2021-10-11T06:51:06.016+0000][gc,heap       ] GC(12) Humongous regions: 129->129
[2021-10-11T06:51:06.016+0000][gc,metaspace  ] GC(12) Metaspace: 40259K->40259K(1085440K)
[2021-10-11T06:51:06.016+0000][gc            ] GC(12) Pause Young (Normal) (G1 Evacuation Pause) 417M->144M(1024M) 4.231ms
[2021-10-11T06:51:06.016+0000][gc,cpu        ] GC(12) User=0.01s Sys=0.01s Real=0.01s
[2021-10-11T06:51:16.974+0000][gc,heap,exit  ] Heap
[2021-10-11T06:51:16.974+0000][gc,heap,exit  ]  garbage-first heap   total 1048576K, used 375984K [0x00000000c0000000, 0x0000000100000000)
[2021-10-11T06:51:16.974+0000][gc,heap,exit  ]   region size 1024K, 228 young (233472K), 3 survivors (3072K)
[2021-10-11T06:51:16.974+0000][gc,heap,exit  ]  Metaspace       used 40978K, capacity 43139K, committed 43392K, reserved 1087488K
[2021-10-11T06:51:16.974+0000][gc,heap,exit  ]   class space    used 5019K, capacity 6011K, committed 6016K, reserved 1048576K
