[2021-10-11T06:48:28.352+0000][gc,heap] Heap region size: 1M
[2021-10-11T06:48:28.361+0000][gc     ] Using G1
[2021-10-11T06:48:28.361+0000][gc,heap,coops] Heap address: 0x00000000c0000000, size: 1024 MB, Compressed Oops mode: 32-bit
[2021-10-11T06:48:28.361+0000][gc,cds       ] Mark closed archive regions in map: [0x00000000fff00000, 0x00000000fff6aff8]
[2021-10-11T06:48:28.361+0000][gc,cds       ] Mark open archive regions in map: [0x00000000ffe00000, 0x00000000ffe46ff8]
[2021-10-11T06:48:29.224+0000][gc,start     ] GC(0) Pause Young (Normal) (G1 Evacuation Pause)
[2021-10-11T06:48:29.225+0000][gc,task      ] GC(0) Using 8 workers of 8 for evacuation
[2021-10-11T06:48:29.231+0000][gc,phases    ] GC(0)   Pre Evacuate Collection Set: 0.0ms
[2021-10-11T06:48:29.231+0000][gc,phases    ] GC(0)   Evacuate Collection Set: 5.3ms
[2021-10-11T06:48:29.231+0000][gc,phases    ] GC(0)   Post Evacuate Collection Set: 0.4ms
[2021-10-11T06:48:29.231+0000][gc,phases    ] GC(0)   Other: 0.6ms
[2021-10-11T06:48:29.231+0000][gc,heap      ] GC(0) Eden regions: 51->0(44)
[2021-10-11T06:48:29.231+0000][gc,heap      ] GC(0) Survivor regions: 0->7(7)
[2021-10-11T06:48:29.231+0000][gc,heap      ] GC(0) Old regions: 2->2
[2021-10-11T06:48:29.231+0000][gc,heap      ] GC(0) Humongous regions: 0->0
[2021-10-11T06:48:29.231+0000][gc,metaspace ] GC(0) Metaspace: 15583K->15583K(1062912K)
[2021-10-11T06:48:29.231+0000][gc           ] GC(0) Pause Young (Normal) (G1 Evacuation Pause) 51M->7M(1024M) 6.394ms
[2021-10-11T06:48:29.231+0000][gc,cpu       ] GC(0) User=0.04s Sys=0.00s Real=0.00s
[2021-10-11T06:48:29.440+0000][gc,start     ] GC(1) Pause Young (Concurrent Start) (Metadata GC Threshold)
[2021-10-11T06:48:29.440+0000][gc,task      ] GC(1) Using 8 workers of 8 for evacuation
[2021-10-11T06:48:29.449+0000][gc,phases    ] GC(1)   Pre Evacuate Collection Set: 0.1ms
[2021-10-11T06:48:29.449+0000][gc,phases    ] GC(1)   Evacuate Collection Set: 8.6ms
[2021-10-11T06:48:29.449+0000][gc,phases    ] GC(1)   Post Evacuate Collection Set: 0.3ms
[2021-10-11T06:48:29.449+0000][gc,phases    ] GC(1)   Other: 0.2ms
[2021-10-11T06:48:29.449+0000][gc,heap      ] GC(1) Eden regions: 21->0(49)
[2021-10-11T06:48:29.449+0000][gc,heap      ] GC(1) Survivor regions: 7->2(7)
[2021-10-11T06:48:29.449+0000][gc,heap      ] GC(1) Old regions: 2->9
[2021-10-11T06:48:29.449+0000][gc,heap      ] GC(1) Humongous regions: 0->0
[2021-10-11T06:48:29.449+0000][gc,metaspace ] GC(1) Metaspace: 20690K->20690K(1069056K)
[2021-10-11T06:48:29.449+0000][gc           ] GC(1) Pause Young (Concurrent Start) (Metadata GC Threshold) 28M->8M(1024M) 9.264ms
[2021-10-11T06:48:29.449+0000][gc,cpu       ] GC(1) User=0.02s Sys=0.00s Real=0.01s
[2021-10-11T06:48:29.449+0000][gc           ] GC(2) Concurrent Cycle
[2021-10-11T06:48:29.449+0000][gc,marking   ] GC(2) Concurrent Clear Claimed Marks
[2021-10-11T06:48:29.450+0000][gc,marking   ] GC(2) Concurrent Clear Claimed Marks 0.017ms
[2021-10-11T06:48:29.450+0000][gc,marking   ] GC(2) Concurrent Scan Root Regions
[2021-10-11T06:48:29.450+0000][gc,marking   ] GC(2) Concurrent Scan Root Regions 0.621ms
[2021-10-11T06:48:29.450+0000][gc,marking   ] GC(2) Concurrent Mark (1.101s)
[2021-10-11T06:48:29.450+0000][gc,marking   ] GC(2) Concurrent Mark From Roots
[2021-10-11T06:48:29.450+0000][gc,task      ] GC(2) Using 2 workers of 2 for marking
[2021-10-11T06:48:29.454+0000][gc,marking   ] GC(2) Concurrent Mark From Roots 4.235ms
[2021-10-11T06:48:29.454+0000][gc,marking   ] GC(2) Concurrent Preclean
[2021-10-11T06:48:29.454+0000][gc,marking   ] GC(2) Concurrent Preclean 0.079ms
[2021-10-11T06:48:29.454+0000][gc,marking   ] GC(2) Concurrent Mark (1.101s, 1.105s) 4.335ms
[2021-10-11T06:48:29.455+0000][gc,start     ] GC(2) Pause Remark
[2021-10-11T06:48:29.456+0000][gc,stringtable] GC(2) Cleaned string and symbol table, strings: 5040 processed, 0 removed, symbols: 50602 processed, 40 removed
[2021-10-11T06:48:29.456+0000][gc            ] GC(2) Pause Remark 8M->8M(1024M) 1.253ms
[2021-10-11T06:48:29.456+0000][gc,cpu        ] GC(2) User=0.00s Sys=0.00s Real=0.01s
[2021-10-11T06:48:29.456+0000][gc,marking    ] GC(2) Concurrent Rebuild Remembered Sets
[2021-10-11T06:48:29.458+0000][gc,marking    ] GC(2) Concurrent Rebuild Remembered Sets 2.127ms
[2021-10-11T06:48:29.458+0000][gc,start      ] GC(2) Pause Cleanup
[2021-10-11T06:48:29.458+0000][gc            ] GC(2) Pause Cleanup 8M->8M(1024M) 0.144ms
[2021-10-11T06:48:29.458+0000][gc,cpu        ] GC(2) User=0.00s Sys=0.00s Real=0.00s
[2021-10-11T06:48:29.458+0000][gc,marking    ] GC(2) Concurrent Cleanup for Next Mark
[2021-10-11T06:48:29.462+0000][gc,marking    ] GC(2) Concurrent Cleanup for Next Mark 3.901ms
[2021-10-11T06:48:29.462+0000][gc            ] GC(2) Concurrent Cycle 12.684ms
[2021-10-11T06:48:29.996+0000][gc,start      ] GC(3) Pause Young (Normal) (G1 Evacuation Pause)
[2021-10-11T06:48:29.996+0000][gc,task       ] GC(3) Using 8 workers of 8 for evacuation
[2021-10-11T06:48:29.999+0000][gc,phases     ] GC(3)   Pre Evacuate Collection Set: 0.0ms
[2021-10-11T06:48:29.999+0000][gc,phases     ] GC(3)   Evacuate Collection Set: 2.3ms
[2021-10-11T06:48:29.999+0000][gc,phases     ] GC(3)   Post Evacuate Collection Set: 0.4ms
[2021-10-11T06:48:29.999+0000][gc,phases     ] GC(3)   Other: 0.1ms
[2021-10-11T06:48:29.999+0000][gc,heap       ] GC(3) Eden regions: 49->0(46)
[2021-10-11T06:48:29.999+0000][gc,heap       ] GC(3) Survivor regions: 2->5(7)
[2021-10-11T06:48:29.999+0000][gc,heap       ] GC(3) Old regions: 9->9
[2021-10-11T06:48:29.999+0000][gc,heap       ] GC(3) Humongous regions: 129->129
[2021-10-11T06:48:29.999+0000][gc,metaspace  ] GC(3) Metaspace: 30359K->30359K(1077248K)
[2021-10-11T06:48:29.999+0000][gc            ] GC(3) Pause Young (Normal) (G1 Evacuation Pause) 186M->140M(1024M) 2.899ms
[2021-10-11T06:48:29.999+0000][gc,cpu        ] GC(3) User=0.01s Sys=0.01s Real=0.00s
[2021-10-11T06:48:30.120+0000][gc,start      ] GC(4) Pause Young (Concurrent Start) (Metadata GC Threshold)
[2021-10-11T06:48:30.120+0000][gc,task       ] GC(4) Using 8 workers of 8 for evacuation
[2021-10-11T06:48:30.123+0000][gc,phases     ] GC(4)   Pre Evacuate Collection Set: 0.1ms
[2021-10-11T06:48:30.123+0000][gc,phases     ] GC(4)   Evacuate Collection Set: 3.0ms
[2021-10-11T06:48:30.123+0000][gc,phases     ] GC(4)   Post Evacuate Collection Set: 0.3ms
[2021-10-11T06:48:30.123+0000][gc,phases     ] GC(4)   Other: 0.2ms
[2021-10-11T06:48:30.123+0000][gc,heap       ] GC(4) Eden regions: 18->0(49)
[2021-10-11T06:48:30.123+0000][gc,heap       ] GC(4) Survivor regions: 5->2(7)
[2021-10-11T06:48:30.123+0000][gc,heap       ] GC(4) Old regions: 9->13
[2021-10-11T06:48:30.123+0000][gc,heap       ] GC(4) Humongous regions: 129->129
[2021-10-11T06:48:30.123+0000][gc,metaspace  ] GC(4) Metaspace: 34520K->34520K(1081344K)
[2021-10-11T06:48:30.123+0000][gc            ] GC(4) Pause Young (Concurrent Start) (Metadata GC Threshold) 157M->141M(1024M) 3.673ms
[2021-10-11T06:48:30.123+0000][gc,cpu        ] GC(4) User=0.01s Sys=0.00s Real=0.00s
[2021-10-11T06:48:30.123+0000][gc            ] GC(5) Concurrent Cycle
[2021-10-11T06:48:30.123+0000][gc,marking    ] GC(5) Concurrent Clear Claimed Marks
[2021-10-11T06:48:30.123+0000][gc,marking    ] GC(5) Concurrent Clear Claimed Marks 0.044ms
[2021-10-11T06:48:30.123+0000][gc,marking    ] GC(5) Concurrent Scan Root Regions
[2021-10-11T06:48:30.124+0000][gc,marking    ] GC(5) Concurrent Scan Root Regions 0.668ms
[2021-10-11T06:48:30.124+0000][gc,marking    ] GC(5) Concurrent Mark (1.775s)
[2021-10-11T06:48:30.124+0000][gc,marking    ] GC(5) Concurrent Mark From Roots
[2021-10-11T06:48:30.124+0000][gc,task       ] GC(5) Using 2 workers of 2 for marking
[2021-10-11T06:48:30.132+0000][gc,marking    ] GC(5) Concurrent Mark From Roots 7.954ms
[2021-10-11T06:48:30.132+0000][gc,marking    ] GC(5) Concurrent Preclean
[2021-10-11T06:48:30.132+0000][gc,marking    ] GC(5) Concurrent Preclean 0.083ms
[2021-10-11T06:48:30.132+0000][gc,marking    ] GC(5) Concurrent Mark (1.775s, 1.783s) 8.063ms
[2021-10-11T06:48:30.133+0000][gc,start      ] GC(5) Pause Remark
[2021-10-11T06:48:30.135+0000][gc,stringtable] GC(5) Cleaned string and symbol table, strings: 10028 processed, 11 removed, symbols: 81436 processed, 11 removed
[2021-10-11T06:48:30.135+0000][gc            ] GC(5) Pause Remark 143M->143M(1024M) 1.815ms
[2021-10-11T06:48:30.135+0000][gc,cpu        ] GC(5) User=0.01s Sys=0.00s Real=0.00s
[2021-10-11T06:48:30.135+0000][gc,marking    ] GC(5) Concurrent Rebuild Remembered Sets
[2021-10-11T06:48:30.139+0000][gc,marking    ] GC(5) Concurrent Rebuild Remembered Sets 4.209ms
[2021-10-11T06:48:30.139+0000][gc,start      ] GC(5) Pause Cleanup
[2021-10-11T06:48:30.139+0000][gc            ] GC(5) Pause Cleanup 143M->143M(1024M) 0.189ms
[2021-10-11T06:48:30.139+0000][gc,cpu        ] GC(5) User=0.00s Sys=0.00s Real=0.00s
[2021-10-11T06:48:30.140+0000][gc,marking    ] GC(5) Concurrent Cleanup for Next Mark
[2021-10-11T06:48:30.144+0000][gc,marking    ] GC(5) Concurrent Cleanup for Next Mark 4.338ms
[2021-10-11T06:48:30.144+0000][gc            ] GC(5) Concurrent Cycle 20.479ms
[2021-10-11T06:49:01.691+0000][gc,start      ] GC(6) Pause Young (Normal) (G1 Evacuation Pause)
[2021-10-11T06:49:01.691+0000][gc,task       ] GC(6) Using 8 workers of 8 for evacuation
[2021-10-11T06:49:01.694+0000][gc,phases     ] GC(6)   Pre Evacuate Collection Set: 0.0ms
[2021-10-11T06:49:01.694+0000][gc,phases     ] GC(6)   Evacuate Collection Set: 2.9ms
[2021-10-11T06:49:01.694+0000][gc,phases     ] GC(6)   Post Evacuate Collection Set: 0.5ms
[2021-10-11T06:49:01.694+0000][gc,phases     ] GC(6)   Other: 0.2ms
[2021-10-11T06:49:01.694+0000][gc,heap       ] GC(6) Eden regions: 49->0(47)
[2021-10-11T06:49:01.694+0000][gc,heap       ] GC(6) Survivor regions: 2->4(7)
[2021-10-11T06:49:01.694+0000][gc,heap       ] GC(6) Old regions: 13->13
[2021-10-11T06:49:01.694+0000][gc,heap       ] GC(6) Humongous regions: 129->129
[2021-10-11T06:49:01.694+0000][gc,metaspace  ] GC(6) Metaspace: 39793K->39793K(1085440K)
[2021-10-11T06:49:01.694+0000][gc            ] GC(6) Pause Young (Normal) (G1 Evacuation Pause) 190M->143M(1024M) 3.714ms
[2021-10-11T06:49:01.695+0000][gc,cpu        ] GC(6) User=0.02s Sys=0.00s Real=0.00s
[2021-10-11T06:49:02.450+0000][gc,start      ] GC(7) Pause Young (Normal) (G1 Evacuation Pause)
[2021-10-11T06:49:02.450+0000][gc,task       ] GC(7) Using 8 workers of 8 for evacuation
[2021-10-11T06:49:02.453+0000][gc,phases     ] GC(7)   Pre Evacuate Collection Set: 0.0ms
[2021-10-11T06:49:02.453+0000][gc,phases     ] GC(7)   Evacuate Collection Set: 3.0ms
[2021-10-11T06:49:02.453+0000][gc,phases     ] GC(7)   Post Evacuate Collection Set: 0.4ms
[2021-10-11T06:49:02.453+0000][gc,phases     ] GC(7)   Other: 0.1ms
[2021-10-11T06:49:02.453+0000][gc,heap       ] GC(7) Eden regions: 47->0(48)
[2021-10-11T06:49:02.453+0000][gc,heap       ] GC(7) Survivor regions: 4->3(7)
[2021-10-11T06:49:02.453+0000][gc,heap       ] GC(7) Old regions: 13->14
[2021-10-11T06:49:02.453+0000][gc,heap       ] GC(7) Humongous regions: 129->129
[2021-10-11T06:49:02.453+0000][gc,metaspace  ] GC(7) Metaspace: 40422K->40422K(1085440K)
[2021-10-11T06:49:02.453+0000][gc            ] GC(7) Pause Young (Normal) (G1 Evacuation Pause) 190M->144M(1024M) 3.608ms
[2021-10-11T06:49:02.453+0000][gc,cpu        ] GC(7) User=0.02s Sys=0.00s Real=0.00s
[2021-10-11T06:49:03.258+0000][gc,start      ] GC(8) Pause Young (Normal) (G1 Evacuation Pause)
[2021-10-11T06:49:03.259+0000][gc,task       ] GC(8) Using 8 workers of 8 for evacuation
[2021-10-11T06:49:03.261+0000][gc,phases     ] GC(8)   Pre Evacuate Collection Set: 0.0ms
[2021-10-11T06:49:03.262+0000][gc,phases     ] GC(8)   Evacuate Collection Set: 2.4ms
[2021-10-11T06:49:03.262+0000][gc,phases     ] GC(8)   Post Evacuate Collection Set: 0.5ms
[2021-10-11T06:49:03.262+0000][gc,phases     ] GC(8)   Other: 0.1ms
[2021-10-11T06:49:03.262+0000][gc,heap       ] GC(8) Eden regions: 48->0(49)
[2021-10-11T06:49:03.262+0000][gc,heap       ] GC(8) Survivor regions: 3->3(7)
[2021-10-11T06:49:03.262+0000][gc,heap       ] GC(8) Old regions: 14->14
[2021-10-11T06:49:03.262+0000][gc,heap       ] GC(8) Humongous regions: 129->129
[2021-10-11T06:49:03.262+0000][gc,metaspace  ] GC(8) Metaspace: 40440K->40440K(1085440K)
[2021-10-11T06:49:03.262+0000][gc            ] GC(8) Pause Young (Normal) (G1 Evacuation Pause) 192M->144M(1024M) 3.077ms
[2021-10-11T06:49:03.262+0000][gc,cpu        ] GC(8) User=0.01s Sys=0.00s Real=0.00s
[2021-10-11T06:49:04.064+0000][gc,start      ] GC(9) Pause Young (Normal) (G1 Evacuation Pause)
[2021-10-11T06:49:04.064+0000][gc,task       ] GC(9) Using 8 workers of 8 for evacuation
[2021-10-11T06:49:04.067+0000][gc,phases     ] GC(9)   Pre Evacuate Collection Set: 0.1ms
[2021-10-11T06:49:04.067+0000][gc,phases     ] GC(9)   Evacuate Collection Set: 2.4ms
[2021-10-11T06:49:04.067+0000][gc,phases     ] GC(9)   Post Evacuate Collection Set: 0.6ms
[2021-10-11T06:49:04.067+0000][gc,phases     ] GC(9)   Other: 0.2ms
[2021-10-11T06:49:04.067+0000][gc,heap       ] GC(9) Eden regions: 49->0(54)
[2021-10-11T06:49:04.067+0000][gc,heap       ] GC(9) Survivor regions: 3->3(7)
[2021-10-11T06:49:04.067+0000][gc,heap       ] GC(9) Old regions: 14->14
[2021-10-11T06:49:04.067+0000][gc,heap       ] GC(9) Humongous regions: 129->129
[2021-10-11T06:49:04.068+0000][gc,metaspace  ] GC(9) Metaspace: 40440K->40440K(1085440K)
[2021-10-11T06:49:04.068+0000][gc            ] GC(9) Pause Young (Normal) (G1 Evacuation Pause) 193M->144M(1024M) 3.348ms
[2021-10-11T06:49:04.068+0000][gc,cpu        ] GC(9) User=0.01s Sys=0.00s Real=0.00s
[2021-10-11T06:49:04.964+0000][gc,start      ] GC(10) Pause Young (Normal) (G1 Evacuation Pause)
[2021-10-11T06:49:04.964+0000][gc,task       ] GC(10) Using 8 workers of 8 for evacuation
[2021-10-11T06:49:04.967+0000][gc,phases     ] GC(10)   Pre Evacuate Collection Set: 0.0ms
[2021-10-11T06:49:04.967+0000][gc,phases     ] GC(10)   Evacuate Collection Set: 2.5ms
[2021-10-11T06:49:04.967+0000][gc,phases     ] GC(10)   Post Evacuate Collection Set: 0.5ms
[2021-10-11T06:49:04.967+0000][gc,phases     ] GC(10)   Other: 0.2ms
[2021-10-11T06:49:04.967+0000][gc,heap       ] GC(10) Eden regions: 54->0(58)
[2021-10-11T06:49:04.967+0000][gc,heap       ] GC(10) Survivor regions: 3->3(8)
[2021-10-11T06:49:04.967+0000][gc,heap       ] GC(10) Old regions: 14->14
[2021-10-11T06:49:04.967+0000][gc,heap       ] GC(10) Humongous regions: 129->129
[2021-10-11T06:49:04.967+0000][gc,metaspace  ] GC(10) Metaspace: 40440K->40440K(1085440K)
[2021-10-11T06:49:04.967+0000][gc            ] GC(10) Pause Young (Normal) (G1 Evacuation Pause) 198M->144M(1024M) 3.222ms
[2021-10-11T06:49:04.967+0000][gc,cpu        ] GC(10) User=0.01s Sys=0.00s Real=0.00s
[2021-10-11T06:49:05.924+0000][gc,start      ] GC(11) Pause Young (Normal) (G1 Evacuation Pause)
[2021-10-11T06:49:05.924+0000][gc,task       ] GC(11) Using 8 workers of 8 for evacuation
[2021-10-11T06:49:05.927+0000][gc,phases     ] GC(11)   Pre Evacuate Collection Set: 0.1ms
[2021-10-11T06:49:05.927+0000][gc,phases     ] GC(11)   Evacuate Collection Set: 2.5ms
[2021-10-11T06:49:05.927+0000][gc,phases     ] GC(11)   Post Evacuate Collection Set: 0.5ms
[2021-10-11T06:49:05.927+0000][gc,phases     ] GC(11)   Other: 0.2ms
[2021-10-11T06:49:05.927+0000][gc,heap       ] GC(11) Eden regions: 58->0(496)
[2021-10-11T06:49:05.927+0000][gc,heap       ] GC(11) Survivor regions: 3->3(8)
[2021-10-11T06:49:05.927+0000][gc,heap       ] GC(11) Old regions: 14->14
[2021-10-11T06:49:05.927+0000][gc,heap       ] GC(11) Humongous regions: 129->129
[2021-10-11T06:49:05.927+0000][gc,metaspace  ] GC(11) Metaspace: 40443K->40443K(1085440K)
[2021-10-11T06:49:05.927+0000][gc            ] GC(11) Pause Young (Normal) (G1 Evacuation Pause) 202M->144M(1024M) 3.319ms
[2021-10-11T06:49:05.927+0000][gc,cpu        ] GC(11) User=0.01s Sys=0.00s Real=0.00s
[2021-10-11T06:49:46.790+0000][gc,start      ] GC(12) Pause Young (Normal) (G1 Evacuation Pause)
[2021-10-11T06:49:46.790+0000][gc,task       ] GC(12) Using 8 workers of 8 for evacuation
[2021-10-11T06:49:46.794+0000][gc,phases     ] GC(12)   Pre Evacuate Collection Set: 0.2ms
[2021-10-11T06:49:46.794+0000][gc,phases     ] GC(12)   Evacuate Collection Set: 2.9ms
[2021-10-11T06:49:46.794+0000][gc,phases     ] GC(12)   Post Evacuate Collection Set: 0.6ms
[2021-10-11T06:49:46.794+0000][gc,phases     ] GC(12)   Other: 0.2ms
[2021-10-11T06:49:46.794+0000][gc,heap       ] GC(12) Eden regions: 237->0(244)
[2021-10-11T06:49:46.794+0000][gc,heap       ] GC(12) Survivor regions: 3->3(30)
[2021-10-11T06:49:46.794+0000][gc,heap       ] GC(12) Old regions: 14->14
[2021-10-11T06:49:46.794+0000][gc,heap       ] GC(12) Humongous regions: 129->129
[2021-10-11T06:49:46.794+0000][gc,metaspace  ] GC(12) Metaspace: 41100K->41100K(1087488K)
[2021-10-11T06:49:46.794+0000][gc            ] GC(12) Pause Young (Normal) (G1 Evacuation Pause) 381M->144M(1024M) 4.058ms
[2021-10-11T06:49:46.794+0000][gc,cpu        ] GC(12) User=0.01s Sys=0.00s Real=0.00s
[2021-10-11T06:49:47.449+0000][gc,heap,exit  ] Heap
[2021-10-11T06:49:47.449+0000][gc,heap,exit  ]  garbage-first heap   total 1048576K, used 152911K [0x00000000c0000000, 0x0000000100000000)
[2021-10-11T06:49:47.449+0000][gc,heap,exit  ]   region size 1024K, 9 young (9216K), 3 survivors (3072K)
[2021-10-11T06:49:47.449+0000][gc,heap,exit  ]  Metaspace       used 41258K, capacity 43446K, committed 43520K, reserved 1087488K
[2021-10-11T06:49:47.449+0000][gc,heap,exit  ]   class space    used 5093K, capacity 6130K, committed 6144K, reserved 1048576K
