[2021-10-11T06:51:17.571+0000][gc,heap] Heap region size: 1M
[2021-10-11T06:51:17.579+0000][gc     ] Using G1
[2021-10-11T06:51:17.579+0000][gc,heap,coops] Heap address: 0x00000000c0000000, size: 1024 MB, Compressed Oops mode: 32-bit
[2021-10-11T06:51:17.579+0000][gc,cds       ] Mark closed archive regions in map: [0x00000000fff00000, 0x00000000fff6aff8]
[2021-10-11T06:51:17.579+0000][gc,cds       ] Mark open archive regions in map: [0x00000000ffe00000, 0x00000000ffe46ff8]
[2021-10-11T06:51:18.259+0000][gc,start     ] GC(0) Pause Young (Normal) (G1 Evacuation Pause)
[2021-10-11T06:51:18.260+0000][gc,task      ] GC(0) Using 8 workers of 8 for evacuation
[2021-10-11T06:51:18.268+0000][gc,phases    ] GC(0)   Pre Evacuate Collection Set: 0.0ms
[2021-10-11T06:51:18.268+0000][gc,phases    ] GC(0)   Evacuate Collection Set: 8.1ms
[2021-10-11T06:51:18.269+0000][gc,phases    ] GC(0)   Post Evacuate Collection Set: 0.4ms
[2021-10-11T06:51:18.269+0000][gc,phases    ] GC(0)   Other: 0.6ms
[2021-10-11T06:51:18.269+0000][gc,heap      ] GC(0) Eden regions: 51->0(44)
[2021-10-11T06:51:18.269+0000][gc,heap      ] GC(0) Survivor regions: 0->7(7)
[2021-10-11T06:51:18.269+0000][gc,heap      ] GC(0) Old regions: 2->2
[2021-10-11T06:51:18.269+0000][gc,heap      ] GC(0) Humongous regions: 0->0
[2021-10-11T06:51:18.269+0000][gc,metaspace ] GC(0) Metaspace: 15568K->15568K(1062912K)
[2021-10-11T06:51:18.269+0000][gc           ] GC(0) Pause Young (Normal) (G1 Evacuation Pause) 51M->7M(1024M) 9.143ms
[2021-10-11T06:51:18.269+0000][gc,cpu       ] GC(0) User=0.04s Sys=0.01s Real=0.01s
[2021-10-11T06:51:18.471+0000][gc,start     ] GC(1) Pause Young (Concurrent Start) (Metadata GC Threshold)
[2021-10-11T06:51:18.471+0000][gc,task      ] GC(1) Using 8 workers of 8 for evacuation
[2021-10-11T06:51:18.477+0000][gc,phases    ] GC(1)   Pre Evacuate Collection Set: 0.0ms
[2021-10-11T06:51:18.477+0000][gc,phases    ] GC(1)   Evacuate Collection Set: 6.2ms
[2021-10-11T06:51:18.477+0000][gc,phases    ] GC(1)   Post Evacuate Collection Set: 0.3ms
[2021-10-11T06:51:18.477+0000][gc,phases    ] GC(1)   Other: 0.2ms
[2021-10-11T06:51:18.477+0000][gc,heap      ] GC(1) Eden regions: 21->0(50)
[2021-10-11T06:51:18.477+0000][gc,heap      ] GC(1) Survivor regions: 7->1(7)
[2021-10-11T06:51:18.477+0000][gc,heap      ] GC(1) Old regions: 2->9
[2021-10-11T06:51:18.477+0000][gc,heap      ] GC(1) Humongous regions: 0->0
[2021-10-11T06:51:18.477+0000][gc,metaspace ] GC(1) Metaspace: 20594K->20594K(1067008K)
[2021-10-11T06:51:18.477+0000][gc           ] GC(1) Pause Young (Concurrent Start) (Metadata GC Threshold) 27M->8M(1024M) 6.844ms
[2021-10-11T06:51:18.477+0000][gc,cpu       ] GC(1) User=0.02s Sys=0.00s Real=0.01s
[2021-10-11T06:51:18.477+0000][gc           ] GC(2) Concurrent Cycle
[2021-10-11T06:51:18.477+0000][gc,marking   ] GC(2) Concurrent Clear Claimed Marks
[2021-10-11T06:51:18.477+0000][gc,marking   ] GC(2) Concurrent Clear Claimed Marks 0.017ms
[2021-10-11T06:51:18.477+0000][gc,marking   ] GC(2) Concurrent Scan Root Regions
[2021-10-11T06:51:18.478+0000][gc,marking   ] GC(2) Concurrent Scan Root Regions 0.657ms
[2021-10-11T06:51:18.478+0000][gc,marking   ] GC(2) Concurrent Mark (0.910s)
[2021-10-11T06:51:18.478+0000][gc,marking   ] GC(2) Concurrent Mark From Roots
[2021-10-11T06:51:18.478+0000][gc,task      ] GC(2) Using 2 workers of 2 for marking
[2021-10-11T06:51:18.483+0000][gc,marking   ] GC(2) Concurrent Mark From Roots 4.473ms
[2021-10-11T06:51:18.483+0000][gc,marking   ] GC(2) Concurrent Preclean
[2021-10-11T06:51:18.483+0000][gc,marking   ] GC(2) Concurrent Preclean 0.078ms
[2021-10-11T06:51:18.483+0000][gc,marking   ] GC(2) Concurrent Mark (0.910s, 0.915s) 4.578ms
[2021-10-11T06:51:18.483+0000][gc,start     ] GC(2) Pause Remark
[2021-10-11T06:51:18.486+0000][gc,stringtable] GC(2) Cleaned string and symbol table, strings: 5023 processed, 0 removed, symbols: 49731 processed, 43 removed
[2021-10-11T06:51:18.486+0000][gc            ] GC(2) Pause Remark 8M->8M(1024M) 3.144ms
[2021-10-11T06:51:18.486+0000][gc,cpu        ] GC(2) User=0.01s Sys=0.00s Real=0.01s
[2021-10-11T06:51:18.486+0000][gc,marking    ] GC(2) Concurrent Rebuild Remembered Sets
[2021-10-11T06:51:18.489+0000][gc,marking    ] GC(2) Concurrent Rebuild Remembered Sets 2.760ms
[2021-10-11T06:51:18.489+0000][gc,start      ] GC(2) Pause Cleanup
[2021-10-11T06:51:18.489+0000][gc            ] GC(2) Pause Cleanup 9M->9M(1024M) 0.142ms
[2021-10-11T06:51:18.489+0000][gc,cpu        ] GC(2) User=0.00s Sys=0.00s Real=0.00s
[2021-10-11T06:51:18.489+0000][gc,marking    ] GC(2) Concurrent Cleanup for Next Mark
[2021-10-11T06:51:18.493+0000][gc,marking    ] GC(2) Concurrent Cleanup for Next Mark 3.548ms
[2021-10-11T06:51:18.493+0000][gc            ] GC(2) Concurrent Cycle 15.177ms
[2021-10-11T06:51:19.052+0000][gc,start      ] GC(3) Pause Young (Normal) (G1 Evacuation Pause)
[2021-10-11T06:51:19.052+0000][gc,task       ] GC(3) Using 8 workers of 8 for evacuation
[2021-10-11T06:51:19.056+0000][gc,phases     ] GC(3)   Pre Evacuate Collection Set: 0.0ms
[2021-10-11T06:51:19.056+0000][gc,phases     ] GC(3)   Evacuate Collection Set: 3.2ms
[2021-10-11T06:51:19.056+0000][gc,phases     ] GC(3)   Post Evacuate Collection Set: 0.5ms
[2021-10-11T06:51:19.056+0000][gc,phases     ] GC(3)   Other: 0.2ms
[2021-10-11T06:51:19.056+0000][gc,heap       ] GC(3) Eden regions: 50->0(47)
[2021-10-11T06:51:19.056+0000][gc,heap       ] GC(3) Survivor regions: 1->4(7)
[2021-10-11T06:51:19.056+0000][gc,heap       ] GC(3) Old regions: 9->9
[2021-10-11T06:51:19.056+0000][gc,heap       ] GC(3) Humongous regions: 129->129
[2021-10-11T06:51:19.056+0000][gc,metaspace  ] GC(3) Metaspace: 29326K->29326K(1075200K)
[2021-10-11T06:51:19.056+0000][gc            ] GC(3) Pause Young (Normal) (G1 Evacuation Pause) 187M->140M(1024M) 3.995ms
[2021-10-11T06:51:19.056+0000][gc,cpu        ] GC(3) User=0.01s Sys=0.01s Real=0.01s
[2021-10-11T06:51:19.260+0000][gc,start      ] GC(4) Pause Young (Concurrent Start) (Metadata GC Threshold)
[2021-10-11T06:51:19.260+0000][gc,task       ] GC(4) Using 8 workers of 8 for evacuation
[2021-10-11T06:51:19.273+0000][gc,phases     ] GC(4)   Pre Evacuate Collection Set: 0.2ms
[2021-10-11T06:51:19.273+0000][gc,phases     ] GC(4)   Evacuate Collection Set: 12.0ms
[2021-10-11T06:51:19.273+0000][gc,phases     ] GC(4)   Post Evacuate Collection Set: 0.5ms
[2021-10-11T06:51:19.273+0000][gc,phases     ] GC(4)   Other: 0.3ms
[2021-10-11T06:51:19.273+0000][gc,heap       ] GC(4) Eden regions: 24->0(45)
[2021-10-11T06:51:19.273+0000][gc,heap       ] GC(4) Survivor regions: 4->6(7)
[2021-10-11T06:51:19.273+0000][gc,heap       ] GC(4) Old regions: 9->10
[2021-10-11T06:51:19.273+0000][gc,heap       ] GC(4) Humongous regions: 129->129
[2021-10-11T06:51:19.273+0000][gc,metaspace  ] GC(4) Metaspace: 34452K->34452K(1081344K)
[2021-10-11T06:51:19.273+0000][gc            ] GC(4) Pause Young (Concurrent Start) (Metadata GC Threshold) 163M->142M(1024M) 13.009ms
[2021-10-11T06:51:19.273+0000][gc,cpu        ] GC(4) User=0.07s Sys=0.00s Real=0.01s
[2021-10-11T06:51:19.273+0000][gc            ] GC(5) Concurrent Cycle
[2021-10-11T06:51:19.273+0000][gc,marking    ] GC(5) Concurrent Clear Claimed Marks
[2021-10-11T06:51:19.273+0000][gc,marking    ] GC(5) Concurrent Clear Claimed Marks 0.033ms
[2021-10-11T06:51:19.273+0000][gc,marking    ] GC(5) Concurrent Scan Root Regions
[2021-10-11T06:51:19.275+0000][gc,marking    ] GC(5) Concurrent Scan Root Regions 1.803ms
[2021-10-11T06:51:19.275+0000][gc,marking    ] GC(5) Concurrent Mark (1.707s)
[2021-10-11T06:51:19.275+0000][gc,marking    ] GC(5) Concurrent Mark From Roots
[2021-10-11T06:51:19.275+0000][gc,task       ] GC(5) Using 2 workers of 2 for marking
[2021-10-11T06:51:19.281+0000][gc,marking    ] GC(5) Concurrent Mark From Roots 6.171ms
[2021-10-11T06:51:19.281+0000][gc,marking    ] GC(5) Concurrent Preclean
[2021-10-11T06:51:19.281+0000][gc,marking    ] GC(5) Concurrent Preclean 0.088ms
[2021-10-11T06:51:19.281+0000][gc,marking    ] GC(5) Concurrent Mark (1.707s, 1.713s) 6.288ms
[2021-10-11T06:51:19.281+0000][gc,start      ] GC(5) Pause Remark
[2021-10-11T06:51:19.283+0000][gc,stringtable] GC(5) Cleaned string and symbol table, strings: 10257 processed, 10 removed, symbols: 81458 processed, 7 removed
[2021-10-11T06:51:19.284+0000][gc            ] GC(5) Pause Remark 144M->144M(1024M) 2.390ms
[2021-10-11T06:51:19.284+0000][gc,cpu        ] GC(5) User=0.02s Sys=0.00s Real=0.01s
[2021-10-11T06:51:19.284+0000][gc,marking    ] GC(5) Concurrent Rebuild Remembered Sets
[2021-10-11T06:51:19.286+0000][gc,marking    ] GC(5) Concurrent Rebuild Remembered Sets 2.572ms
[2021-10-11T06:51:19.288+0000][gc,start      ] GC(5) Pause Cleanup
[2021-10-11T06:51:19.289+0000][gc            ] GC(5) Pause Cleanup 144M->144M(1024M) 0.149ms
[2021-10-11T06:51:19.289+0000][gc,cpu        ] GC(5) User=0.00s Sys=0.00s Real=0.00s
[2021-10-11T06:51:19.289+0000][gc,marking    ] GC(5) Concurrent Cleanup for Next Mark
[2021-10-11T06:51:19.293+0000][gc,marking    ] GC(5) Concurrent Cleanup for Next Mark 4.437ms
[2021-10-11T06:51:19.293+0000][gc            ] GC(5) Concurrent Cycle 20.215ms
[2021-10-11T06:52:01.709+0000][gc,start      ] GC(6) Pause Young (Concurrent Start) (G1 Evacuation Pause)
[2021-10-11T06:52:01.710+0000][gc,task       ] GC(6) Using 8 workers of 8 for evacuation
[2021-10-11T06:52:01.717+0000][gc,phases     ] GC(6)   Pre Evacuate Collection Set: 0.2ms
[2021-10-11T06:52:01.717+0000][gc,phases     ] GC(6)   Evacuate Collection Set: 6.5ms
[2021-10-11T06:52:01.717+0000][gc,phases     ] GC(6)   Post Evacuate Collection Set: 0.5ms
[2021-10-11T06:52:01.717+0000][gc,phases     ] GC(6)   Other: 0.3ms
[2021-10-11T06:52:01.717+0000][gc,heap       ] GC(6) Eden regions: 45->0(47)
[2021-10-11T06:52:01.717+0000][gc,heap       ] GC(6) Survivor regions: 6->4(7)
[2021-10-11T06:52:01.717+0000][gc,heap       ] GC(6) Old regions: 10->13
[2021-10-11T06:52:01.717+0000][gc,heap       ] GC(6) Humongous regions: 141->129
[2021-10-11T06:52:01.717+0000][gc,metaspace  ] GC(6) Metaspace: 38651K->38651K(1085440K)
[2021-10-11T06:52:01.717+0000][gc            ] GC(6) Pause Young (Concurrent Start) (G1 Evacuation Pause) 199M->143M(1024M) 7.685ms
[2021-10-11T06:52:01.717+0000][gc,cpu        ] GC(6) User=0.02s Sys=0.00s Real=0.01s
[2021-10-11T06:52:01.717+0000][gc            ] GC(7) Concurrent Cycle
[2021-10-11T06:52:01.717+0000][gc,marking    ] GC(7) Concurrent Clear Claimed Marks
[2021-10-11T06:52:01.717+0000][gc,marking    ] GC(7) Concurrent Clear Claimed Marks 0.020ms
[2021-10-11T06:52:01.717+0000][gc,marking    ] GC(7) Concurrent Scan Root Regions
[2021-10-11T06:52:01.719+0000][gc,marking    ] GC(7) Concurrent Scan Root Regions 1.462ms
[2021-10-11T06:52:01.719+0000][gc,marking    ] GC(7) Concurrent Mark (44.151s)
[2021-10-11T06:52:01.719+0000][gc,marking    ] GC(7) Concurrent Mark From Roots
[2021-10-11T06:52:01.719+0000][gc,task       ] GC(7) Using 2 workers of 2 for marking
[2021-10-11T06:52:01.727+0000][gc,marking    ] GC(7) Concurrent Mark From Roots 8.529ms
[2021-10-11T06:52:01.727+0000][gc,marking    ] GC(7) Concurrent Preclean
[2021-10-11T06:52:01.727+0000][gc,marking    ] GC(7) Concurrent Preclean 0.099ms
[2021-10-11T06:52:01.727+0000][gc,marking    ] GC(7) Concurrent Mark (44.151s, 44.159s) 8.655ms
[2021-10-11T06:52:01.728+0000][gc,start      ] GC(7) Pause Remark
[2021-10-11T06:52:01.736+0000][gc,stringtable] GC(7) Cleaned string and symbol table, strings: 11162 processed, 4 removed, symbols: 84711 processed, 3 removed
[2021-10-11T06:52:01.736+0000][gc            ] GC(7) Pause Remark 144M->144M(1024M) 8.536ms
[2021-10-11T06:52:01.736+0000][gc,cpu        ] GC(7) User=0.04s Sys=0.00s Real=0.01s
[2021-10-11T06:52:01.736+0000][gc,marking    ] GC(7) Concurrent Rebuild Remembered Sets
[2021-10-11T06:52:01.740+0000][gc,marking    ] GC(7) Concurrent Rebuild Remembered Sets 4.352ms
[2021-10-11T06:52:01.741+0000][gc,start      ] GC(7) Pause Cleanup
[2021-10-11T06:52:01.741+0000][gc            ] GC(7) Pause Cleanup 144M->144M(1024M) 0.155ms
[2021-10-11T06:52:01.741+0000][gc,cpu        ] GC(7) User=0.00s Sys=0.00s Real=0.00s
[2021-10-11T06:52:01.741+0000][gc,marking    ] GC(7) Concurrent Cleanup for Next Mark
[2021-10-11T06:52:01.742+0000][gc,marking    ] GC(7) Concurrent Cleanup for Next Mark 1.667ms
[2021-10-11T06:52:01.742+0000][gc            ] GC(7) Concurrent Cycle 25.273ms
[2021-10-11T06:52:02.468+0000][gc,start      ] GC(8) Pause Young (Normal) (G1 Evacuation Pause)
[2021-10-11T06:52:02.468+0000][gc,task       ] GC(8) Using 8 workers of 8 for evacuation
[2021-10-11T06:52:02.472+0000][gc,phases     ] GC(8)   Pre Evacuate Collection Set: 0.0ms
[2021-10-11T06:52:02.472+0000][gc,phases     ] GC(8)   Evacuate Collection Set: 3.1ms
[2021-10-11T06:52:02.472+0000][gc,phases     ] GC(8)   Post Evacuate Collection Set: 0.4ms
[2021-10-11T06:52:02.472+0000][gc,phases     ] GC(8)   Other: 0.1ms
[2021-10-11T06:52:02.472+0000][gc,heap       ] GC(8) Eden regions: 47->0(47)
[2021-10-11T06:52:02.472+0000][gc,heap       ] GC(8) Survivor regions: 4->4(7)
[2021-10-11T06:52:02.472+0000][gc,heap       ] GC(8) Old regions: 13->13
[2021-10-11T06:52:02.472+0000][gc,heap       ] GC(8) Humongous regions: 129->129
[2021-10-11T06:52:02.472+0000][gc,metaspace  ] GC(8) Metaspace: 39174K->39174K(1085440K)
[2021-10-11T06:52:02.472+0000][gc            ] GC(8) Pause Young (Normal) (G1 Evacuation Pause) 190M->144M(1024M) 3.737ms
[2021-10-11T06:52:02.472+0000][gc,cpu        ] GC(8) User=0.02s Sys=0.00s Real=0.00s
[2021-10-11T06:52:03.240+0000][gc,start      ] GC(9) Pause Young (Normal) (G1 Evacuation Pause)
[2021-10-11T06:52:03.240+0000][gc,task       ] GC(9) Using 8 workers of 8 for evacuation
[2021-10-11T06:52:03.243+0000][gc,phases     ] GC(9)   Pre Evacuate Collection Set: 0.0ms
[2021-10-11T06:52:03.243+0000][gc,phases     ] GC(9)   Evacuate Collection Set: 2.8ms
[2021-10-11T06:52:03.243+0000][gc,phases     ] GC(9)   Post Evacuate Collection Set: 0.4ms
[2021-10-11T06:52:03.243+0000][gc,phases     ] GC(9)   Other: 0.1ms
[2021-10-11T06:52:03.243+0000][gc,heap       ] GC(9) Eden regions: 47->0(49)
[2021-10-11T06:52:03.243+0000][gc,heap       ] GC(9) Survivor regions: 4->2(7)
[2021-10-11T06:52:03.243+0000][gc,heap       ] GC(9) Old regions: 13->15
[2021-10-11T06:52:03.243+0000][gc,heap       ] GC(9) Humongous regions: 129->129
[2021-10-11T06:52:03.243+0000][gc,metaspace  ] GC(9) Metaspace: 39197K->39197K(1085440K)
[2021-10-11T06:52:03.243+0000][gc            ] GC(9) Pause Young (Normal) (G1 Evacuation Pause) 191M->144M(1024M) 3.349ms
[2021-10-11T06:52:03.243+0000][gc,cpu        ] GC(9) User=0.01s Sys=0.00s Real=0.00s
[2021-10-11T06:52:04.052+0000][gc,start      ] GC(10) Pause Young (Normal) (G1 Evacuation Pause)
[2021-10-11T06:52:04.052+0000][gc,task       ] GC(10) Using 8 workers of 8 for evacuation
[2021-10-11T06:52:04.055+0000][gc,phases     ] GC(10)   Pre Evacuate Collection Set: 0.0ms
[2021-10-11T06:52:04.055+0000][gc,phases     ] GC(10)   Evacuate Collection Set: 1.9ms
[2021-10-11T06:52:04.055+0000][gc,phases     ] GC(10)   Post Evacuate Collection Set: 0.4ms
[2021-10-11T06:52:04.055+0000][gc,phases     ] GC(10)   Other: 0.1ms
[2021-10-11T06:52:04.055+0000][gc,heap       ] GC(10) Eden regions: 49->0(49)
[2021-10-11T06:52:04.055+0000][gc,heap       ] GC(10) Survivor regions: 2->2(7)
[2021-10-11T06:52:04.055+0000][gc,heap       ] GC(10) Old regions: 15->15
[2021-10-11T06:52:04.055+0000][gc,heap       ] GC(10) Humongous regions: 129->129
[2021-10-11T06:52:04.055+0000][gc,metaspace  ] GC(10) Metaspace: 39205K->39205K(1085440K)
[2021-10-11T06:52:04.055+0000][gc            ] GC(10) Pause Young (Normal) (G1 Evacuation Pause) 193M->144M(1024M) 2.560ms
[2021-10-11T06:52:04.055+0000][gc,cpu        ] GC(10) User=0.00s Sys=0.00s Real=0.00s
[2021-10-11T06:52:04.860+0000][gc,start      ] GC(11) Pause Young (Normal) (G1 Evacuation Pause)
[2021-10-11T06:52:04.860+0000][gc,task       ] GC(11) Using 8 workers of 8 for evacuation
[2021-10-11T06:52:04.862+0000][gc,phases     ] GC(11)   Pre Evacuate Collection Set: 0.0ms
[2021-10-11T06:52:04.862+0000][gc,phases     ] GC(11)   Evacuate Collection Set: 1.7ms
[2021-10-11T06:52:04.862+0000][gc,phases     ] GC(11)   Post Evacuate Collection Set: 0.3ms
[2021-10-11T06:52:04.862+0000][gc,phases     ] GC(11)   Other: 0.1ms
[2021-10-11T06:52:04.862+0000][gc,heap       ] GC(11) Eden regions: 49->0(52)
[2021-10-11T06:52:04.862+0000][gc,heap       ] GC(11) Survivor regions: 2->2(7)
[2021-10-11T06:52:04.862+0000][gc,heap       ] GC(11) Old regions: 15->15
[2021-10-11T06:52:04.862+0000][gc,heap       ] GC(11) Humongous regions: 129->129
[2021-10-11T06:52:04.862+0000][gc,metaspace  ] GC(11) Metaspace: 39206K->39206K(1085440K)
[2021-10-11T06:52:04.862+0000][gc            ] GC(11) Pause Young (Normal) (G1 Evacuation Pause) 193M->144M(1024M) 2.286ms
[2021-10-11T06:52:04.862+0000][gc,cpu        ] GC(11) User=0.00s Sys=0.00s Real=0.00s
[2021-10-11T06:52:05.715+0000][gc,start      ] GC(12) Pause Young (Normal) (G1 Evacuation Pause)
[2021-10-11T06:52:05.715+0000][gc,task       ] GC(12) Using 8 workers of 8 for evacuation
[2021-10-11T06:52:05.718+0000][gc,phases     ] GC(12)   Pre Evacuate Collection Set: 0.0ms
[2021-10-11T06:52:05.718+0000][gc,phases     ] GC(12)   Evacuate Collection Set: 1.9ms
[2021-10-11T06:52:05.718+0000][gc,phases     ] GC(12)   Post Evacuate Collection Set: 0.4ms
[2021-10-11T06:52:05.718+0000][gc,phases     ] GC(12)   Other: 0.2ms
[2021-10-11T06:52:05.718+0000][gc,heap       ] GC(12) Eden regions: 52->0(56)
[2021-10-11T06:52:05.718+0000][gc,heap       ] GC(12) Survivor regions: 2->2(7)
[2021-10-11T06:52:05.718+0000][gc,heap       ] GC(12) Old regions: 15->15
[2021-10-11T06:52:05.718+0000][gc,heap       ] GC(12) Humongous regions: 129->129
[2021-10-11T06:52:05.718+0000][gc,metaspace  ] GC(12) Metaspace: 39206K->39206K(1085440K)
[2021-10-11T06:52:05.718+0000][gc            ] GC(12) Pause Young (Normal) (G1 Evacuation Pause) 196M->144M(1024M) 2.728ms
[2021-10-11T06:52:05.718+0000][gc,cpu        ] GC(12) User=0.01s Sys=0.00s Real=0.01s
[2021-10-11T06:52:06.629+0000][gc,start      ] GC(13) Pause Young (Normal) (G1 Evacuation Pause)
[2021-10-11T06:52:06.629+0000][gc,task       ] GC(13) Using 8 workers of 8 for evacuation
[2021-10-11T06:52:06.633+0000][gc,phases     ] GC(13)   Pre Evacuate Collection Set: 0.0ms
[2021-10-11T06:52:06.633+0000][gc,phases     ] GC(13)   Evacuate Collection Set: 3.3ms
[2021-10-11T06:52:06.633+0000][gc,phases     ] GC(13)   Post Evacuate Collection Set: 0.4ms
[2021-10-11T06:52:06.633+0000][gc,phases     ] GC(13)   Other: 0.1ms
[2021-10-11T06:52:06.633+0000][gc,heap       ] GC(13) Eden regions: 56->0(64)
[2021-10-11T06:52:06.633+0000][gc,heap       ] GC(13) Survivor regions: 2->3(8)
[2021-10-11T06:52:06.633+0000][gc,heap       ] GC(13) Old regions: 15->15
[2021-10-11T06:52:06.633+0000][gc,heap       ] GC(13) Humongous regions: 129->129
[2021-10-11T06:52:06.633+0000][gc,metaspace  ] GC(13) Metaspace: 39206K->39206K(1085440K)
[2021-10-11T06:52:06.633+0000][gc            ] GC(13) Pause Young (Normal) (G1 Evacuation Pause) 200M->144M(1024M) 3.932ms
[2021-10-11T06:52:06.633+0000][gc,cpu        ] GC(13) User=0.02s Sys=0.00s Real=0.00s
[2021-10-11T06:52:07.677+0000][gc,start      ] GC(14) Pause Young (Normal) (G1 Evacuation Pause)
[2021-10-11T06:52:07.677+0000][gc,task       ] GC(14) Using 8 workers of 8 for evacuation
[2021-10-11T06:52:07.680+0000][gc,phases     ] GC(14)   Pre Evacuate Collection Set: 0.0ms
[2021-10-11T06:52:07.680+0000][gc,phases     ] GC(14)   Evacuate Collection Set: 2.1ms
[2021-10-11T06:52:07.680+0000][gc,phases     ] GC(14)   Post Evacuate Collection Set: 0.4ms
[2021-10-11T06:52:07.680+0000][gc,phases     ] GC(14)   Other: 0.1ms
[2021-10-11T06:52:07.680+0000][gc,heap       ] GC(14) Eden regions: 64->0(612)
[2021-10-11T06:52:07.680+0000][gc,heap       ] GC(14) Survivor regions: 3->2(9)
[2021-10-11T06:52:07.680+0000][gc,heap       ] GC(14) Old regions: 15->15
[2021-10-11T06:52:07.680+0000][gc,heap       ] GC(14) Humongous regions: 129->129
[2021-10-11T06:52:07.680+0000][gc,metaspace  ] GC(14) Metaspace: 39207K->39207K(1085440K)
[2021-10-11T06:52:07.680+0000][gc            ] GC(14) Pause Young (Normal) (G1 Evacuation Pause) 208M->144M(1024M) 2.674ms
[2021-10-11T06:52:07.680+0000][gc,cpu        ] GC(14) User=0.01s Sys=0.00s Real=0.00s
[2021-10-11T06:54:02.049+0000][gc,start      ] GC(15) Pause Young (Normal) (G1 Evacuation Pause)
[2021-10-11T06:54:02.049+0000][gc,task       ] GC(15) Using 8 workers of 8 for evacuation
[2021-10-11T06:54:02.054+0000][gc,phases     ] GC(15)   Pre Evacuate Collection Set: 0.2ms
[2021-10-11T06:54:02.054+0000][gc,phases     ] GC(15)   Evacuate Collection Set: 3.9ms
[2021-10-11T06:54:02.054+0000][gc,phases     ] GC(15)   Post Evacuate Collection Set: 1.1ms
[2021-10-11T06:54:02.054+0000][gc,phases     ] GC(15)   Other: 1.4ms
[2021-10-11T06:54:02.054+0000][gc,heap       ] GC(15) Eden regions: 612->0(611)
[2021-10-11T06:54:02.054+0000][gc,heap       ] GC(15) Survivor regions: 2->3(77)
[2021-10-11T06:54:02.054+0000][gc,heap       ] GC(15) Old regions: 15->15
[2021-10-11T06:54:02.054+0000][gc,heap       ] GC(15) Humongous regions: 129->129
[2021-10-11T06:54:02.054+0000][gc,metaspace  ] GC(15) Metaspace: 39419K->39419K(1085440K)
[2021-10-11T06:54:02.054+0000][gc            ] GC(15) Pause Young (Normal) (G1 Evacuation Pause) 756M->144M(1024M) 6.116ms
[2021-10-11T06:54:02.054+0000][gc,cpu        ] GC(15) User=0.02s Sys=0.00s Real=0.00s
[2021-10-11T06:55:04.408+0000][gc,start      ] GC(16) Pause Young (Normal) (G1 Evacuation Pause)
[2021-10-11T06:55:04.408+0000][gc,task       ] GC(16) Using 8 workers of 8 for evacuation
[2021-10-11T06:55:04.413+0000][gc,phases     ] GC(16)   Pre Evacuate Collection Set: 0.1ms
[2021-10-11T06:55:04.413+0000][gc,phases     ] GC(16)   Evacuate Collection Set: 4.0ms
[2021-10-11T06:55:04.413+0000][gc,phases     ] GC(16)   Post Evacuate Collection Set: 0.7ms
[2021-10-11T06:55:04.413+0000][gc,phases     ] GC(16)   Other: 0.2ms
[2021-10-11T06:55:04.413+0000][gc,heap       ] GC(16) Eden regions: 611->0(612)
[2021-10-11T06:55:04.413+0000][gc,heap       ] GC(16) Survivor regions: 3->2(77)
[2021-10-11T06:55:04.413+0000][gc,heap       ] GC(16) Old regions: 15->15
[2021-10-11T06:55:04.413+0000][gc,heap       ] GC(16) Humongous regions: 129->129
[2021-10-11T06:55:04.413+0000][gc,metaspace  ] GC(16) Metaspace: 39439K->39439K(1085440K)
[2021-10-11T06:55:04.413+0000][gc            ] GC(16) Pause Young (Normal) (G1 Evacuation Pause) 755M->144M(1024M) 5.026ms
[2021-10-11T06:55:04.413+0000][gc,cpu        ] GC(16) User=0.02s Sys=0.00s Real=0.00s
[2021-10-11T06:56:08.053+0000][gc,start      ] GC(17) Pause Young (Normal) (G1 Evacuation Pause)
[2021-10-11T06:56:08.054+0000][gc,task       ] GC(17) Using 8 workers of 8 for evacuation
[2021-10-11T06:56:08.060+0000][gc,phases     ] GC(17)   Pre Evacuate Collection Set: 0.3ms
[2021-10-11T06:56:08.060+0000][gc,phases     ] GC(17)   Evacuate Collection Set: 4.2ms
[2021-10-11T06:56:08.060+0000][gc,phases     ] GC(17)   Post Evacuate Collection Set: 1.0ms
[2021-10-11T06:56:08.060+0000][gc,phases     ] GC(17)   Other: 2.1ms
[2021-10-11T06:56:08.060+0000][gc,heap       ] GC(17) Eden regions: 612->0(611)
[2021-10-11T06:56:08.060+0000][gc,heap       ] GC(17) Survivor regions: 2->3(77)
[2021-10-11T06:56:08.060+0000][gc,heap       ] GC(17) Old regions: 15->15
[2021-10-11T06:56:08.060+0000][gc,heap       ] GC(17) Humongous regions: 184->129
[2021-10-11T06:56:08.060+0000][gc,metaspace  ] GC(17) Metaspace: 39454K->39454K(1085440K)
[2021-10-11T06:56:08.060+0000][gc            ] GC(17) Pause Young (Normal) (G1 Evacuation Pause) 811M->144M(1024M) 6.843ms
[2021-10-11T06:56:08.060+0000][gc,cpu        ] GC(17) User=0.02s Sys=0.00s Real=0.01s
[2021-10-11T06:58:02.656+0000][gc,start      ] GC(18) Pause Young (Normal) (G1 Evacuation Pause)
[2021-10-11T06:58:02.656+0000][gc,task       ] GC(18) Using 8 workers of 8 for evacuation
[2021-10-11T06:58:02.661+0000][gc,phases     ] GC(18)   Pre Evacuate Collection Set: 0.1ms
[2021-10-11T06:58:02.661+0000][gc,phases     ] GC(18)   Evacuate Collection Set: 4.1ms
[2021-10-11T06:58:02.661+0000][gc,phases     ] GC(18)   Post Evacuate Collection Set: 0.9ms
[2021-10-11T06:58:02.661+0000][gc,phases     ] GC(18)   Other: 0.2ms
[2021-10-11T06:58:02.661+0000][gc,heap       ] GC(18) Eden regions: 611->0(611)
[2021-10-11T06:58:02.661+0000][gc,heap       ] GC(18) Survivor regions: 3->3(77)
[2021-10-11T06:58:02.661+0000][gc,heap       ] GC(18) Old regions: 15->15
[2021-10-11T06:58:02.661+0000][gc,heap       ] GC(18) Humongous regions: 161->129
[2021-10-11T06:58:02.661+0000][gc,metaspace  ] GC(18) Metaspace: 39992K->39992K(1085440K)
[2021-10-11T06:58:02.661+0000][gc            ] GC(18) Pause Young (Normal) (G1 Evacuation Pause) 787M->144M(1024M) 5.347ms
[2021-10-11T06:58:02.661+0000][gc,cpu        ] GC(18) User=0.02s Sys=0.00s Real=0.00s
[2021-10-11T06:58:18.527+0000][gc,heap,exit  ] Heap
[2021-10-11T06:58:18.527+0000][gc,heap,exit  ]  garbage-first heap   total 1048576K, used 577859K [0x00000000c0000000, 0x0000000100000000)
[2021-10-11T06:58:18.527+0000][gc,heap,exit  ]   region size 1024K, 425 young (435200K), 3 survivors (3072K)
[2021-10-11T06:58:18.527+0000][gc,heap,exit  ]  Metaspace       used 40662K, capacity 42672K, committed 42752K, reserved 1085440K
[2021-10-11T06:58:18.527+0000][gc,heap,exit  ]   class space    used 4922K, capacity 5850K, committed 5888K, reserved 1048576K
