[2021-10-11T06:58:19.155+0000][gc,heap] Heap region size: 1M
[2021-10-11T06:58:19.163+0000][gc     ] Using G1
[2021-10-11T06:58:19.163+0000][gc,heap,coops] Heap address: 0x00000000c0000000, size: 1024 MB, Compressed Oops mode: 32-bit
[2021-10-11T06:58:19.163+0000][gc,cds       ] Mark closed archive regions in map: [0x00000000fff00000, 0x00000000fff6aff8]
[2021-10-11T06:58:19.163+0000][gc,cds       ] Mark open archive regions in map: [0x00000000ffe00000, 0x00000000ffe46ff8]
[2021-10-11T06:58:19.834+0000][gc,start     ] GC(0) Pause Young (Normal) (G1 Evacuation Pause)
[2021-10-11T06:58:19.834+0000][gc,task      ] GC(0) Using 8 workers of 8 for evacuation
[2021-10-11T06:58:19.840+0000][gc,phases    ] GC(0)   Pre Evacuate Collection Set: 0.0ms
[2021-10-11T06:58:19.840+0000][gc,phases    ] GC(0)   Evacuate Collection Set: 5.2ms
[2021-10-11T06:58:19.840+0000][gc,phases    ] GC(0)   Post Evacuate Collection Set: 0.4ms
[2021-10-11T06:58:19.840+0000][gc,phases    ] GC(0)   Other: 0.6ms
[2021-10-11T06:58:19.840+0000][gc,heap      ] GC(0) Eden regions: 51->0(44)
[2021-10-11T06:58:19.840+0000][gc,heap      ] GC(0) Survivor regions: 0->7(7)
[2021-10-11T06:58:19.840+0000][gc,heap      ] GC(0) Old regions: 2->2
[2021-10-11T06:58:19.840+0000][gc,heap      ] GC(0) Humongous regions: 0->0
[2021-10-11T06:58:19.840+0000][gc,metaspace ] GC(0) Metaspace: 15567K->15567K(1062912K)
[2021-10-11T06:58:19.840+0000][gc           ] GC(0) Pause Young (Normal) (G1 Evacuation Pause) 51M->7M(1024M) 6.314ms
[2021-10-11T06:58:19.840+0000][gc,cpu       ] GC(0) User=0.04s Sys=0.01s Real=0.01s
[2021-10-11T06:58:20.034+0000][gc,start     ] GC(1) Pause Young (Concurrent Start) (Metadata GC Threshold)
[2021-10-11T06:58:20.034+0000][gc,task      ] GC(1) Using 8 workers of 8 for evacuation
[2021-10-11T06:58:20.040+0000][gc,phases    ] GC(1)   Pre Evacuate Collection Set: 0.1ms
[2021-10-11T06:58:20.040+0000][gc,phases    ] GC(1)   Evacuate Collection Set: 5.3ms
[2021-10-11T06:58:20.040+0000][gc,phases    ] GC(1)   Post Evacuate Collection Set: 0.3ms
[2021-10-11T06:58:20.040+0000][gc,phases    ] GC(1)   Other: 0.2ms
[2021-10-11T06:58:20.040+0000][gc,heap      ] GC(1) Eden regions: 21->0(50)
[2021-10-11T06:58:20.040+0000][gc,heap      ] GC(1) Survivor regions: 7->1(7)
[2021-10-11T06:58:20.040+0000][gc,heap      ] GC(1) Old regions: 2->9
[2021-10-11T06:58:20.040+0000][gc,heap      ] GC(1) Humongous regions: 0->0
[2021-10-11T06:58:20.040+0000][gc,metaspace ] GC(1) Metaspace: 20590K->20590K(1067008K)
[2021-10-11T06:58:20.040+0000][gc           ] GC(1) Pause Young (Concurrent Start) (Metadata GC Threshold) 27M->7M(1024M) 5.955ms
[2021-10-11T06:58:20.040+0000][gc,cpu       ] GC(1) User=0.03s Sys=0.01s Real=0.01s
[2021-10-11T06:58:20.040+0000][gc           ] GC(2) Concurrent Cycle
[2021-10-11T06:58:20.040+0000][gc,marking   ] GC(2) Concurrent Clear Claimed Marks
[2021-10-11T06:58:20.040+0000][gc,marking   ] GC(2) Concurrent Clear Claimed Marks 0.015ms
[2021-10-11T06:58:20.040+0000][gc,marking   ] GC(2) Concurrent Scan Root Regions
[2021-10-11T06:58:20.041+0000][gc,marking   ] GC(2) Concurrent Scan Root Regions 0.616ms
[2021-10-11T06:58:20.041+0000][gc,marking   ] GC(2) Concurrent Mark (0.889s)
[2021-10-11T06:58:20.041+0000][gc,marking   ] GC(2) Concurrent Mark From Roots
[2021-10-11T06:58:20.041+0000][gc,task      ] GC(2) Using 2 workers of 2 for marking
[2021-10-11T06:58:20.046+0000][gc,marking   ] GC(2) Concurrent Mark From Roots 4.611ms
[2021-10-11T06:58:20.046+0000][gc,marking   ] GC(2) Concurrent Preclean
[2021-10-11T06:58:20.046+0000][gc,marking   ] GC(2) Concurrent Preclean 0.078ms
[2021-10-11T06:58:20.046+0000][gc,marking   ] GC(2) Concurrent Mark (0.889s, 0.894s) 4.718ms
[2021-10-11T06:58:20.046+0000][gc,start     ] GC(2) Pause Remark
[2021-10-11T06:58:20.047+0000][gc,stringtable] GC(2) Cleaned string and symbol table, strings: 5026 processed, 0 removed, symbols: 49751 processed, 42 removed
[2021-10-11T06:58:20.047+0000][gc            ] GC(2) Pause Remark 8M->8M(1024M) 1.242ms
[2021-10-11T06:58:20.047+0000][gc,cpu        ] GC(2) User=0.00s Sys=0.00s Real=0.00s
[2021-10-11T06:58:20.047+0000][gc,marking    ] GC(2) Concurrent Rebuild Remembered Sets
[2021-10-11T06:58:20.049+0000][gc,marking    ] GC(2) Concurrent Rebuild Remembered Sets 2.189ms
[2021-10-11T06:58:20.049+0000][gc,start      ] GC(2) Pause Cleanup
[2021-10-11T06:58:20.050+0000][gc            ] GC(2) Pause Cleanup 8M->8M(1024M) 0.169ms
[2021-10-11T06:58:20.050+0000][gc,cpu        ] GC(2) User=0.00s Sys=0.00s Real=0.00s
[2021-10-11T06:58:20.050+0000][gc,marking    ] GC(2) Concurrent Cleanup for Next Mark
[2021-10-11T06:58:20.053+0000][gc,marking    ] GC(2) Concurrent Cleanup for Next Mark 3.628ms
[2021-10-11T06:58:20.053+0000][gc            ] GC(2) Concurrent Cycle 12.857ms
[2021-10-11T06:58:20.607+0000][gc,start      ] GC(3) Pause Young (Normal) (G1 Evacuation Pause)
[2021-10-11T06:58:20.607+0000][gc,task       ] GC(3) Using 8 workers of 8 for evacuation
[2021-10-11T06:58:20.610+0000][gc,phases     ] GC(3)   Pre Evacuate Collection Set: 0.0ms
[2021-10-11T06:58:20.610+0000][gc,phases     ] GC(3)   Evacuate Collection Set: 1.9ms
[2021-10-11T06:58:20.610+0000][gc,phases     ] GC(3)   Post Evacuate Collection Set: 0.4ms
[2021-10-11T06:58:20.610+0000][gc,phases     ] GC(3)   Other: 0.1ms
[2021-10-11T06:58:20.610+0000][gc,heap       ] GC(3) Eden regions: 50->0(46)
[2021-10-11T06:58:20.610+0000][gc,heap       ] GC(3) Survivor regions: 1->5(7)
[2021-10-11T06:58:20.610+0000][gc,heap       ] GC(3) Old regions: 9->9
[2021-10-11T06:58:20.610+0000][gc,heap       ] GC(3) Humongous regions: 129->129
[2021-10-11T06:58:20.610+0000][gc,metaspace  ] GC(3) Metaspace: 29242K->29242K(1075200K)
[2021-10-11T06:58:20.610+0000][gc            ] GC(3) Pause Young (Normal) (G1 Evacuation Pause) 186M->140M(1024M) 2.529ms
[2021-10-11T06:58:20.610+0000][gc,cpu        ] GC(3) User=0.01s Sys=0.00s Real=0.00s
[2021-10-11T06:58:20.801+0000][gc,start      ] GC(4) Pause Young (Concurrent Start) (Metadata GC Threshold)
[2021-10-11T06:58:20.801+0000][gc,task       ] GC(4) Using 8 workers of 8 for evacuation
[2021-10-11T06:58:20.806+0000][gc,phases     ] GC(4)   Pre Evacuate Collection Set: 0.1ms
[2021-10-11T06:58:20.806+0000][gc,phases     ] GC(4)   Evacuate Collection Set: 4.3ms
[2021-10-11T06:58:20.806+0000][gc,phases     ] GC(4)   Post Evacuate Collection Set: 0.4ms
[2021-10-11T06:58:20.806+0000][gc,phases     ] GC(4)   Other: 0.2ms
[2021-10-11T06:58:20.806+0000][gc,heap       ] GC(4) Eden regions: 25->0(45)
[2021-10-11T06:58:20.806+0000][gc,heap       ] GC(4) Survivor regions: 5->6(7)
[2021-10-11T06:58:20.806+0000][gc,heap       ] GC(4) Old regions: 9->9
[2021-10-11T06:58:20.806+0000][gc,heap       ] GC(4) Humongous regions: 129->129
[2021-10-11T06:58:20.806+0000][gc,metaspace  ] GC(4) Metaspace: 34492K->34492K(1081344K)
[2021-10-11T06:58:20.806+0000][gc            ] GC(4) Pause Young (Concurrent Start) (Metadata GC Threshold) 164M->142M(1024M) 5.019ms
[2021-10-11T06:58:20.806+0000][gc,cpu        ] GC(4) User=0.01s Sys=0.00s Real=0.01s
[2021-10-11T06:58:20.806+0000][gc            ] GC(5) Concurrent Cycle
[2021-10-11T06:58:20.806+0000][gc,marking    ] GC(5) Concurrent Clear Claimed Marks
[2021-10-11T06:58:20.806+0000][gc,marking    ] GC(5) Concurrent Clear Claimed Marks 0.035ms
[2021-10-11T06:58:20.806+0000][gc,marking    ] GC(5) Concurrent Scan Root Regions
[2021-10-11T06:58:20.808+0000][gc,marking    ] GC(5) Concurrent Scan Root Regions 1.613ms
[2021-10-11T06:58:20.808+0000][gc,marking    ] GC(5) Concurrent Mark (1.656s)
[2021-10-11T06:58:20.808+0000][gc,marking    ] GC(5) Concurrent Mark From Roots
[2021-10-11T06:58:20.808+0000][gc,task       ] GC(5) Using 2 workers of 2 for marking
[2021-10-11T06:58:20.813+0000][gc,marking    ] GC(5) Concurrent Mark From Roots 5.425ms
[2021-10-11T06:58:20.813+0000][gc,marking    ] GC(5) Concurrent Preclean
[2021-10-11T06:58:20.813+0000][gc,marking    ] GC(5) Concurrent Preclean 0.072ms
[2021-10-11T06:58:20.813+0000][gc,marking    ] GC(5) Concurrent Mark (1.656s, 1.662s) 5.522ms
[2021-10-11T06:58:20.814+0000][gc,start      ] GC(5) Pause Remark
[2021-10-11T06:58:20.815+0000][gc,stringtable] GC(5) Cleaned string and symbol table, strings: 10245 processed, 10 removed, symbols: 81636 processed, 10 removed
[2021-10-11T06:58:20.815+0000][gc            ] GC(5) Pause Remark 143M->143M(1024M) 1.216ms
[2021-10-11T06:58:20.815+0000][gc,cpu        ] GC(5) User=0.01s Sys=0.00s Real=0.00s
[2021-10-11T06:58:20.815+0000][gc,marking    ] GC(5) Concurrent Rebuild Remembered Sets
[2021-10-11T06:58:20.818+0000][gc,marking    ] GC(5) Concurrent Rebuild Remembered Sets 2.613ms
[2021-10-11T06:58:20.820+0000][gc,start      ] GC(5) Pause Cleanup
[2021-10-11T06:58:20.820+0000][gc            ] GC(5) Pause Cleanup 144M->144M(1024M) 0.161ms
[2021-10-11T06:58:20.820+0000][gc,cpu        ] GC(5) User=0.00s Sys=0.00s Real=0.00s
[2021-10-11T06:58:20.820+0000][gc,marking    ] GC(5) Concurrent Cleanup for Next Mark
[2021-10-11T06:58:20.824+0000][gc,marking    ] GC(5) Concurrent Cleanup for Next Mark 4.146ms
[2021-10-11T06:58:20.824+0000][gc            ] GC(5) Concurrent Cycle 17.939ms
[2021-10-11T06:59:01.666+0000][gc,start      ] GC(6) Pause Young (Concurrent Start) (G1 Evacuation Pause)
[2021-10-11T06:59:01.666+0000][gc,task       ] GC(6) Using 8 workers of 8 for evacuation
[2021-10-11T06:59:01.673+0000][gc,phases     ] GC(6)   Pre Evacuate Collection Set: 0.2ms
[2021-10-11T06:59:01.673+0000][gc,phases     ] GC(6)   Evacuate Collection Set: 6.2ms
[2021-10-11T06:59:01.673+0000][gc,phases     ] GC(6)   Post Evacuate Collection Set: 0.6ms
[2021-10-11T06:59:01.673+0000][gc,phases     ] GC(6)   Other: 0.3ms
[2021-10-11T06:59:01.673+0000][gc,heap       ] GC(6) Eden regions: 45->0(47)
[2021-10-11T06:59:01.673+0000][gc,heap       ] GC(6) Survivor regions: 6->4(7)
[2021-10-11T06:59:01.673+0000][gc,heap       ] GC(6) Old regions: 9->13
[2021-10-11T06:59:01.673+0000][gc,heap       ] GC(6) Humongous regions: 141->129
[2021-10-11T06:59:01.673+0000][gc,metaspace  ] GC(6) Metaspace: 39521K->39521K(1085440K)
[2021-10-11T06:59:01.673+0000][gc            ] GC(6) Pause Young (Concurrent Start) (G1 Evacuation Pause) 199M->143M(1024M) 7.224ms
[2021-10-11T06:59:01.673+0000][gc,cpu        ] GC(6) User=0.03s Sys=0.00s Real=0.00s
[2021-10-11T06:59:01.673+0000][gc            ] GC(7) Concurrent Cycle
[2021-10-11T06:59:01.673+0000][gc,marking    ] GC(7) Concurrent Clear Claimed Marks
[2021-10-11T06:59:01.673+0000][gc,marking    ] GC(7) Concurrent Clear Claimed Marks 0.020ms
[2021-10-11T06:59:01.673+0000][gc,marking    ] GC(7) Concurrent Scan Root Regions
[2021-10-11T06:59:01.675+0000][gc,marking    ] GC(7) Concurrent Scan Root Regions 1.569ms
[2021-10-11T06:59:01.675+0000][gc,marking    ] GC(7) Concurrent Mark (42.523s)
[2021-10-11T06:59:01.675+0000][gc,marking    ] GC(7) Concurrent Mark From Roots
[2021-10-11T06:59:01.675+0000][gc,task       ] GC(7) Using 2 workers of 2 for marking
[2021-10-11T06:59:01.683+0000][gc,marking    ] GC(7) Concurrent Mark From Roots 8.605ms
[2021-10-11T06:59:01.683+0000][gc,marking    ] GC(7) Concurrent Preclean
[2021-10-11T06:59:01.683+0000][gc,marking    ] GC(7) Concurrent Preclean 0.111ms
[2021-10-11T06:59:01.683+0000][gc,marking    ] GC(7) Concurrent Mark (42.523s, 42.532s) 8.747ms
[2021-10-11T06:59:01.684+0000][gc,start      ] GC(7) Pause Remark
[2021-10-11T06:59:01.686+0000][gc,stringtable] GC(7) Cleaned string and symbol table, strings: 11273 processed, 4 removed, symbols: 85407 processed, 2 removed
[2021-10-11T06:59:01.686+0000][gc            ] GC(7) Pause Remark 145M->145M(1024M) 2.248ms
[2021-10-11T06:59:01.686+0000][gc,cpu        ] GC(7) User=0.01s Sys=0.00s Real=0.00s
[2021-10-11T06:59:01.686+0000][gc,marking    ] GC(7) Concurrent Rebuild Remembered Sets
[2021-10-11T06:59:01.692+0000][gc,marking    ] GC(7) Concurrent Rebuild Remembered Sets 5.964ms
[2021-10-11T06:59:01.692+0000][gc,start      ] GC(7) Pause Cleanup
[2021-10-11T06:59:01.692+0000][gc            ] GC(7) Pause Cleanup 145M->145M(1024M) 0.201ms
[2021-10-11T06:59:01.692+0000][gc,cpu        ] GC(7) User=0.00s Sys=0.00s Real=0.00s
[2021-10-11T06:59:01.692+0000][gc,marking    ] GC(7) Concurrent Cleanup for Next Mark
[2021-10-11T06:59:01.695+0000][gc,marking    ] GC(7) Concurrent Cleanup for Next Mark 2.423ms
[2021-10-11T06:59:01.695+0000][gc            ] GC(7) Concurrent Cycle 21.587ms
[2021-10-11T06:59:02.485+0000][gc,start      ] GC(8) Pause Young (Normal) (G1 Evacuation Pause)
[2021-10-11T06:59:02.485+0000][gc,task       ] GC(8) Using 8 workers of 8 for evacuation
[2021-10-11T06:59:02.488+0000][gc,phases     ] GC(8)   Pre Evacuate Collection Set: 0.0ms
[2021-10-11T06:59:02.488+0000][gc,phases     ] GC(8)   Evacuate Collection Set: 2.9ms
[2021-10-11T06:59:02.488+0000][gc,phases     ] GC(8)   Post Evacuate Collection Set: 0.4ms
[2021-10-11T06:59:02.488+0000][gc,phases     ] GC(8)   Other: 0.1ms
[2021-10-11T06:59:02.488+0000][gc,heap       ] GC(8) Eden regions: 47->0(48)
[2021-10-11T06:59:02.488+0000][gc,heap       ] GC(8) Survivor regions: 4->3(7)
[2021-10-11T06:59:02.488+0000][gc,heap       ] GC(8) Old regions: 13->15
[2021-10-11T06:59:02.488+0000][gc,heap       ] GC(8) Humongous regions: 129->129
[2021-10-11T06:59:02.488+0000][gc,metaspace  ] GC(8) Metaspace: 39812K->39812K(1085440K)
[2021-10-11T06:59:02.488+0000][gc            ] GC(8) Pause Young (Normal) (G1 Evacuation Pause) 190M->144M(1024M) 3.570ms
[2021-10-11T06:59:02.488+0000][gc,cpu        ] GC(8) User=0.02s Sys=0.00s Real=0.00s
[2021-10-11T06:59:03.298+0000][gc,start      ] GC(9) Pause Young (Normal) (G1 Evacuation Pause)
[2021-10-11T06:59:03.298+0000][gc,task       ] GC(9) Using 8 workers of 8 for evacuation
[2021-10-11T06:59:03.300+0000][gc,phases     ] GC(9)   Pre Evacuate Collection Set: 0.0ms
[2021-10-11T06:59:03.300+0000][gc,phases     ] GC(9)   Evacuate Collection Set: 1.8ms
[2021-10-11T06:59:03.301+0000][gc,phases     ] GC(9)   Post Evacuate Collection Set: 0.3ms
[2021-10-11T06:59:03.301+0000][gc,phases     ] GC(9)   Other: 0.1ms
[2021-10-11T06:59:03.301+0000][gc,heap       ] GC(9) Eden regions: 48->0(48)
[2021-10-11T06:59:03.301+0000][gc,heap       ] GC(9) Survivor regions: 3->3(7)
[2021-10-11T06:59:03.301+0000][gc,heap       ] GC(9) Old regions: 15->15
[2021-10-11T06:59:03.301+0000][gc,heap       ] GC(9) Humongous regions: 129->129
[2021-10-11T06:59:03.301+0000][gc,metaspace  ] GC(9) Metaspace: 39820K->39820K(1085440K)
[2021-10-11T06:59:03.301+0000][gc            ] GC(9) Pause Young (Normal) (G1 Evacuation Pause) 192M->144M(1024M) 2.364ms
[2021-10-11T06:59:03.301+0000][gc,cpu        ] GC(9) User=0.01s Sys=0.00s Real=0.00s
[2021-10-11T06:59:04.113+0000][gc,start      ] GC(10) Pause Young (Normal) (G1 Evacuation Pause)
[2021-10-11T06:59:04.113+0000][gc,task       ] GC(10) Using 8 workers of 8 for evacuation
[2021-10-11T06:59:04.115+0000][gc,phases     ] GC(10)   Pre Evacuate Collection Set: 0.0ms
[2021-10-11T06:59:04.115+0000][gc,phases     ] GC(10)   Evacuate Collection Set: 1.8ms
[2021-10-11T06:59:04.115+0000][gc,phases     ] GC(10)   Post Evacuate Collection Set: 0.5ms
[2021-10-11T06:59:04.115+0000][gc,phases     ] GC(10)   Other: 0.2ms
[2021-10-11T06:59:04.115+0000][gc,heap       ] GC(10) Eden regions: 48->0(57)
[2021-10-11T06:59:04.115+0000][gc,heap       ] GC(10) Survivor regions: 3->3(7)
[2021-10-11T06:59:04.115+0000][gc,heap       ] GC(10) Old regions: 15->15
[2021-10-11T06:59:04.115+0000][gc,heap       ] GC(10) Humongous regions: 129->129
[2021-10-11T06:59:04.115+0000][gc,metaspace  ] GC(10) Metaspace: 39824K->39824K(1085440K)
[2021-10-11T06:59:04.115+0000][gc            ] GC(10) Pause Young (Normal) (G1 Evacuation Pause) 192M->144M(1024M) 2.533ms
[2021-10-11T06:59:04.115+0000][gc,cpu        ] GC(10) User=0.01s Sys=0.00s Real=0.00s
[2021-10-11T06:59:05.056+0000][gc,start      ] GC(11) Pause Young (Normal) (G1 Evacuation Pause)
[2021-10-11T06:59:05.056+0000][gc,task       ] GC(11) Using 8 workers of 8 for evacuation
[2021-10-11T06:59:05.059+0000][gc,phases     ] GC(11)   Pre Evacuate Collection Set: 0.0ms
[2021-10-11T06:59:05.059+0000][gc,phases     ] GC(11)   Evacuate Collection Set: 2.3ms
[2021-10-11T06:59:05.059+0000][gc,phases     ] GC(11)   Post Evacuate Collection Set: 0.4ms
[2021-10-11T06:59:05.059+0000][gc,phases     ] GC(11)   Other: 0.2ms
[2021-10-11T06:59:05.059+0000][gc,heap       ] GC(11) Eden regions: 57->0(84)
[2021-10-11T06:59:05.059+0000][gc,heap       ] GC(11) Survivor regions: 3->3(8)
[2021-10-11T06:59:05.059+0000][gc,heap       ] GC(11) Old regions: 15->15
[2021-10-11T06:59:05.059+0000][gc,heap       ] GC(11) Humongous regions: 129->129
[2021-10-11T06:59:05.059+0000][gc,metaspace  ] GC(11) Metaspace: 39824K->39824K(1085440K)
[2021-10-11T06:59:05.059+0000][gc            ] GC(11) Pause Young (Normal) (G1 Evacuation Pause) 201M->144M(1024M) 2.935ms
[2021-10-11T06:59:05.059+0000][gc,cpu        ] GC(11) User=0.01s Sys=0.00s Real=0.00s
[2021-10-11T06:59:06.426+0000][gc,start      ] GC(12) Pause Young (Normal) (G1 Evacuation Pause)
[2021-10-11T06:59:06.426+0000][gc,task       ] GC(12) Using 8 workers of 8 for evacuation
[2021-10-11T06:59:06.429+0000][gc,phases     ] GC(12)   Pre Evacuate Collection Set: 0.0ms
[2021-10-11T06:59:06.429+0000][gc,phases     ] GC(12)   Evacuate Collection Set: 2.3ms
[2021-10-11T06:59:06.429+0000][gc,phases     ] GC(12)   Post Evacuate Collection Set: 0.4ms
[2021-10-11T06:59:06.429+0000][gc,phases     ] GC(12)   Other: 0.2ms
[2021-10-11T06:59:06.429+0000][gc,heap       ] GC(12) Eden regions: 84->0(104)
[2021-10-11T06:59:06.429+0000][gc,heap       ] GC(12) Survivor regions: 3->3(11)
[2021-10-11T06:59:06.429+0000][gc,heap       ] GC(12) Old regions: 15->15
[2021-10-11T06:59:06.429+0000][gc,heap       ] GC(12) Humongous regions: 129->129
[2021-10-11T06:59:06.429+0000][gc,metaspace  ] GC(12) Metaspace: 39844K->39844K(1085440K)
[2021-10-11T06:59:06.429+0000][gc            ] GC(12) Pause Young (Normal) (G1 Evacuation Pause) 228M->144M(1024M) 2.936ms
[2021-10-11T06:59:06.429+0000][gc,cpu        ] GC(12) User=0.01s Sys=0.00s Real=0.00s
[2021-10-11T06:59:08.122+0000][gc,start      ] GC(13) Pause Young (Normal) (G1 Evacuation Pause)
[2021-10-11T06:59:08.122+0000][gc,task       ] GC(13) Using 8 workers of 8 for evacuation
[2021-10-11T06:59:08.125+0000][gc,phases     ] GC(13)   Pre Evacuate Collection Set: 0.0ms
[2021-10-11T06:59:08.125+0000][gc,phases     ] GC(13)   Evacuate Collection Set: 1.9ms
[2021-10-11T06:59:08.125+0000][gc,phases     ] GC(13)   Post Evacuate Collection Set: 0.5ms
[2021-10-11T06:59:08.125+0000][gc,phases     ] GC(13)   Other: 0.2ms
[2021-10-11T06:59:08.125+0000][gc,heap       ] GC(13) Eden regions: 104->0(125)
[2021-10-11T06:59:08.125+0000][gc,heap       ] GC(13) Survivor regions: 3->3(14)
[2021-10-11T06:59:08.125+0000][gc,heap       ] GC(13) Old regions: 15->15
[2021-10-11T06:59:08.125+0000][gc,heap       ] GC(13) Humongous regions: 129->129
[2021-10-11T06:59:08.125+0000][gc,metaspace  ] GC(13) Metaspace: 39905K->39905K(1085440K)
[2021-10-11T06:59:08.125+0000][gc            ] GC(13) Pause Young (Normal) (G1 Evacuation Pause) 248M->144M(1024M) 2.688ms
[2021-10-11T06:59:08.125+0000][gc,cpu        ] GC(13) User=0.01s Sys=0.00s Real=0.01s
[2021-10-11T07:00:02.195+0000][gc,start      ] GC(14) Pause Young (Normal) (G1 Evacuation Pause)
[2021-10-11T07:00:02.195+0000][gc,task       ] GC(14) Using 8 workers of 8 for evacuation
[2021-10-11T07:00:02.229+0000][gc,mmu        ] GC(14) MMU target violated: 21.0ms (20.0ms/21.0ms)
[2021-10-11T07:00:02.229+0000][gc,phases     ] GC(14)   Pre Evacuate Collection Set: 0.3ms
[2021-10-11T07:00:02.229+0000][gc,phases     ] GC(14)   Evacuate Collection Set: 32.9ms
[2021-10-11T07:00:02.229+0000][gc,phases     ] GC(14)   Post Evacuate Collection Set: 0.6ms
[2021-10-11T07:00:02.229+0000][gc,phases     ] GC(14)   Other: 0.2ms
[2021-10-11T07:00:02.229+0000][gc,heap       ] GC(14) Eden regions: 125->0(150)
[2021-10-11T07:00:02.229+0000][gc,heap       ] GC(14) Survivor regions: 3->3(16)
[2021-10-11T07:00:02.229+0000][gc,heap       ] GC(14) Old regions: 15->15
[2021-10-11T07:00:02.229+0000][gc,heap       ] GC(14) Humongous regions: 129->129
[2021-10-11T07:00:02.229+0000][gc,metaspace  ] GC(14) Metaspace: 40177K->40177K(1085440K)
[2021-10-11T07:00:02.229+0000][gc            ] GC(14) Pause Young (Normal) (G1 Evacuation Pause) 269M->144M(1024M) 34.002ms
[2021-10-11T07:00:02.229+0000][gc,cpu        ] GC(14) User=0.06s Sys=0.00s Real=0.04s
[2021-10-11T07:00:04.910+0000][gc,start      ] GC(15) Pause Young (Normal) (G1 Evacuation Pause)
[2021-10-11T07:00:04.910+0000][gc,task       ] GC(15) Using 8 workers of 8 for evacuation
[2021-10-11T07:00:04.952+0000][gc,mmu        ] GC(15) MMU target violated: 21.0ms (20.0ms/21.0ms)
[2021-10-11T07:00:04.952+0000][gc,phases     ] GC(15)   Pre Evacuate Collection Set: 0.0ms
[2021-10-11T07:00:04.952+0000][gc,phases     ] GC(15)   Evacuate Collection Set: 41.3ms
[2021-10-11T07:00:04.952+0000][gc,phases     ] GC(15)   Post Evacuate Collection Set: 0.5ms
[2021-10-11T07:00:04.952+0000][gc,phases     ] GC(15)   Other: 0.2ms
[2021-10-11T07:00:04.952+0000][gc,heap       ] GC(15) Eden regions: 150->0(48)
[2021-10-11T07:00:04.952+0000][gc,heap       ] GC(15) Survivor regions: 3->3(20)
[2021-10-11T07:00:04.952+0000][gc,heap       ] GC(15) Old regions: 15->15
[2021-10-11T07:00:04.952+0000][gc,heap       ] GC(15) Humongous regions: 129->129
[2021-10-11T07:00:04.952+0000][gc,metaspace  ] GC(15) Metaspace: 40177K->40177K(1085440K)
[2021-10-11T07:00:04.952+0000][gc            ] GC(15) Pause Young (Normal) (G1 Evacuation Pause) 294M->144M(1024M) 42.108ms
[2021-10-11T07:00:04.952+0000][gc,cpu        ] GC(15) User=0.04s Sys=0.01s Real=0.04s
[2021-10-11T07:00:05.706+0000][gc,start      ] GC(16) Pause Young (Normal) (G1 Evacuation Pause)
[2021-10-11T07:00:05.706+0000][gc,task       ] GC(16) Using 8 workers of 8 for evacuation
[2021-10-11T07:00:05.751+0000][gc,mmu        ] GC(16) MMU target violated: 21.0ms (20.0ms/21.0ms)
[2021-10-11T07:00:05.751+0000][gc,phases     ] GC(16)   Pre Evacuate Collection Set: 0.0ms
[2021-10-11T07:00:05.751+0000][gc,phases     ] GC(16)   Evacuate Collection Set: 44.5ms
[2021-10-11T07:00:05.751+0000][gc,phases     ] GC(16)   Post Evacuate Collection Set: 0.5ms
[2021-10-11T07:00:05.751+0000][gc,phases     ] GC(16)   Other: 0.2ms
[2021-10-11T07:00:05.751+0000][gc,heap       ] GC(16) Eden regions: 48->0(51)
[2021-10-11T07:00:05.751+0000][gc,heap       ] GC(16) Survivor regions: 3->3(7)
[2021-10-11T07:00:05.751+0000][gc,heap       ] GC(16) Old regions: 15->15
[2021-10-11T07:00:05.751+0000][gc,heap       ] GC(16) Humongous regions: 129->129
[2021-10-11T07:00:05.751+0000][gc,metaspace  ] GC(16) Metaspace: 40180K->40180K(1085440K)
[2021-10-11T07:00:05.751+0000][gc            ] GC(16) Pause Young (Normal) (G1 Evacuation Pause) 192M->144M(1024M) 45.216ms
[2021-10-11T07:00:05.751+0000][gc,cpu        ] GC(16) User=0.05s Sys=0.00s Real=0.04s
[2021-10-11T07:00:06.562+0000][gc,start      ] GC(17) Pause Young (Normal) (G1 Evacuation Pause)
[2021-10-11T07:00:06.562+0000][gc,task       ] GC(17) Using 8 workers of 8 for evacuation
[2021-10-11T07:00:06.604+0000][gc,mmu        ] GC(17) MMU target violated: 21.0ms (20.0ms/21.0ms)
[2021-10-11T07:00:06.604+0000][gc,phases     ] GC(17)   Pre Evacuate Collection Set: 0.0ms
[2021-10-11T07:00:06.604+0000][gc,phases     ] GC(17)   Evacuate Collection Set: 40.8ms
[2021-10-11T07:00:06.604+0000][gc,phases     ] GC(17)   Post Evacuate Collection Set: 0.5ms
[2021-10-11T07:00:06.604+0000][gc,phases     ] GC(17)   Other: 0.2ms
[2021-10-11T07:00:06.604+0000][gc,heap       ] GC(17) Eden regions: 51->0(57)
[2021-10-11T07:00:06.604+0000][gc,heap       ] GC(17) Survivor regions: 3->3(7)
[2021-10-11T07:00:06.604+0000][gc,heap       ] GC(17) Old regions: 15->15
[2021-10-11T07:00:06.604+0000][gc,heap       ] GC(17) Humongous regions: 129->129
[2021-10-11T07:00:06.604+0000][gc,metaspace  ] GC(17) Metaspace: 40180K->40180K(1085440K)
[2021-10-11T07:00:06.604+0000][gc            ] GC(17) Pause Young (Normal) (G1 Evacuation Pause) 195M->144M(1024M) 41.541ms
[2021-10-11T07:00:06.604+0000][gc,cpu        ] GC(17) User=0.08s Sys=0.01s Real=0.05s
[2021-10-11T07:00:07.497+0000][gc,start      ] GC(18) Pause Young (Normal) (G1 Evacuation Pause)
[2021-10-11T07:00:07.497+0000][gc,task       ] GC(18) Using 8 workers of 8 for evacuation
[2021-10-11T07:00:07.550+0000][gc,mmu        ] GC(18) MMU target violated: 21.0ms (20.0ms/21.0ms)
[2021-10-11T07:00:07.550+0000][gc,phases     ] GC(18)   Pre Evacuate Collection Set: 0.0ms
[2021-10-11T07:00:07.550+0000][gc,phases     ] GC(18)   Evacuate Collection Set: 52.1ms
[2021-10-11T07:00:07.550+0000][gc,phases     ] GC(18)   Post Evacuate Collection Set: 0.5ms
[2021-10-11T07:00:07.550+0000][gc,phases     ] GC(18)   Other: 0.2ms
[2021-10-11T07:00:07.550+0000][gc,heap       ] GC(18) Eden regions: 57->0(61)
[2021-10-11T07:00:07.550+0000][gc,heap       ] GC(18) Survivor regions: 3->3(8)
[2021-10-11T07:00:07.550+0000][gc,heap       ] GC(18) Old regions: 15->15
[2021-10-11T07:00:07.550+0000][gc,heap       ] GC(18) Humongous regions: 129->129
[2021-10-11T07:00:07.550+0000][gc,metaspace  ] GC(18) Metaspace: 40180K->40180K(1085440K)
[2021-10-11T07:00:07.550+0000][gc            ] GC(18) Pause Young (Normal) (G1 Evacuation Pause) 201M->144M(1024M) 52.957ms
[2021-10-11T07:00:07.550+0000][gc,cpu        ] GC(18) User=0.05s Sys=0.00s Real=0.05s
[2021-10-11T07:00:08.523+0000][gc,start      ] GC(19) Pause Young (Normal) (G1 Evacuation Pause)
[2021-10-11T07:00:08.523+0000][gc,task       ] GC(19) Using 8 workers of 8 for evacuation
[2021-10-11T07:00:08.557+0000][gc,mmu        ] GC(19) MMU target violated: 21.0ms (20.0ms/21.0ms)
[2021-10-11T07:00:08.557+0000][gc,phases     ] GC(19)   Pre Evacuate Collection Set: 0.0ms
[2021-10-11T07:00:08.557+0000][gc,phases     ] GC(19)   Evacuate Collection Set: 33.5ms
[2021-10-11T07:00:08.557+0000][gc,phases     ] GC(19)   Post Evacuate Collection Set: 0.4ms
[2021-10-11T07:00:08.557+0000][gc,phases     ] GC(19)   Other: 0.2ms
[2021-10-11T07:00:08.557+0000][gc,heap       ] GC(19) Eden regions: 61->0(68)
[2021-10-11T07:00:08.557+0000][gc,heap       ] GC(19) Survivor regions: 3->3(8)
[2021-10-11T07:00:08.557+0000][gc,heap       ] GC(19) Old regions: 15->15
[2021-10-11T07:00:08.557+0000][gc,heap       ] GC(19) Humongous regions: 129->129
[2021-10-11T07:00:08.557+0000][gc,metaspace  ] GC(19) Metaspace: 40180K->40180K(1085440K)
[2021-10-11T07:00:08.557+0000][gc            ] GC(19) Pause Young (Normal) (G1 Evacuation Pause) 205M->144M(1024M) 34.196ms
[2021-10-11T07:00:08.557+0000][gc,cpu        ] GC(19) User=0.03s Sys=0.00s Real=0.04s
[2021-10-11T07:00:09.650+0000][gc,start      ] GC(20) Pause Young (Normal) (G1 Evacuation Pause)
[2021-10-11T07:00:09.650+0000][gc,task       ] GC(20) Using 8 workers of 8 for evacuation
[2021-10-11T07:00:09.695+0000][gc,mmu        ] GC(20) MMU target violated: 21.0ms (20.0ms/21.0ms)
[2021-10-11T07:00:09.695+0000][gc,phases     ] GC(20)   Pre Evacuate Collection Set: 0.0ms
[2021-10-11T07:00:09.695+0000][gc,phases     ] GC(20)   Evacuate Collection Set: 44.7ms
[2021-10-11T07:00:09.695+0000][gc,phases     ] GC(20)   Post Evacuate Collection Set: 0.7ms
[2021-10-11T07:00:09.695+0000][gc,phases     ] GC(20)   Other: 0.2ms
[2021-10-11T07:00:09.695+0000][gc,heap       ] GC(20) Eden regions: 68->0(78)
[2021-10-11T07:00:09.695+0000][gc,heap       ] GC(20) Survivor regions: 3->3(9)
[2021-10-11T07:00:09.695+0000][gc,heap       ] GC(20) Old regions: 15->15
[2021-10-11T07:00:09.695+0000][gc,heap       ] GC(20) Humongous regions: 129->129
[2021-10-11T07:00:09.695+0000][gc,metaspace  ] GC(20) Metaspace: 40180K->40180K(1085440K)
[2021-10-11T07:00:09.695+0000][gc            ] GC(20) Pause Young (Normal) (G1 Evacuation Pause) 212M->144M(1024M) 45.724ms
[2021-10-11T07:00:09.696+0000][gc,cpu        ] GC(20) User=0.09s Sys=0.01s Real=0.05s
[2021-10-11T07:01:02.776+0000][gc,start      ] GC(21) Pause Young (Normal) (G1 Evacuation Pause)
[2021-10-11T07:01:02.776+0000][gc,task       ] GC(21) Using 8 workers of 8 for evacuation
[2021-10-11T07:01:02.804+0000][gc,mmu        ] GC(21) MMU target violated: 21.0ms (20.0ms/21.0ms)
[2021-10-11T07:01:02.804+0000][gc,phases     ] GC(21)   Pre Evacuate Collection Set: 0.1ms
[2021-10-11T07:01:02.804+0000][gc,phases     ] GC(21)   Evacuate Collection Set: 27.3ms
[2021-10-11T07:01:02.804+0000][gc,phases     ] GC(21)   Post Evacuate Collection Set: 0.4ms
[2021-10-11T07:01:02.804+0000][gc,phases     ] GC(21)   Other: 0.2ms
[2021-10-11T07:01:02.804+0000][gc,heap       ] GC(21) Eden regions: 78->0(84)
[2021-10-11T07:01:02.804+0000][gc,heap       ] GC(21) Survivor regions: 3->3(11)
[2021-10-11T07:01:02.804+0000][gc,heap       ] GC(21) Old regions: 15->15
[2021-10-11T07:01:02.804+0000][gc,heap       ] GC(21) Humongous regions: 129->129
[2021-10-11T07:01:02.804+0000][gc,metaspace  ] GC(21) Metaspace: 40234K->40234K(1085440K)
[2021-10-11T07:01:02.804+0000][gc            ] GC(21) Pause Young (Normal) (G1 Evacuation Pause) 222M->144M(1024M) 28.075ms
[2021-10-11T07:01:02.804+0000][gc,cpu        ] GC(21) User=0.03s Sys=0.00s Real=0.03s
[2021-10-11T07:01:04.267+0000][gc,start      ] GC(22) Pause Young (Normal) (G1 Evacuation Pause)
[2021-10-11T07:01:04.267+0000][gc,task       ] GC(22) Using 8 workers of 8 for evacuation
[2021-10-11T07:01:04.273+0000][gc,phases     ] GC(22)   Pre Evacuate Collection Set: 0.0ms
[2021-10-11T07:01:04.273+0000][gc,phases     ] GC(22)   Evacuate Collection Set: 5.7ms
[2021-10-11T07:01:04.273+0000][gc,phases     ] GC(22)   Post Evacuate Collection Set: 0.4ms
[2021-10-11T07:01:04.273+0000][gc,phases     ] GC(22)   Other: 0.1ms
[2021-10-11T07:01:04.273+0000][gc,heap       ] GC(22) Eden regions: 84->0(112)
[2021-10-11T07:01:04.273+0000][gc,heap       ] GC(22) Survivor regions: 3->2(11)
[2021-10-11T07:01:04.273+0000][gc,heap       ] GC(22) Old regions: 15->16
[2021-10-11T07:01:04.273+0000][gc,heap       ] GC(22) Humongous regions: 129->129
[2021-10-11T07:01:04.273+0000][gc,metaspace  ] GC(22) Metaspace: 40234K->40234K(1085440K)
[2021-10-11T07:01:04.273+0000][gc            ] GC(22) Pause Young (Normal) (G1 Evacuation Pause) 228M->144M(1024M) 6.313ms
[2021-10-11T07:01:04.273+0000][gc,cpu        ] GC(22) User=0.01s Sys=0.00s Real=0.00s
[2021-10-11T07:01:06.155+0000][gc,start      ] GC(23) Pause Young (Normal) (G1 Evacuation Pause)
[2021-10-11T07:01:06.155+0000][gc,task       ] GC(23) Using 8 workers of 8 for evacuation
[2021-10-11T07:01:06.158+0000][gc,phases     ] GC(23)   Pre Evacuate Collection Set: 0.0ms
[2021-10-11T07:01:06.158+0000][gc,phases     ] GC(23)   Evacuate Collection Set: 3.2ms
[2021-10-11T07:01:06.158+0000][gc,phases     ] GC(23)   Post Evacuate Collection Set: 0.3ms
[2021-10-11T07:01:06.158+0000][gc,phases     ] GC(23)   Other: 0.1ms
[2021-10-11T07:01:06.158+0000][gc,heap       ] GC(23) Eden regions: 112->0(133)
[2021-10-11T07:01:06.158+0000][gc,heap       ] GC(23) Survivor regions: 2->2(15)
[2021-10-11T07:01:06.158+0000][gc,heap       ] GC(23) Old regions: 16->16
[2021-10-11T07:01:06.159+0000][gc,heap       ] GC(23) Humongous regions: 129->129
[2021-10-11T07:01:06.159+0000][gc,metaspace  ] GC(23) Metaspace: 40234K->40234K(1085440K)
[2021-10-11T07:01:06.159+0000][gc            ] GC(23) Pause Young (Normal) (G1 Evacuation Pause) 256M->145M(1024M) 3.779ms
[2021-10-11T07:01:06.159+0000][gc,cpu        ] GC(23) User=0.00s Sys=0.00s Real=0.01s
[2021-10-11T07:01:08.350+0000][gc,start      ] GC(24) Pause Young (Normal) (G1 Evacuation Pause)
[2021-10-11T07:01:08.351+0000][gc,task       ] GC(24) Using 8 workers of 8 for evacuation
[2021-10-11T07:01:08.358+0000][gc,phases     ] GC(24)   Pre Evacuate Collection Set: 0.0ms
[2021-10-11T07:01:08.358+0000][gc,phases     ] GC(24)   Evacuate Collection Set: 6.8ms
[2021-10-11T07:01:08.358+0000][gc,phases     ] GC(24)   Post Evacuate Collection Set: 0.3ms
[2021-10-11T07:01:08.358+0000][gc,phases     ] GC(24)   Other: 0.4ms
[2021-10-11T07:01:08.358+0000][gc,heap       ] GC(24) Eden regions: 133->0(153)
[2021-10-11T07:01:08.358+0000][gc,heap       ] GC(24) Survivor regions: 2->2(17)
[2021-10-11T07:01:08.358+0000][gc,heap       ] GC(24) Old regions: 16->16
[2021-10-11T07:01:08.358+0000][gc,heap       ] GC(24) Humongous regions: 129->129
[2021-10-11T07:01:08.358+0000][gc,metaspace  ] GC(24) Metaspace: 40237K->40237K(1085440K)
[2021-10-11T07:01:08.358+0000][gc            ] GC(24) Pause Young (Normal) (G1 Evacuation Pause) 278M->145M(1024M) 7.536ms
[2021-10-11T07:01:08.358+0000][gc,cpu        ] GC(24) User=0.01s Sys=0.00s Real=0.01s
[2021-10-11T07:02:02.611+0000][gc,start      ] GC(25) Pause Young (Normal) (G1 Evacuation Pause)
[2021-10-11T07:02:02.611+0000][gc,task       ] GC(25) Using 8 workers of 8 for evacuation
[2021-10-11T07:02:02.644+0000][gc,mmu        ] GC(25) MMU target violated: 21.0ms (20.0ms/21.0ms)
[2021-10-11T07:02:02.644+0000][gc,phases     ] GC(25)   Pre Evacuate Collection Set: 0.1ms
[2021-10-11T07:02:02.644+0000][gc,phases     ] GC(25)   Evacuate Collection Set: 32.1ms
[2021-10-11T07:02:02.644+0000][gc,phases     ] GC(25)   Post Evacuate Collection Set: 0.4ms
[2021-10-11T07:02:02.644+0000][gc,phases     ] GC(25)   Other: 0.3ms
[2021-10-11T07:02:02.644+0000][gc,heap       ] GC(25) Eden regions: 153->0(136)
[2021-10-11T07:02:02.644+0000][gc,heap       ] GC(25) Survivor regions: 2->3(20)
[2021-10-11T07:02:02.644+0000][gc,heap       ] GC(25) Old regions: 16->16
[2021-10-11T07:02:02.644+0000][gc,heap       ] GC(25) Humongous regions: 129->129
[2021-10-11T07:02:02.644+0000][gc,metaspace  ] GC(25) Metaspace: 40264K->40264K(1085440K)
[2021-10-11T07:02:02.644+0000][gc            ] GC(25) Pause Young (Normal) (G1 Evacuation Pause) 298M->145M(1024M) 33.039ms
[2021-10-11T07:02:02.644+0000][gc,cpu        ] GC(25) User=0.06s Sys=0.00s Real=0.04s
[2021-10-11T07:02:04.996+0000][gc,start      ] GC(26) Pause Young (Normal) (G1 Evacuation Pause)
[2021-10-11T07:02:04.996+0000][gc,task       ] GC(26) Using 8 workers of 8 for evacuation
[2021-10-11T07:02:05.022+0000][gc,mmu        ] GC(26) MMU target violated: 21.0ms (20.0ms/21.0ms)
[2021-10-11T07:02:05.022+0000][gc,phases     ] GC(26)   Pre Evacuate Collection Set: 0.0ms
[2021-10-11T07:02:05.022+0000][gc,phases     ] GC(26)   Evacuate Collection Set: 26.0ms
[2021-10-11T07:02:05.022+0000][gc,phases     ] GC(26)   Post Evacuate Collection Set: 0.4ms
[2021-10-11T07:02:05.022+0000][gc,phases     ] GC(26)   Other: 0.2ms
[2021-10-11T07:02:05.022+0000][gc,heap       ] GC(26) Eden regions: 133->0(145)
[2021-10-11T07:02:05.022+0000][gc,heap       ] GC(26) Survivor regions: 3->3(17)
[2021-10-11T07:02:05.022+0000][gc,heap       ] GC(26) Old regions: 16->16
[2021-10-11T07:02:05.022+0000][gc,heap       ] GC(26) Humongous regions: 129->129
[2021-10-11T07:02:05.022+0000][gc,metaspace  ] GC(26) Metaspace: 40271K->40271K(1085440K)
[2021-10-11T07:02:05.022+0000][gc            ] GC(26) Pause Young (Normal) (G1 Evacuation Pause) 278M->146M(1024M) 26.612ms
[2021-10-11T07:02:05.022+0000][gc,cpu        ] GC(26) User=0.05s Sys=0.00s Real=0.02s
[2021-10-11T07:02:07.364+0000][gc,start      ] GC(27) Pause Young (Normal) (G1 Evacuation Pause)
[2021-10-11T07:02:07.364+0000][gc,task       ] GC(27) Using 8 workers of 8 for evacuation
[2021-10-11T07:02:07.393+0000][gc,mmu        ] GC(27) MMU target violated: 21.0ms (20.0ms/21.0ms)
[2021-10-11T07:02:07.393+0000][gc,phases     ] GC(27)   Pre Evacuate Collection Set: 0.0ms
[2021-10-11T07:02:07.393+0000][gc,phases     ] GC(27)   Evacuate Collection Set: 28.3ms
[2021-10-11T07:02:07.393+0000][gc,phases     ] GC(27)   Post Evacuate Collection Set: 0.5ms
[2021-10-11T07:02:07.393+0000][gc,phases     ] GC(27)   Other: 0.2ms
[2021-10-11T07:02:07.393+0000][gc,heap       ] GC(27) Eden regions: 141->0(144)
[2021-10-11T07:02:07.393+0000][gc,heap       ] GC(27) Survivor regions: 3->3(18)
[2021-10-11T07:02:07.393+0000][gc,heap       ] GC(27) Old regions: 16->16
[2021-10-11T07:02:07.393+0000][gc,heap       ] GC(27) Humongous regions: 129->129
[2021-10-11T07:02:07.393+0000][gc,metaspace  ] GC(27) Metaspace: 40272K->40272K(1085440K)
[2021-10-11T07:02:07.393+0000][gc            ] GC(27) Pause Young (Normal) (G1 Evacuation Pause) 287M->146M(1024M) 29.053ms
[2021-10-11T07:02:07.393+0000][gc,cpu        ] GC(27) User=0.05s Sys=0.00s Real=0.02s
[2021-10-11T07:02:09.726+0000][gc,start      ] GC(28) Pause Young (Normal) (G1 Evacuation Pause)
[2021-10-11T07:02:09.726+0000][gc,task       ] GC(28) Using 8 workers of 8 for evacuation
[2021-10-11T07:02:09.731+0000][gc,phases     ] GC(28)   Pre Evacuate Collection Set: 0.0ms
[2021-10-11T07:02:09.731+0000][gc,phases     ] GC(28)   Evacuate Collection Set: 4.9ms
[2021-10-11T07:02:09.731+0000][gc,phases     ] GC(28)   Post Evacuate Collection Set: 0.4ms
[2021-10-11T07:02:09.731+0000][gc,phases     ] GC(28)   Other: 0.2ms
[2021-10-11T07:02:09.731+0000][gc,heap       ] GC(28) Eden regions: 143->0(152)
[2021-10-11T07:02:09.731+0000][gc,heap       ] GC(28) Survivor regions: 3->3(19)
[2021-10-11T07:02:09.731+0000][gc,heap       ] GC(28) Old regions: 16->16
[2021-10-11T07:02:09.731+0000][gc,heap       ] GC(28) Humongous regions: 129->129
[2021-10-11T07:02:09.731+0000][gc,metaspace  ] GC(28) Metaspace: 40272K->40272K(1085440K)
[2021-10-11T07:02:09.731+0000][gc            ] GC(28) Pause Young (Normal) (G1 Evacuation Pause) 289M->146M(1024M) 5.472ms
[2021-10-11T07:02:09.731+0000][gc,cpu        ] GC(28) User=0.01s Sys=0.00s Real=0.00s
[2021-10-11T07:03:04.091+0000][gc,start      ] GC(29) Pause Young (Normal) (G1 Evacuation Pause)
[2021-10-11T07:03:04.091+0000][gc,task       ] GC(29) Using 8 workers of 8 for evacuation
[2021-10-11T07:03:04.127+0000][gc,mmu        ] GC(29) MMU target violated: 21.0ms (20.0ms/21.0ms)
[2021-10-11T07:03:04.127+0000][gc,phases     ] GC(29)   Pre Evacuate Collection Set: 0.1ms
[2021-10-11T07:03:04.127+0000][gc,phases     ] GC(29)   Evacuate Collection Set: 35.8ms
[2021-10-11T07:03:04.127+0000][gc,phases     ] GC(29)   Post Evacuate Collection Set: 0.4ms
[2021-10-11T07:03:04.127+0000][gc,phases     ] GC(29)   Other: 0.2ms
[2021-10-11T07:03:04.127+0000][gc,heap       ] GC(29) Eden regions: 151->0(158)
[2021-10-11T07:03:04.127+0000][gc,heap       ] GC(29) Survivor regions: 3->4(20)
[2021-10-11T07:03:04.127+0000][gc,heap       ] GC(29) Old regions: 16->17
[2021-10-11T07:03:04.127+0000][gc,heap       ] GC(29) Humongous regions: 129->129
[2021-10-11T07:03:04.127+0000][gc,metaspace  ] GC(29) Metaspace: 40290K->40290K(1085440K)
[2021-10-11T07:03:04.127+0000][gc            ] GC(29) Pause Young (Normal) (G1 Evacuation Pause) 297M->147M(1024M) 36.645ms
[2021-10-11T07:03:04.127+0000][gc,cpu        ] GC(29) User=0.07s Sys=0.00s Real=0.04s
[2021-10-11T07:03:06.776+0000][gc,start      ] GC(30) Pause Young (Normal) (G1 Evacuation Pause)
[2021-10-11T07:03:06.776+0000][gc,task       ] GC(30) Using 8 workers of 8 for evacuation
[2021-10-11T07:03:06.807+0000][gc,mmu        ] GC(30) MMU target violated: 21.0ms (20.0ms/21.0ms)
[2021-10-11T07:03:06.807+0000][gc,phases     ] GC(30)   Pre Evacuate Collection Set: 0.0ms
[2021-10-11T07:03:06.807+0000][gc,phases     ] GC(30)   Evacuate Collection Set: 30.4ms
[2021-10-11T07:03:06.807+0000][gc,phases     ] GC(30)   Post Evacuate Collection Set: 0.5ms
[2021-10-11T07:03:06.807+0000][gc,phases     ] GC(30)   Other: 0.2ms
[2021-10-11T07:03:06.807+0000][gc,heap       ] GC(30) Eden regions: 157->0(167)
[2021-10-11T07:03:06.807+0000][gc,heap       ] GC(30) Survivor regions: 4->4(21)
[2021-10-11T07:03:06.807+0000][gc,heap       ] GC(30) Old regions: 17->17
[2021-10-11T07:03:06.807+0000][gc,heap       ] GC(30) Humongous regions: 129->129
[2021-10-11T07:03:06.807+0000][gc,metaspace  ] GC(30) Metaspace: 40290K->40290K(1085440K)
[2021-10-11T07:03:06.807+0000][gc            ] GC(30) Pause Young (Normal) (G1 Evacuation Pause) 304M->147M(1024M) 31.240ms
[2021-10-11T07:03:06.807+0000][gc,cpu        ] GC(30) User=0.06s Sys=0.00s Real=0.03s
[2021-10-11T07:03:09.511+0000][gc,start      ] GC(31) Pause Young (Normal) (G1 Evacuation Pause)
[2021-10-11T07:03:09.511+0000][gc,task       ] GC(31) Using 8 workers of 8 for evacuation
[2021-10-11T07:03:09.542+0000][gc,mmu        ] GC(31) MMU target violated: 21.0ms (20.0ms/21.0ms)
[2021-10-11T07:03:09.542+0000][gc,phases     ] GC(31)   Pre Evacuate Collection Set: 0.0ms
[2021-10-11T07:03:09.542+0000][gc,phases     ] GC(31)   Evacuate Collection Set: 29.8ms
[2021-10-11T07:03:09.542+0000][gc,phases     ] GC(31)   Post Evacuate Collection Set: 0.4ms
[2021-10-11T07:03:09.542+0000][gc,phases     ] GC(31)   Other: 0.2ms
[2021-10-11T07:03:09.542+0000][gc,heap       ] GC(31) Eden regions: 165->0(168)
[2021-10-11T07:03:09.542+0000][gc,heap       ] GC(31) Survivor regions: 4->4(22)
[2021-10-11T07:03:09.542+0000][gc,heap       ] GC(31) Old regions: 17->17
[2021-10-11T07:03:09.542+0000][gc,heap       ] GC(31) Humongous regions: 129->129
[2021-10-11T07:03:09.542+0000][gc,metaspace  ] GC(31) Metaspace: 40290K->40290K(1085440K)
[2021-10-11T07:03:09.542+0000][gc            ] GC(31) Pause Young (Normal) (G1 Evacuation Pause) 312M->147M(1024M) 30.511ms
[2021-10-11T07:03:09.542+0000][gc,cpu        ] GC(31) User=0.05s Sys=0.01s Real=0.03s
[2021-10-11T07:04:04.545+0000][gc,start      ] GC(32) Pause Young (Normal) (G1 Evacuation Pause)
[2021-10-11T07:04:04.545+0000][gc,task       ] GC(32) Using 8 workers of 8 for evacuation
[2021-10-11T07:04:04.574+0000][gc,mmu        ] GC(32) MMU target violated: 21.0ms (20.0ms/21.0ms)
[2021-10-11T07:04:04.574+0000][gc,phases     ] GC(32)   Pre Evacuate Collection Set: 0.1ms
[2021-10-11T07:04:04.574+0000][gc,phases     ] GC(32)   Evacuate Collection Set: 28.9ms
[2021-10-11T07:04:04.574+0000][gc,phases     ] GC(32)   Post Evacuate Collection Set: 0.5ms
[2021-10-11T07:04:04.575+0000][gc,phases     ] GC(32)   Other: 0.4ms
[2021-10-11T07:04:04.575+0000][gc,heap       ] GC(32) Eden regions: 167->0(168)
[2021-10-11T07:04:04.575+0000][gc,heap       ] GC(32) Survivor regions: 4->5(22)
[2021-10-11T07:04:04.575+0000][gc,heap       ] GC(32) Old regions: 17->17
[2021-10-11T07:04:04.575+0000][gc,heap       ] GC(32) Humongous regions: 129->129
[2021-10-11T07:04:04.575+0000][gc,metaspace  ] GC(32) Metaspace: 40307K->40307K(1085440K)
[2021-10-11T07:04:04.575+0000][gc            ] GC(32) Pause Young (Normal) (G1 Evacuation Pause) 314M->148M(1024M) 30.002ms
[2021-10-11T07:04:04.575+0000][gc,cpu        ] GC(32) User=0.06s Sys=0.00s Real=0.02s
[2021-10-11T07:04:07.423+0000][gc,start      ] GC(33) Pause Young (Normal) (G1 Evacuation Pause)
[2021-10-11T07:04:07.423+0000][gc,task       ] GC(33) Using 8 workers of 8 for evacuation
[2021-10-11T07:04:07.452+0000][gc,mmu        ] GC(33) MMU target violated: 21.0ms (20.0ms/21.0ms)
[2021-10-11T07:04:07.452+0000][gc,phases     ] GC(33)   Pre Evacuate Collection Set: 0.0ms
[2021-10-11T07:04:07.452+0000][gc,phases     ] GC(33)   Evacuate Collection Set: 28.4ms
[2021-10-11T07:04:07.452+0000][gc,phases     ] GC(33)   Post Evacuate Collection Set: 0.6ms
[2021-10-11T07:04:07.452+0000][gc,phases     ] GC(33)   Other: 0.2ms
[2021-10-11T07:04:07.452+0000][gc,heap       ] GC(33) Eden regions: 168->0(170)
[2021-10-11T07:04:07.452+0000][gc,heap       ] GC(33) Survivor regions: 5->5(22)
[2021-10-11T07:04:07.452+0000][gc,heap       ] GC(33) Old regions: 17->17
[2021-10-11T07:04:07.452+0000][gc,heap       ] GC(33) Humongous regions: 129->129
[2021-10-11T07:04:07.452+0000][gc,metaspace  ] GC(33) Metaspace: 40308K->40308K(1085440K)
[2021-10-11T07:04:07.452+0000][gc            ] GC(33) Pause Young (Normal) (G1 Evacuation Pause) 316M->149M(1024M) 29.301ms
[2021-10-11T07:04:07.452+0000][gc,cpu        ] GC(33) User=0.06s Sys=0.00s Real=0.03s
[2021-10-11T07:05:01.548+0000][gc,start      ] GC(34) Pause Young (Normal) (G1 Evacuation Pause)
[2021-10-11T07:05:01.548+0000][gc,task       ] GC(34) Using 8 workers of 8 for evacuation
[2021-10-11T07:05:01.570+0000][gc,mmu        ] GC(34) MMU target violated: 21.0ms (20.0ms/21.0ms)
[2021-10-11T07:05:01.570+0000][gc,phases     ] GC(34)   Pre Evacuate Collection Set: 0.1ms
[2021-10-11T07:05:01.570+0000][gc,phases     ] GC(34)   Evacuate Collection Set: 21.3ms
[2021-10-11T07:05:01.570+0000][gc,phases     ] GC(34)   Post Evacuate Collection Set: 0.4ms
[2021-10-11T07:05:01.570+0000][gc,phases     ] GC(34)   Other: 0.2ms
[2021-10-11T07:05:01.570+0000][gc,heap       ] GC(34) Eden regions: 170->0(174)
[2021-10-11T07:05:01.570+0000][gc,heap       ] GC(34) Survivor regions: 5->6(22)
[2021-10-11T07:05:01.570+0000][gc,heap       ] GC(34) Old regions: 17->17
[2021-10-11T07:05:01.570+0000][gc,heap       ] GC(34) Humongous regions: 129->129
[2021-10-11T07:05:01.570+0000][gc,metaspace  ] GC(34) Metaspace: 40312K->40312K(1085440K)
[2021-10-11T07:05:01.570+0000][gc            ] GC(34) Pause Young (Normal) (G1 Evacuation Pause) 319M->149M(1024M) 22.030ms
[2021-10-11T07:05:01.570+0000][gc,cpu        ] GC(34) User=0.04s Sys=0.01s Real=0.02s
[2021-10-11T07:05:04.806+0000][gc,start      ] GC(35) Pause Young (Normal) (G1 Evacuation Pause)
[2021-10-11T07:05:04.806+0000][gc,task       ] GC(35) Using 8 workers of 8 for evacuation
[2021-10-11T07:05:04.837+0000][gc,mmu        ] GC(35) MMU target violated: 21.0ms (20.0ms/21.0ms)
[2021-10-11T07:05:04.837+0000][gc,phases     ] GC(35)   Pre Evacuate Collection Set: 0.0ms
[2021-10-11T07:05:04.837+0000][gc,phases     ] GC(35)   Evacuate Collection Set: 30.5ms
[2021-10-11T07:05:04.837+0000][gc,phases     ] GC(35)   Post Evacuate Collection Set: 0.5ms
[2021-10-11T07:05:04.837+0000][gc,phases     ] GC(35)   Other: 0.2ms
[2021-10-11T07:05:04.837+0000][gc,heap       ] GC(35) Eden regions: 173->0(181)
[2021-10-11T07:05:04.837+0000][gc,heap       ] GC(35) Survivor regions: 6->6(23)
[2021-10-11T07:05:04.837+0000][gc,heap       ] GC(35) Old regions: 17->17
[2021-10-11T07:05:04.837+0000][gc,heap       ] GC(35) Humongous regions: 129->129
[2021-10-11T07:05:04.837+0000][gc,metaspace  ] GC(35) Metaspace: 40312K->40312K(1085440K)
[2021-10-11T07:05:04.837+0000][gc            ] GC(35) Pause Young (Normal) (G1 Evacuation Pause) 322M->150M(1024M) 31.320ms
[2021-10-11T07:05:04.837+0000][gc,cpu        ] GC(35) User=0.05s Sys=0.00s Real=0.03s
[2021-10-11T07:05:07.856+0000][gc,start      ] GC(36) Pause Young (Normal) (G1 Evacuation Pause)
[2021-10-11T07:05:07.856+0000][gc,task       ] GC(36) Using 8 workers of 8 for evacuation
[2021-10-11T07:05:07.879+0000][gc,mmu        ] GC(36) MMU target violated: 21.0ms (20.0ms/21.0ms)
[2021-10-11T07:05:07.879+0000][gc,phases     ] GC(36)   Pre Evacuate Collection Set: 0.0ms
[2021-10-11T07:05:07.879+0000][gc,phases     ] GC(36)   Evacuate Collection Set: 22.1ms
[2021-10-11T07:05:07.879+0000][gc,phases     ] GC(36)   Post Evacuate Collection Set: 0.4ms
[2021-10-11T07:05:07.879+0000][gc,phases     ] GC(36)   Other: 0.8ms
[2021-10-11T07:05:07.879+0000][gc,heap       ] GC(36) Eden regions: 180->0(185)
[2021-10-11T07:05:07.879+0000][gc,heap       ] GC(36) Survivor regions: 6->6(24)
[2021-10-11T07:05:07.879+0000][gc,heap       ] GC(36) Old regions: 17->18
[2021-10-11T07:05:07.879+0000][gc,heap       ] GC(36) Humongous regions: 129->129
[2021-10-11T07:05:07.879+0000][gc,metaspace  ] GC(36) Metaspace: 40312K->40312K(1085440K)
[2021-10-11T07:05:07.879+0000][gc            ] GC(36) Pause Young (Normal) (G1 Evacuation Pause) 330M->150M(1024M) 23.403ms
[2021-10-11T07:05:07.879+0000][gc,cpu        ] GC(36) User=0.04s Sys=0.00s Real=0.02s
[2021-10-11T07:06:02.823+0000][gc,start      ] GC(37) Pause Young (Normal) (G1 Evacuation Pause)
[2021-10-11T07:06:02.823+0000][gc,task       ] GC(37) Using 8 workers of 8 for evacuation
[2021-10-11T07:06:02.849+0000][gc,mmu        ] GC(37) MMU target violated: 21.0ms (20.0ms/21.0ms)
[2021-10-11T07:06:02.849+0000][gc,phases     ] GC(37)   Pre Evacuate Collection Set: 0.1ms
[2021-10-11T07:06:02.849+0000][gc,phases     ] GC(37)   Evacuate Collection Set: 25.3ms
[2021-10-11T07:06:02.849+0000][gc,phases     ] GC(37)   Post Evacuate Collection Set: 0.4ms
[2021-10-11T07:06:02.849+0000][gc,phases     ] GC(37)   Other: 0.2ms
[2021-10-11T07:06:02.849+0000][gc,heap       ] GC(37) Eden regions: 185->0(189)
[2021-10-11T07:06:02.849+0000][gc,heap       ] GC(37) Survivor regions: 6->7(24)
[2021-10-11T07:06:02.849+0000][gc,heap       ] GC(37) Old regions: 18->18
[2021-10-11T07:06:02.849+0000][gc,heap       ] GC(37) Humongous regions: 129->129
[2021-10-11T07:06:02.849+0000][gc,metaspace  ] GC(37) Metaspace: 40322K->40322K(1085440K)
[2021-10-11T07:06:02.849+0000][gc            ] GC(37) Pause Young (Normal) (G1 Evacuation Pause) 335M->151M(1024M) 25.996ms
[2021-10-11T07:06:02.849+0000][gc,cpu        ] GC(37) User=0.04s Sys=0.01s Real=0.03s
[2021-10-11T07:06:06.287+0000][gc,start      ] GC(38) Pause Young (Normal) (G1 Evacuation Pause)
[2021-10-11T07:06:06.287+0000][gc,task       ] GC(38) Using 8 workers of 8 for evacuation
[2021-10-11T07:06:06.312+0000][gc,mmu        ] GC(38) MMU target violated: 21.0ms (20.0ms/21.0ms)
[2021-10-11T07:06:06.312+0000][gc,phases     ] GC(38)   Pre Evacuate Collection Set: 0.0ms
[2021-10-11T07:06:06.312+0000][gc,phases     ] GC(38)   Evacuate Collection Set: 24.1ms
[2021-10-11T07:06:06.312+0000][gc,phases     ] GC(38)   Post Evacuate Collection Set: 0.4ms
[2021-10-11T07:06:06.312+0000][gc,phases     ] GC(38)   Other: 0.2ms
[2021-10-11T07:06:06.312+0000][gc,heap       ] GC(38) Eden regions: 188->0(197)
[2021-10-11T07:06:06.312+0000][gc,heap       ] GC(38) Survivor regions: 7->7(25)
[2021-10-11T07:06:06.312+0000][gc,heap       ] GC(38) Old regions: 18->18
[2021-10-11T07:06:06.312+0000][gc,heap       ] GC(38) Humongous regions: 138->129
[2021-10-11T07:06:06.312+0000][gc,metaspace  ] GC(38) Metaspace: 40322K->40322K(1085440K)
[2021-10-11T07:06:06.312+0000][gc            ] GC(38) Pause Young (Normal) (G1 Evacuation Pause) 348M->151M(1024M) 24.831ms
[2021-10-11T07:06:06.312+0000][gc,cpu        ] GC(38) User=0.04s Sys=0.00s Real=0.02s
[2021-10-11T07:06:09.545+0000][gc,start      ] GC(39) Pause Young (Normal) (G1 Evacuation Pause)
[2021-10-11T07:06:09.545+0000][gc,task       ] GC(39) Using 8 workers of 8 for evacuation
[2021-10-11T07:06:09.580+0000][gc,mmu        ] GC(39) MMU target violated: 21.0ms (20.0ms/21.0ms)
[2021-10-11T07:06:09.580+0000][gc,phases     ] GC(39)   Pre Evacuate Collection Set: 0.0ms
[2021-10-11T07:06:09.580+0000][gc,phases     ] GC(39)   Evacuate Collection Set: 35.0ms
[2021-10-11T07:06:09.580+0000][gc,phases     ] GC(39)   Post Evacuate Collection Set: 0.4ms
[2021-10-11T07:06:09.580+0000][gc,phases     ] GC(39)   Other: 0.2ms
[2021-10-11T07:06:09.580+0000][gc,heap       ] GC(39) Eden regions: 196->0(202)
[2021-10-11T07:06:09.580+0000][gc,heap       ] GC(39) Survivor regions: 7->7(26)
[2021-10-11T07:06:09.580+0000][gc,heap       ] GC(39) Old regions: 18->18
[2021-10-11T07:06:09.580+0000][gc,heap       ] GC(39) Humongous regions: 129->129
[2021-10-11T07:06:09.580+0000][gc,metaspace  ] GC(39) Metaspace: 40326K->40326K(1085440K)
[2021-10-11T07:06:09.581+0000][gc            ] GC(39) Pause Young (Normal) (G1 Evacuation Pause) 347M->152M(1024M) 35.660ms
[2021-10-11T07:06:09.581+0000][gc,cpu        ] GC(39) User=0.06s Sys=0.00s Real=0.03s
[2021-10-11T07:07:04.829+0000][gc,start      ] GC(40) Pause Young (Normal) (G1 Evacuation Pause)
[2021-10-11T07:07:04.829+0000][gc,task       ] GC(40) Using 8 workers of 8 for evacuation
[2021-10-11T07:07:04.875+0000][gc,mmu        ] GC(40) MMU target violated: 21.0ms (20.0ms/21.0ms)
[2021-10-11T07:07:04.875+0000][gc,phases     ] GC(40)   Pre Evacuate Collection Set: 0.1ms
[2021-10-11T07:07:04.875+0000][gc,phases     ] GC(40)   Evacuate Collection Set: 45.7ms
[2021-10-11T07:07:04.875+0000][gc,phases     ] GC(40)   Post Evacuate Collection Set: 0.5ms
[2021-10-11T07:07:04.875+0000][gc,phases     ] GC(40)   Other: 0.3ms
[2021-10-11T07:07:04.875+0000][gc,heap       ] GC(40) Eden regions: 202->0(206)
[2021-10-11T07:07:04.875+0000][gc,heap       ] GC(40) Survivor regions: 7->7(27)
[2021-10-11T07:07:04.875+0000][gc,heap       ] GC(40) Old regions: 18->19
[2021-10-11T07:07:04.875+0000][gc,heap       ] GC(40) Humongous regions: 129->129
[2021-10-11T07:07:04.875+0000][gc,metaspace  ] GC(40) Metaspace: 40330K->40330K(1085440K)
[2021-10-11T07:07:04.875+0000][gc            ] GC(40) Pause Young (Normal) (G1 Evacuation Pause) 354M->152M(1024M) 46.621ms
[2021-10-11T07:07:04.875+0000][gc,cpu        ] GC(40) User=0.08s Sys=0.00s Real=0.04s
[2021-10-11T07:07:08.320+0000][gc,start      ] GC(41) Pause Young (Normal) (G1 Evacuation Pause)
[2021-10-11T07:07:08.320+0000][gc,task       ] GC(41) Using 8 workers of 8 for evacuation
[2021-10-11T07:07:08.348+0000][gc,mmu        ] GC(41) MMU target violated: 21.0ms (20.0ms/21.0ms)
[2021-10-11T07:07:08.348+0000][gc,phases     ] GC(41)   Pre Evacuate Collection Set: 0.0ms
[2021-10-11T07:07:08.348+0000][gc,phases     ] GC(41)   Evacuate Collection Set: 28.4ms
[2021-10-11T07:07:08.349+0000][gc,phases     ] GC(41)   Post Evacuate Collection Set: 0.4ms
[2021-10-11T07:07:08.349+0000][gc,phases     ] GC(41)   Other: 0.2ms
[2021-10-11T07:07:08.349+0000][gc,heap       ] GC(41) Eden regions: 206->0(210)
[2021-10-11T07:07:08.349+0000][gc,heap       ] GC(41) Survivor regions: 7->7(27)
[2021-10-11T07:07:08.349+0000][gc,heap       ] GC(41) Old regions: 19->19
[2021-10-11T07:07:08.349+0000][gc,heap       ] GC(41) Humongous regions: 129->129
[2021-10-11T07:07:08.349+0000][gc,metaspace  ] GC(41) Metaspace: 40332K->40332K(1085440K)
[2021-10-11T07:07:08.349+0000][gc            ] GC(41) Pause Young (Normal) (G1 Evacuation Pause) 358M->153M(1024M) 29.059ms
[2021-10-11T07:07:08.349+0000][gc,cpu        ] GC(41) User=0.05s Sys=0.01s Real=0.03s
[2021-10-11T07:08:04.528+0000][gc,start      ] GC(42) Pause Young (Normal) (G1 Evacuation Pause)
[2021-10-11T07:08:04.528+0000][gc,task       ] GC(42) Using 8 workers of 8 for evacuation
[2021-10-11T07:08:04.573+0000][gc,mmu        ] GC(42) MMU target violated: 21.0ms (20.0ms/21.0ms)
[2021-10-11T07:08:04.573+0000][gc,phases     ] GC(42)   Pre Evacuate Collection Set: 0.1ms
[2021-10-11T07:08:04.573+0000][gc,phases     ] GC(42)   Evacuate Collection Set: 43.9ms
[2021-10-11T07:08:04.573+0000][gc,phases     ] GC(42)   Post Evacuate Collection Set: 0.5ms
[2021-10-11T07:08:04.573+0000][gc,phases     ] GC(42)   Other: 0.2ms
[2021-10-11T07:08:04.573+0000][gc,heap       ] GC(42) Eden regions: 210->0(214)
[2021-10-11T07:08:04.573+0000][gc,heap       ] GC(42) Survivor regions: 7->8(28)
[2021-10-11T07:08:04.573+0000][gc,heap       ] GC(42) Old regions: 19->19
[2021-10-11T07:08:04.573+0000][gc,heap       ] GC(42) Humongous regions: 142->130
[2021-10-11T07:08:04.573+0000][gc,metaspace  ] GC(42) Metaspace: 40349K->40349K(1085440K)
[2021-10-11T07:08:04.573+0000][gc            ] GC(42) Pause Young (Normal) (G1 Evacuation Pause) 376M->154M(1024M) 44.730ms
[2021-10-11T07:08:04.573+0000][gc,cpu        ] GC(42) User=0.12s Sys=0.00s Real=0.04s
[2021-10-11T07:08:08.174+0000][gc,start      ] GC(43) Pause Young (Normal) (G1 Evacuation Pause)
[2021-10-11T07:08:08.174+0000][gc,task       ] GC(43) Using 8 workers of 8 for evacuation
[2021-10-11T07:08:08.203+0000][gc,mmu        ] GC(43) MMU target violated: 21.0ms (20.0ms/21.0ms)
[2021-10-11T07:08:08.203+0000][gc,phases     ] GC(43)   Pre Evacuate Collection Set: 0.0ms
[2021-10-11T07:08:08.203+0000][gc,phases     ] GC(43)   Evacuate Collection Set: 28.0ms
[2021-10-11T07:08:08.203+0000][gc,phases     ] GC(43)   Post Evacuate Collection Set: 0.5ms
[2021-10-11T07:08:08.203+0000][gc,phases     ] GC(43)   Other: 0.2ms
[2021-10-11T07:08:08.203+0000][gc,heap       ] GC(43) Eden regions: 214->0(228)
[2021-10-11T07:08:08.203+0000][gc,heap       ] GC(43) Survivor regions: 8->8(28)
[2021-10-11T07:08:08.203+0000][gc,heap       ] GC(43) Old regions: 19->19
[2021-10-11T07:08:08.203+0000][gc,heap       ] GC(43) Humongous regions: 154->129
[2021-10-11T07:08:08.203+0000][gc,metaspace  ] GC(43) Metaspace: 40349K->40349K(1085440K)
[2021-10-11T07:08:08.203+0000][gc            ] GC(43) Pause Young (Normal) (G1 Evacuation Pause) 392M->154M(1024M) 28.797ms
[2021-10-11T07:08:08.203+0000][gc,cpu        ] GC(43) User=0.05s Sys=0.00s Real=0.03s
[2021-10-11T07:09:03.867+0000][gc,start      ] GC(44) Pause Young (Normal) (G1 Evacuation Pause)
[2021-10-11T07:09:03.867+0000][gc,task       ] GC(44) Using 8 workers of 8 for evacuation
[2021-10-11T07:09:03.901+0000][gc,mmu        ] GC(44) MMU target violated: 21.0ms (20.0ms/21.0ms)
[2021-10-11T07:09:03.901+0000][gc,phases     ] GC(44)   Pre Evacuate Collection Set: 0.0ms
[2021-10-11T07:09:03.901+0000][gc,phases     ] GC(44)   Evacuate Collection Set: 33.8ms
[2021-10-11T07:09:03.901+0000][gc,phases     ] GC(44)   Post Evacuate Collection Set: 0.5ms
[2021-10-11T07:09:03.901+0000][gc,phases     ] GC(44)   Other: 0.2ms
[2021-10-11T07:09:03.901+0000][gc,heap       ] GC(44) Eden regions: 228->0(233)
[2021-10-11T07:09:03.901+0000][gc,heap       ] GC(44) Survivor regions: 8->8(30)
[2021-10-11T07:09:03.901+0000][gc,heap       ] GC(44) Old regions: 19->20
[2021-10-11T07:09:03.901+0000][gc,heap       ] GC(44) Humongous regions: 129->129
[2021-10-11T07:09:03.901+0000][gc,metaspace  ] GC(44) Metaspace: 40481K->40481K(1085440K)
[2021-10-11T07:09:03.901+0000][gc            ] GC(44) Pause Young (Normal) (G1 Evacuation Pause) 382M->155M(1024M) 34.559ms
[2021-10-11T07:09:03.901+0000][gc,cpu        ] GC(44) User=0.06s Sys=0.00s Real=0.03s
[2021-10-11T07:09:07.833+0000][gc,start      ] GC(45) Pause Young (Normal) (G1 Evacuation Pause)
[2021-10-11T07:09:07.834+0000][gc,task       ] GC(45) Using 8 workers of 8 for evacuation
[2021-10-11T07:09:07.863+0000][gc,mmu        ] GC(45) MMU target violated: 21.0ms (20.0ms/21.0ms)
[2021-10-11T07:09:07.864+0000][gc,phases     ] GC(45)   Pre Evacuate Collection Set: 0.0ms
[2021-10-11T07:09:07.864+0000][gc,phases     ] GC(45)   Evacuate Collection Set: 29.3ms
[2021-10-11T07:09:07.864+0000][gc,phases     ] GC(45)   Post Evacuate Collection Set: 0.5ms
[2021-10-11T07:09:07.864+0000][gc,phases     ] GC(45)   Other: 0.4ms
[2021-10-11T07:09:07.864+0000][gc,heap       ] GC(45) Eden regions: 233->0(238)
[2021-10-11T07:09:07.864+0000][gc,heap       ] GC(45) Survivor regions: 8->9(31)
[2021-10-11T07:09:07.864+0000][gc,heap       ] GC(45) Old regions: 20->21
[2021-10-11T07:09:07.864+0000][gc,heap       ] GC(45) Humongous regions: 129->129
[2021-10-11T07:09:07.864+0000][gc,metaspace  ] GC(45) Metaspace: 40482K->40482K(1085440K)
[2021-10-11T07:09:07.864+0000][gc            ] GC(45) Pause Young (Normal) (G1 Evacuation Pause) 388M->155M(1024M) 30.228ms
[2021-10-11T07:09:07.864+0000][gc,cpu        ] GC(45) User=0.06s Sys=0.00s Real=0.04s
[2021-10-11T07:10:03.421+0000][gc,start      ] GC(46) Pause Young (Normal) (G1 Evacuation Pause)
[2021-10-11T07:10:03.421+0000][gc,task       ] GC(46) Using 8 workers of 8 for evacuation
[2021-10-11T07:10:03.481+0000][gc,mmu        ] GC(46) MMU target violated: 21.0ms (20.0ms/21.0ms)
[2021-10-11T07:10:03.481+0000][gc,phases     ] GC(46)   Pre Evacuate Collection Set: 0.1ms
[2021-10-11T07:10:03.481+0000][gc,phases     ] GC(46)   Evacuate Collection Set: 57.4ms
[2021-10-11T07:10:03.481+0000][gc,phases     ] GC(46)   Post Evacuate Collection Set: 1.5ms
[2021-10-11T07:10:03.481+0000][gc,phases     ] GC(46)   Other: 1.4ms
[2021-10-11T07:10:03.481+0000][gc,heap       ] GC(46) Eden regions: 238->0(99)
[2021-10-11T07:10:03.481+0000][gc,heap       ] GC(46) Survivor regions: 9->9(31)
[2021-10-11T07:10:03.481+0000][gc,heap       ] GC(46) Old regions: 21->21
[2021-10-11T07:10:03.481+0000][gc,heap       ] GC(46) Humongous regions: 129->129
[2021-10-11T07:10:03.481+0000][gc,metaspace  ] GC(46) Metaspace: 40493K->40493K(1085440K)
[2021-10-11T07:10:03.481+0000][gc            ] GC(46) Pause Young (Normal) (G1 Evacuation Pause) 393M->157M(1024M) 60.132ms
[2021-10-11T07:10:03.481+0000][gc,cpu        ] GC(46) User=0.08s Sys=0.01s Real=0.06s
[2021-10-11T07:10:05.141+0000][gc,start      ] GC(47) Pause Young (Normal) (G1 Evacuation Pause)
[2021-10-11T07:10:05.141+0000][gc,task       ] GC(47) Using 8 workers of 8 for evacuation
[2021-10-11T07:10:05.186+0000][gc,mmu        ] GC(47) MMU target violated: 21.0ms (20.0ms/21.0ms)
[2021-10-11T07:10:05.186+0000][gc,phases     ] GC(47)   Pre Evacuate Collection Set: 0.0ms
[2021-10-11T07:10:05.186+0000][gc,phases     ] GC(47)   Evacuate Collection Set: 43.9ms
[2021-10-11T07:10:05.186+0000][gc,phases     ] GC(47)   Post Evacuate Collection Set: 0.4ms
[2021-10-11T07:10:05.186+0000][gc,phases     ] GC(47)   Other: 0.2ms
[2021-10-11T07:10:05.186+0000][gc,heap       ] GC(47) Eden regions: 99->0(226)
[2021-10-11T07:10:05.186+0000][gc,heap       ] GC(47) Survivor regions: 9->7(14)
[2021-10-11T07:10:05.186+0000][gc,heap       ] GC(47) Old regions: 21->23
[2021-10-11T07:10:05.186+0000][gc,heap       ] GC(47) Humongous regions: 130->129
[2021-10-11T07:10:05.186+0000][gc,metaspace  ] GC(47) Metaspace: 40493K->40493K(1085440K)
[2021-10-11T07:10:05.186+0000][gc            ] GC(47) Pause Young (Normal) (G1 Evacuation Pause) 257M->156M(1024M) 44.593ms
[2021-10-11T07:10:05.186+0000][gc,cpu        ] GC(47) User=0.09s Sys=0.00s Real=0.05s
[2021-10-11T07:10:08.951+0000][gc,start      ] GC(48) Pause Young (Normal) (G1 Evacuation Pause)
[2021-10-11T07:10:08.951+0000][gc,task       ] GC(48) Using 8 workers of 8 for evacuation
[2021-10-11T07:10:08.964+0000][gc,phases     ] GC(48)   Pre Evacuate Collection Set: 0.0ms
[2021-10-11T07:10:08.964+0000][gc,phases     ] GC(48)   Evacuate Collection Set: 12.1ms
[2021-10-11T07:10:08.964+0000][gc,phases     ] GC(48)   Post Evacuate Collection Set: 0.7ms
[2021-10-11T07:10:08.964+0000][gc,phases     ] GC(48)   Other: 1.1ms
[2021-10-11T07:10:08.964+0000][gc,heap       ] GC(48) Eden regions: 226->0(227)
[2021-10-11T07:10:08.964+0000][gc,heap       ] GC(48) Survivor regions: 7->8(30)
[2021-10-11T07:10:08.964+0000][gc,heap       ] GC(48) Old regions: 23->23
[2021-10-11T07:10:08.964+0000][gc,heap       ] GC(48) Humongous regions: 129->129
[2021-10-11T07:10:08.964+0000][gc,metaspace  ] GC(48) Metaspace: 40493K->40493K(1085440K)
[2021-10-11T07:10:08.964+0000][gc            ] GC(48) Pause Young (Normal) (G1 Evacuation Pause) 382M->157M(1024M) 13.660ms
[2021-10-11T07:10:08.964+0000][gc,cpu        ] GC(48) User=0.02s Sys=0.00s Real=0.02s
[2021-10-11T07:11:05.369+0000][gc,start      ] GC(49) Pause Young (Normal) (G1 Evacuation Pause)
[2021-10-11T07:11:05.369+0000][gc,task       ] GC(49) Using 8 workers of 8 for evacuation
[2021-10-11T07:11:05.419+0000][gc,mmu        ] GC(49) MMU target violated: 21.0ms (20.0ms/21.0ms)
[2021-10-11T07:11:05.419+0000][gc,phases     ] GC(49)   Pre Evacuate Collection Set: 0.1ms
[2021-10-11T07:11:05.419+0000][gc,phases     ] GC(49)   Evacuate Collection Set: 48.7ms
[2021-10-11T07:11:05.419+0000][gc,phases     ] GC(49)   Post Evacuate Collection Set: 0.5ms
[2021-10-11T07:11:05.419+0000][gc,phases     ] GC(49)   Other: 0.2ms
[2021-10-11T07:11:05.419+0000][gc,heap       ] GC(49) Eden regions: 226->0(233)
[2021-10-11T07:11:05.419+0000][gc,heap       ] GC(49) Survivor regions: 8->9(30)
[2021-10-11T07:11:05.419+0000][gc,heap       ] GC(49) Old regions: 23->23
[2021-10-11T07:11:05.419+0000][gc,heap       ] GC(49) Humongous regions: 158->129
[2021-10-11T07:11:05.419+0000][gc,metaspace  ] GC(49) Metaspace: 40494K->40494K(1085440K)
[2021-10-11T07:11:05.419+0000][gc            ] GC(49) Pause Young (Normal) (G1 Evacuation Pause) 412M->158M(1024M) 49.466ms
[2021-10-11T07:11:05.419+0000][gc,cpu        ] GC(49) User=0.05s Sys=0.00s Real=0.05s
[2021-10-11T07:11:09.249+0000][gc,start      ] GC(50) Pause Young (Normal) (G1 Evacuation Pause)
[2021-10-11T07:11:09.249+0000][gc,task       ] GC(50) Using 8 workers of 8 for evacuation
[2021-10-11T07:11:09.298+0000][gc,mmu        ] GC(50) MMU target violated: 21.0ms (20.0ms/21.0ms)
[2021-10-11T07:11:09.298+0000][gc,phases     ] GC(50)   Pre Evacuate Collection Set: 0.1ms
[2021-10-11T07:11:09.298+0000][gc,phases     ] GC(50)   Evacuate Collection Set: 47.5ms
[2021-10-11T07:11:09.298+0000][gc,phases     ] GC(50)   Post Evacuate Collection Set: 0.5ms
[2021-10-11T07:11:09.298+0000][gc,phases     ] GC(50)   Other: 0.2ms
[2021-10-11T07:11:09.298+0000][gc,heap       ] GC(50) Eden regions: 233->0(225)
[2021-10-11T07:11:09.298+0000][gc,heap       ] GC(50) Survivor regions: 9->8(31)
[2021-10-11T07:11:09.298+0000][gc,heap       ] GC(50) Old regions: 23->23
[2021-10-11T07:11:09.298+0000][gc,heap       ] GC(50) Humongous regions: 129->129
[2021-10-11T07:11:09.298+0000][gc,metaspace  ] GC(50) Metaspace: 40494K->40494K(1085440K)
[2021-10-11T07:11:09.298+0000][gc            ] GC(50) Pause Young (Normal) (G1 Evacuation Pause) 391M->158M(1024M) 48.297ms
[2021-10-11T07:11:09.298+0000][gc,cpu        ] GC(50) User=0.05s Sys=0.00s Real=0.05s
[2021-10-11T07:12:05.574+0000][gc,start      ] GC(51) Pause Young (Normal) (G1 Evacuation Pause)
[2021-10-11T07:12:05.574+0000][gc,task       ] GC(51) Using 8 workers of 8 for evacuation
[2021-10-11T07:12:05.615+0000][gc,mmu        ] GC(51) MMU target violated: 21.0ms (20.0ms/21.0ms)
[2021-10-11T07:12:05.615+0000][gc,phases     ] GC(51)   Pre Evacuate Collection Set: 0.1ms
[2021-10-11T07:12:05.615+0000][gc,phases     ] GC(51)   Evacuate Collection Set: 40.2ms
[2021-10-11T07:12:05.615+0000][gc,phases     ] GC(51)   Post Evacuate Collection Set: 0.5ms
[2021-10-11T07:12:05.615+0000][gc,phases     ] GC(51)   Other: 0.5ms
[2021-10-11T07:12:05.615+0000][gc,heap       ] GC(51) Eden regions: 225->0(226)
[2021-10-11T07:12:05.615+0000][gc,heap       ] GC(51) Survivor regions: 8->10(30)
[2021-10-11T07:12:05.615+0000][gc,heap       ] GC(51) Old regions: 23->23
[2021-10-11T07:12:05.615+0000][gc,heap       ] GC(51) Humongous regions: 163->129
[2021-10-11T07:12:05.615+0000][gc,metaspace  ] GC(51) Metaspace: 40497K->40497K(1085440K)
[2021-10-11T07:12:05.615+0000][gc            ] GC(51) Pause Young (Normal) (G1 Evacuation Pause) 417M->159M(1024M) 41.254ms
[2021-10-11T07:12:05.615+0000][gc,cpu        ] GC(51) User=0.04s Sys=0.00s Real=0.04s
[2021-10-11T07:12:06.252+0000][gc,start      ] GC(52) Pause Young (Normal) (G1 Evacuation Pause)
[2021-10-11T07:12:06.252+0000][gc,task       ] GC(52) Using 8 workers of 8 for evacuation
[2021-10-11T07:12:06.285+0000][gc,mmu        ] GC(52) MMU target violated: 21.0ms (20.0ms/21.0ms)
[2021-10-11T07:12:06.285+0000][gc,phases     ] GC(52)   Pre Evacuate Collection Set: 0.0ms
[2021-10-11T07:12:06.285+0000][gc,phases     ] GC(52)   Evacuate Collection Set: 33.1ms
[2021-10-11T07:12:06.285+0000][gc,phases     ] GC(52)   Post Evacuate Collection Set: 0.3ms
[2021-10-11T07:12:06.285+0000][gc,phases     ] GC(52)   Other: 0.2ms
[2021-10-11T07:12:06.285+0000][gc,heap       ] GC(52) Eden regions: 41->0(232)
[2021-10-11T07:12:06.285+0000][gc,heap       ] GC(52) Survivor regions: 10->4(7)
[2021-10-11T07:12:06.285+0000][gc,heap       ] GC(52) Old regions: 23->28
[2021-10-11T07:12:06.285+0000][gc,heap       ] GC(52) Humongous regions: 129->129
[2021-10-11T07:12:06.285+0000][gc,metaspace  ] GC(52) Metaspace: 40497K->40497K(1085440K)
[2021-10-11T07:12:06.285+0000][gc            ] GC(52) Pause Young (Normal) (G1 Evacuation Pause) 200M->159M(1024M) 33.723ms
[2021-10-11T07:12:06.285+0000][gc,cpu        ] GC(52) User=0.03s Sys=0.00s Real=0.04s
[2021-10-11T07:13:01.651+0000][gc,start      ] GC(53) Pause Young (Normal) (G1 Evacuation Pause)
[2021-10-11T07:13:01.651+0000][gc,task       ] GC(53) Using 8 workers of 8 for evacuation
[2021-10-11T07:13:01.665+0000][gc,phases     ] GC(53)   Pre Evacuate Collection Set: 0.1ms
[2021-10-11T07:13:01.665+0000][gc,phases     ] GC(53)   Evacuate Collection Set: 13.1ms
[2021-10-11T07:13:01.665+0000][gc,phases     ] GC(53)   Post Evacuate Collection Set: 0.4ms
[2021-10-11T07:13:01.665+0000][gc,phases     ] GC(53)   Other: 0.2ms
[2021-10-11T07:13:01.665+0000][gc,heap       ] GC(53) Eden regions: 232->0(239)
[2021-10-11T07:13:01.665+0000][gc,heap       ] GC(53) Survivor regions: 4->5(30)
[2021-10-11T07:13:01.665+0000][gc,heap       ] GC(53) Old regions: 28->28
[2021-10-11T07:13:01.665+0000][gc,heap       ] GC(53) Humongous regions: 129->129
[2021-10-11T07:13:01.665+0000][gc,metaspace  ] GC(53) Metaspace: 40506K->40506K(1085440K)
[2021-10-11T07:13:01.665+0000][gc            ] GC(53) Pause Young (Normal) (G1 Evacuation Pause) 391M->159M(1024M) 13.877ms
[2021-10-11T07:13:01.665+0000][gc,cpu        ] GC(53) User=0.02s Sys=0.00s Real=0.02s
[2021-10-11T07:13:05.910+0000][gc,start      ] GC(54) Pause Young (Normal) (G1 Evacuation Pause)
[2021-10-11T07:13:05.910+0000][gc,task       ] GC(54) Using 8 workers of 8 for evacuation
[2021-10-11T07:13:05.936+0000][gc,mmu        ] GC(54) MMU target violated: 21.0ms (20.0ms/21.0ms)
[2021-10-11T07:13:05.936+0000][gc,phases     ] GC(54)   Pre Evacuate Collection Set: 0.0ms
[2021-10-11T07:13:05.936+0000][gc,phases     ] GC(54)   Evacuate Collection Set: 25.1ms
[2021-10-11T07:13:05.936+0000][gc,phases     ] GC(54)   Post Evacuate Collection Set: 0.7ms
[2021-10-11T07:13:05.936+0000][gc,phases     ] GC(54)   Other: 0.2ms
[2021-10-11T07:13:05.936+0000][gc,heap       ] GC(54) Eden regions: 239->0(235)
[2021-10-11T07:13:05.936+0000][gc,heap       ] GC(54) Survivor regions: 5->5(31)
[2021-10-11T07:13:05.936+0000][gc,heap       ] GC(54) Old regions: 28->28
[2021-10-11T07:13:05.936+0000][gc,heap       ] GC(54) Humongous regions: 129->129
[2021-10-11T07:13:05.936+0000][gc,metaspace  ] GC(54) Metaspace: 40511K->40511K(1085440K)
[2021-10-11T07:13:05.936+0000][gc            ] GC(54) Pause Young (Normal) (G1 Evacuation Pause) 398M->160M(1024M) 26.076ms
[2021-10-11T07:13:05.936+0000][gc,cpu        ] GC(54) User=0.08s Sys=0.00s Real=0.03s
[2021-10-11T07:13:53.988+0000][gc,start      ] GC(55) Pause Young (Normal) (G1 Evacuation Pause)
[2021-10-11T07:13:53.988+0000][gc,task       ] GC(55) Using 8 workers of 8 for evacuation
[2021-10-11T07:13:54.001+0000][gc,phases     ] GC(55)   Pre Evacuate Collection Set: 0.1ms
[2021-10-11T07:13:54.001+0000][gc,phases     ] GC(55)   Evacuate Collection Set: 12.5ms
[2021-10-11T07:13:54.001+0000][gc,phases     ] GC(55)   Post Evacuate Collection Set: 0.5ms
[2021-10-11T07:13:54.001+0000][gc,phases     ] GC(55)   Other: 0.4ms
[2021-10-11T07:13:54.001+0000][gc,heap       ] GC(55) Eden regions: 235->0(243)
[2021-10-11T07:13:54.001+0000][gc,heap       ] GC(55) Survivor regions: 5->6(30)
[2021-10-11T07:13:54.001+0000][gc,heap       ] GC(55) Old regions: 28->28
[2021-10-11T07:13:54.001+0000][gc,heap       ] GC(55) Humongous regions: 129->129
[2021-10-11T07:13:54.001+0000][gc,metaspace  ] GC(55) Metaspace: 40521K->40521K(1085440K)
[2021-10-11T07:13:54.001+0000][gc            ] GC(55) Pause Young (Normal) (G1 Evacuation Pause) 395M->161M(1024M) 13.439ms
[2021-10-11T07:13:54.001+0000][gc,cpu        ] GC(55) User=0.03s Sys=0.00s Real=0.01s
[2021-10-11T07:14:05.884+0000][gc,start      ] GC(56) Pause Young (Normal) (G1 Evacuation Pause)
[2021-10-11T07:14:05.884+0000][gc,task       ] GC(56) Using 8 workers of 8 for evacuation
[2021-10-11T07:14:05.925+0000][gc,mmu        ] GC(56) MMU target violated: 21.0ms (20.0ms/21.0ms)
[2021-10-11T07:14:05.925+0000][gc,phases     ] GC(56)   Pre Evacuate Collection Set: 0.0ms
[2021-10-11T07:14:05.925+0000][gc,phases     ] GC(56)   Evacuate Collection Set: 40.2ms
[2021-10-11T07:14:05.925+0000][gc,phases     ] GC(56)   Post Evacuate Collection Set: 0.5ms
[2021-10-11T07:14:05.925+0000][gc,phases     ] GC(56)   Other: 0.3ms
[2021-10-11T07:14:05.925+0000][gc,heap       ] GC(56) Eden regions: 243->0(235)
[2021-10-11T07:14:05.925+0000][gc,heap       ] GC(56) Survivor regions: 6->7(32)
[2021-10-11T07:14:05.925+0000][gc,heap       ] GC(56) Old regions: 28->28
[2021-10-11T07:14:05.925+0000][gc,heap       ] GC(56) Humongous regions: 129->129
[2021-10-11T07:14:05.925+0000][gc,metaspace  ] GC(56) Metaspace: 40523K->40523K(1085440K)
[2021-10-11T07:14:05.925+0000][gc            ] GC(56) Pause Young (Normal) (G1 Evacuation Pause) 404M->161M(1024M) 41.036ms
[2021-10-11T07:14:05.925+0000][gc,cpu        ] GC(56) User=0.03s Sys=0.00s Real=0.04s
[2021-10-11T07:14:27.083+0000][gc,start      ] GC(57) Pause Young (Normal) (G1 Evacuation Pause)
[2021-10-11T07:14:27.083+0000][gc,task       ] GC(57) Using 8 workers of 8 for evacuation
[2021-10-11T07:14:27.120+0000][gc,mmu        ] GC(57) MMU target violated: 21.0ms (20.0ms/21.0ms)
[2021-10-11T07:14:27.120+0000][gc,phases     ] GC(57)   Pre Evacuate Collection Set: 0.0ms
[2021-10-11T07:14:27.120+0000][gc,phases     ] GC(57)   Evacuate Collection Set: 36.2ms
[2021-10-11T07:14:27.120+0000][gc,phases     ] GC(57)   Post Evacuate Collection Set: 0.6ms
[2021-10-11T07:14:27.120+0000][gc,phases     ] GC(57)   Other: 0.3ms
[2021-10-11T07:14:27.120+0000][gc,heap       ] GC(57) Eden regions: 235->0(234)
[2021-10-11T07:14:27.120+0000][gc,heap       ] GC(57) Survivor regions: 7->7(31)
[2021-10-11T07:14:27.120+0000][gc,heap       ] GC(57) Old regions: 28->28
[2021-10-11T07:14:27.120+0000][gc,heap       ] GC(57) Humongous regions: 129->129
[2021-10-11T07:14:27.120+0000][gc,metaspace  ] GC(57) Metaspace: 40525K->40525K(1085440K)
[2021-10-11T07:14:27.120+0000][gc            ] GC(57) Pause Young (Normal) (G1 Evacuation Pause) 396M->162M(1024M) 37.171ms
[2021-10-11T07:14:27.120+0000][gc,cpu        ] GC(57) User=0.04s Sys=0.00s Real=0.04s
[2021-10-11T07:15:05.664+0000][gc,start      ] GC(58) Pause Young (Normal) (G1 Evacuation Pause)
[2021-10-11T07:15:05.664+0000][gc,task       ] GC(58) Using 8 workers of 8 for evacuation
[2021-10-11T07:15:05.694+0000][gc,mmu        ] GC(58) MMU target violated: 21.0ms (20.0ms/21.0ms)
[2021-10-11T07:15:05.694+0000][gc,phases     ] GC(58)   Pre Evacuate Collection Set: 0.1ms
[2021-10-11T07:15:05.694+0000][gc,phases     ] GC(58)   Evacuate Collection Set: 29.8ms
[2021-10-11T07:15:05.694+0000][gc,phases     ] GC(58)   Post Evacuate Collection Set: 0.6ms
[2021-10-11T07:15:05.694+0000][gc,phases     ] GC(58)   Other: 0.2ms
[2021-10-11T07:15:05.694+0000][gc,heap       ] GC(58) Eden regions: 234->0(236)
[2021-10-11T07:15:05.694+0000][gc,heap       ] GC(58) Survivor regions: 7->8(31)
[2021-10-11T07:15:05.694+0000][gc,heap       ] GC(58) Old regions: 28->28
[2021-10-11T07:15:05.694+0000][gc,heap       ] GC(58) Humongous regions: 129->129
[2021-10-11T07:15:05.694+0000][gc,metaspace  ] GC(58) Metaspace: 40533K->40533K(1085440K)
[2021-10-11T07:15:05.694+0000][gc            ] GC(58) Pause Young (Normal) (G1 Evacuation Pause) 396M->163M(1024M) 30.732ms
[2021-10-11T07:15:05.694+0000][gc,cpu        ] GC(58) User=0.02s Sys=0.00s Real=0.02s
[2021-10-11T07:16:01.919+0000][gc,start      ] GC(59) Pause Young (Normal) (G1 Evacuation Pause)
[2021-10-11T07:16:01.919+0000][gc,task       ] GC(59) Using 8 workers of 8 for evacuation
[2021-10-11T07:16:01.928+0000][gc,phases     ] GC(59)   Pre Evacuate Collection Set: 0.1ms
[2021-10-11T07:16:01.928+0000][gc,phases     ] GC(59)   Evacuate Collection Set: 8.5ms
[2021-10-11T07:16:01.928+0000][gc,phases     ] GC(59)   Post Evacuate Collection Set: 0.5ms
[2021-10-11T07:16:01.928+0000][gc,phases     ] GC(59)   Other: 0.2ms
[2021-10-11T07:16:01.928+0000][gc,heap       ] GC(59) Eden regions: 236->0(238)
[2021-10-11T07:16:01.928+0000][gc,heap       ] GC(59) Survivor regions: 8->9(31)
[2021-10-11T07:16:01.928+0000][gc,heap       ] GC(59) Old regions: 28->28
[2021-10-11T07:16:01.928+0000][gc,heap       ] GC(59) Humongous regions: 162->129
[2021-10-11T07:16:01.928+0000][gc,metaspace  ] GC(59) Metaspace: 40535K->40535K(1085440K)
[2021-10-11T07:16:01.928+0000][gc            ] GC(59) Pause Young (Normal) (G1 Evacuation Pause) 432M->163M(1024M) 9.236ms
[2021-10-11T07:16:01.928+0000][gc,cpu        ] GC(59) User=0.02s Sys=0.00s Real=0.01s
[2021-10-11T07:16:06.878+0000][gc,start      ] GC(60) Pause Young (Normal) (G1 Evacuation Pause)
[2021-10-11T07:16:06.878+0000][gc,task       ] GC(60) Using 8 workers of 8 for evacuation
[2021-10-11T07:16:06.897+0000][gc,phases     ] GC(60)   Pre Evacuate Collection Set: 0.0ms
[2021-10-11T07:16:06.897+0000][gc,phases     ] GC(60)   Evacuate Collection Set: 17.8ms
[2021-10-11T07:16:06.897+0000][gc,phases     ] GC(60)   Post Evacuate Collection Set: 0.6ms
[2021-10-11T07:16:06.897+0000][gc,phases     ] GC(60)   Other: 0.2ms
[2021-10-11T07:16:06.897+0000][gc,heap       ] GC(60) Eden regions: 238->0(240)
[2021-10-11T07:16:06.897+0000][gc,heap       ] GC(60) Survivor regions: 9->9(31)
[2021-10-11T07:16:06.897+0000][gc,heap       ] GC(60) Old regions: 28->28
[2021-10-11T07:16:06.897+0000][gc,heap       ] GC(60) Humongous regions: 160->129
[2021-10-11T07:16:06.897+0000][gc,metaspace  ] GC(60) Metaspace: 40536K->40536K(1085440K)
[2021-10-11T07:16:06.897+0000][gc            ] GC(60) Pause Young (Normal) (G1 Evacuation Pause) 432M->164M(1024M) 18.601ms
[2021-10-11T07:16:06.897+0000][gc,cpu        ] GC(60) User=0.05s Sys=0.00s Real=0.02s
[2021-10-11T07:17:02.545+0000][gc,start      ] GC(61) Pause Young (Normal) (G1 Evacuation Pause)
[2021-10-11T07:17:02.545+0000][gc,task       ] GC(61) Using 8 workers of 8 for evacuation
[2021-10-11T07:17:02.572+0000][gc,mmu        ] GC(61) MMU target violated: 21.0ms (20.0ms/21.0ms)
[2021-10-11T07:17:02.572+0000][gc,phases     ] GC(61)   Pre Evacuate Collection Set: 0.1ms
[2021-10-11T07:17:02.572+0000][gc,phases     ] GC(61)   Evacuate Collection Set: 25.7ms
[2021-10-11T07:17:02.572+0000][gc,phases     ] GC(61)   Post Evacuate Collection Set: 0.5ms
[2021-10-11T07:17:02.572+0000][gc,phases     ] GC(61)   Other: 0.4ms
[2021-10-11T07:17:02.572+0000][gc,heap       ] GC(61) Eden regions: 240->0(245)
[2021-10-11T07:17:02.572+0000][gc,heap       ] GC(61) Survivor regions: 9->9(32)
[2021-10-11T07:17:02.572+0000][gc,heap       ] GC(61) Old regions: 28->29
[2021-10-11T07:17:02.572+0000][gc,heap       ] GC(61) Humongous regions: 129->129
[2021-10-11T07:17:02.572+0000][gc,metaspace  ] GC(61) Metaspace: 40541K->40541K(1085440K)
[2021-10-11T07:17:02.572+0000][gc            ] GC(61) Pause Young (Normal) (G1 Evacuation Pause) 404M->165M(1024M) 26.641ms
[2021-10-11T07:17:02.572+0000][gc,cpu        ] GC(61) User=0.08s Sys=0.00s Real=0.02s
[2021-10-11T07:17:06.787+0000][gc,start      ] GC(62) Pause Young (Normal) (G1 Evacuation Pause)
[2021-10-11T07:17:06.787+0000][gc,task       ] GC(62) Using 8 workers of 8 for evacuation
[2021-10-11T07:17:06.813+0000][gc,mmu        ] GC(62) MMU target violated: 21.0ms (20.0ms/21.0ms)
[2021-10-11T07:17:06.813+0000][gc,phases     ] GC(62)   Pre Evacuate Collection Set: 0.0ms
[2021-10-11T07:17:06.813+0000][gc,phases     ] GC(62)   Evacuate Collection Set: 25.2ms
[2021-10-11T07:17:06.813+0000][gc,phases     ] GC(62)   Post Evacuate Collection Set: 0.5ms
[2021-10-11T07:17:06.813+0000][gc,phases     ] GC(62)   Other: 0.3ms
[2021-10-11T07:17:06.813+0000][gc,heap       ] GC(62) Eden regions: 245->0(249)
[2021-10-11T07:17:06.813+0000][gc,heap       ] GC(62) Survivor regions: 9->10(32)
[2021-10-11T07:17:06.813+0000][gc,heap       ] GC(62) Old regions: 29->29
[2021-10-11T07:17:06.813+0000][gc,heap       ] GC(62) Humongous regions: 129->129
[2021-10-11T07:17:06.813+0000][gc,metaspace  ] GC(62) Metaspace: 40541K->40541K(1085440K)
[2021-10-11T07:17:06.813+0000][gc            ] GC(62) Pause Young (Normal) (G1 Evacuation Pause) 410M->165M(1024M) 26.019ms
[2021-10-11T07:17:06.813+0000][gc,cpu        ] GC(62) User=0.08s Sys=0.00s Real=0.02s
[2021-10-11T07:18:02.872+0000][gc,start      ] GC(63) Pause Young (Normal) (G1 Evacuation Pause)
[2021-10-11T07:18:02.872+0000][gc,task       ] GC(63) Using 8 workers of 8 for evacuation
[2021-10-11T07:18:02.893+0000][gc,mmu        ] GC(63) MMU target violated: 20.5ms (20.0ms/21.0ms)
[2021-10-11T07:18:02.893+0000][gc,phases     ] GC(63)   Pre Evacuate Collection Set: 0.1ms
[2021-10-11T07:18:02.893+0000][gc,phases     ] GC(63)   Evacuate Collection Set: 19.8ms
[2021-10-11T07:18:02.893+0000][gc,phases     ] GC(63)   Post Evacuate Collection Set: 0.6ms
[2021-10-11T07:18:02.893+0000][gc,phases     ] GC(63)   Other: 0.2ms
[2021-10-11T07:18:02.893+0000][gc,heap       ] GC(63) Eden regions: 249->0(330)
[2021-10-11T07:18:02.893+0000][gc,heap       ] GC(63) Survivor regions: 10->11(33)
[2021-10-11T07:18:02.893+0000][gc,heap       ] GC(63) Old regions: 29->30
[2021-10-11T07:18:02.893+0000][gc,heap       ] GC(63) Humongous regions: 129->129
[2021-10-11T07:18:02.893+0000][gc,metaspace  ] GC(63) Metaspace: 40547K->40547K(1085440K)
[2021-10-11T07:18:02.893+0000][gc            ] GC(63) Pause Young (Normal) (G1 Evacuation Pause) 414M->167M(1024M) 20.686ms
[2021-10-11T07:18:02.893+0000][gc,cpu        ] GC(63) User=0.05s Sys=0.00s Real=0.02s
[2021-10-11T07:18:08.527+0000][gc,start      ] GC(64) Pause Young (Normal) (G1 Evacuation Pause)
[2021-10-11T07:18:08.527+0000][gc,task       ] GC(64) Using 8 workers of 8 for evacuation
[2021-10-11T07:18:08.545+0000][gc,phases     ] GC(64)   Pre Evacuate Collection Set: 0.0ms
[2021-10-11T07:18:08.545+0000][gc,phases     ] GC(64)   Evacuate Collection Set: 17.7ms
[2021-10-11T07:18:08.545+0000][gc,phases     ] GC(64)   Post Evacuate Collection Set: 0.5ms
[2021-10-11T07:18:08.545+0000][gc,phases     ] GC(64)   Other: 0.2ms
[2021-10-11T07:18:08.545+0000][gc,heap       ] GC(64) Eden regions: 330->0(604)
[2021-10-11T07:18:08.545+0000][gc,heap       ] GC(64) Survivor regions: 11->10(43)
[2021-10-11T07:18:08.545+0000][gc,heap       ] GC(64) Old regions: 30->30
[2021-10-11T07:18:08.545+0000][gc,heap       ] GC(64) Humongous regions: 129->129
[2021-10-11T07:18:08.545+0000][gc,metaspace  ] GC(64) Metaspace: 40547K->40547K(1085440K)
[2021-10-11T07:18:08.545+0000][gc            ] GC(64) Pause Young (Normal) (G1 Evacuation Pause) 497M->167M(1024M) 18.490ms
[2021-10-11T07:18:08.545+0000][gc,cpu        ] GC(64) User=0.05s Sys=0.00s Real=0.02s
[2021-10-11T07:20:02.325+0000][gc,start      ] GC(65) Pause Young (Normal) (G1 Evacuation Pause)
[2021-10-11T07:20:02.325+0000][gc,task       ] GC(65) Using 8 workers of 8 for evacuation
[2021-10-11T07:20:02.356+0000][gc,mmu        ] GC(65) MMU target violated: 21.0ms (20.0ms/21.0ms)
[2021-10-11T07:20:02.356+0000][gc,phases     ] GC(65)   Pre Evacuate Collection Set: 0.1ms
[2021-10-11T07:20:02.356+0000][gc,phases     ] GC(65)   Evacuate Collection Set: 30.3ms
[2021-10-11T07:20:02.356+0000][gc,phases     ] GC(65)   Post Evacuate Collection Set: 0.7ms
[2021-10-11T07:20:02.356+0000][gc,phases     ] GC(65)   Other: 0.4ms
[2021-10-11T07:20:02.356+0000][gc,heap       ] GC(65) Eden regions: 604->0(603)
[2021-10-11T07:20:02.356+0000][gc,heap       ] GC(65) Survivor regions: 10->11(77)
[2021-10-11T07:20:02.356+0000][gc,heap       ] GC(65) Old regions: 30->31
[2021-10-11T07:20:02.356+0000][gc,heap       ] GC(65) Humongous regions: 129->129
[2021-10-11T07:20:02.356+0000][gc,metaspace  ] GC(65) Metaspace: 40575K->40575K(1085440K)
[2021-10-11T07:20:02.356+0000][gc            ] GC(65) Pause Young (Normal) (G1 Evacuation Pause) 771M->169M(1024M) 31.635ms
[2021-10-11T07:20:02.356+0000][gc,cpu        ] GC(65) User=0.08s Sys=0.00s Real=0.03s
[2021-10-11T07:21:05.087+0000][gc,start      ] GC(66) Pause Young (Normal) (G1 Evacuation Pause)
[2021-10-11T07:21:05.088+0000][gc,task       ] GC(66) Using 8 workers of 8 for evacuation
[2021-10-11T07:21:05.126+0000][gc,mmu        ] GC(66) MMU target violated: 21.0ms (20.0ms/21.0ms)
[2021-10-11T07:21:05.126+0000][gc,phases     ] GC(66)   Pre Evacuate Collection Set: 0.1ms
[2021-10-11T07:21:05.126+0000][gc,phases     ] GC(66)   Evacuate Collection Set: 37.7ms
[2021-10-11T07:21:05.126+0000][gc,phases     ] GC(66)   Post Evacuate Collection Set: 0.6ms
[2021-10-11T07:21:05.126+0000][gc,phases     ] GC(66)   Other: 0.5ms
[2021-10-11T07:21:05.126+0000][gc,heap       ] GC(66) Eden regions: 603->0(38)
[2021-10-11T07:21:05.126+0000][gc,heap       ] GC(66) Survivor regions: 11->13(77)
[2021-10-11T07:21:05.126+0000][gc,heap       ] GC(66) Old regions: 31->32
[2021-10-11T07:21:05.126+0000][gc,heap       ] GC(66) Humongous regions: 140->129
[2021-10-11T07:21:05.126+0000][gc,metaspace  ] GC(66) Metaspace: 40579K->40579K(1085440K)
[2021-10-11T07:21:05.127+0000][gc            ] GC(66) Pause Young (Normal) (G1 Evacuation Pause) 783M->171M(1024M) 39.239ms
[2021-10-11T07:21:05.127+0000][gc,cpu        ] GC(66) User=0.11s Sys=0.00s Real=0.04s
[2021-10-11T07:21:05.768+0000][gc,start      ] GC(67) Pause Young (Normal) (G1 Evacuation Pause)
[2021-10-11T07:21:05.768+0000][gc,task       ] GC(67) Using 8 workers of 8 for evacuation
[2021-10-11T07:21:05.796+0000][gc,mmu        ] GC(67) MMU target violated: 21.0ms (20.0ms/21.0ms)
[2021-10-11T07:21:05.796+0000][gc,phases     ] GC(67)   Pre Evacuate Collection Set: 0.0ms
[2021-10-11T07:21:05.796+0000][gc,phases     ] GC(67)   Evacuate Collection Set: 28.0ms
[2021-10-11T07:21:05.796+0000][gc,phases     ] GC(67)   Post Evacuate Collection Set: 0.4ms
[2021-10-11T07:21:05.796+0000][gc,phases     ] GC(67)   Other: 0.2ms
[2021-10-11T07:21:05.796+0000][gc,heap       ] GC(67) Eden regions: 38->0(514)
[2021-10-11T07:21:05.796+0000][gc,heap       ] GC(67) Survivor regions: 13->5(7)
[2021-10-11T07:21:05.796+0000][gc,heap       ] GC(67) Old regions: 32->40
[2021-10-11T07:21:05.796+0000][gc,heap       ] GC(67) Humongous regions: 129->129
[2021-10-11T07:21:05.796+0000][gc,metaspace  ] GC(67) Metaspace: 40579K->40579K(1085440K)
[2021-10-11T07:21:05.796+0000][gc            ] GC(67) Pause Young (Normal) (G1 Evacuation Pause) 209M->171M(1024M) 28.610ms
[2021-10-11T07:21:05.796+0000][gc,cpu        ] GC(67) User=0.08s Sys=0.00s Real=0.03s
[2021-10-11T07:22:06.879+0000][gc,start      ] GC(68) Pause Young (Normal) (G1 Evacuation Pause)
[2021-10-11T07:22:06.879+0000][gc,task       ] GC(68) Using 8 workers of 8 for evacuation
[2021-10-11T07:22:06.901+0000][gc,mmu        ] GC(68) MMU target violated: 21.0ms (20.0ms/21.0ms)
[2021-10-11T07:22:06.901+0000][gc,phases     ] GC(68)   Pre Evacuate Collection Set: 0.1ms
[2021-10-11T07:22:06.901+0000][gc,phases     ] GC(68)   Evacuate Collection Set: 21.2ms
[2021-10-11T07:22:06.901+0000][gc,phases     ] GC(68)   Post Evacuate Collection Set: 0.8ms
[2021-10-11T07:22:06.901+0000][gc,phases     ] GC(68)   Other: 0.5ms
[2021-10-11T07:22:06.901+0000][gc,heap       ] GC(68) Eden regions: 514->0(490)
[2021-10-11T07:22:06.901+0000][gc,heap       ] GC(68) Survivor regions: 5->6(65)
[2021-10-11T07:22:06.901+0000][gc,heap       ] GC(68) Old regions: 40->40
[2021-10-11T07:22:06.901+0000][gc,heap       ] GC(68) Humongous regions: 156->129
[2021-10-11T07:22:06.901+0000][gc,metaspace  ] GC(68) Metaspace: 40585K->40585K(1085440K)
[2021-10-11T07:22:06.901+0000][gc            ] GC(68) Pause Young (Normal) (G1 Evacuation Pause) 712M->171M(1024M) 22.574ms
[2021-10-11T07:22:06.901+0000][gc,cpu        ] GC(68) User=0.07s Sys=0.00s Real=0.02s
[2021-10-11T07:23:06.627+0000][gc,start      ] GC(69) Pause Young (Normal) (G1 Evacuation Pause)
[2021-10-11T07:23:06.627+0000][gc,task       ] GC(69) Using 8 workers of 8 for evacuation
[2021-10-11T07:23:06.652+0000][gc,mmu        ] GC(69) MMU target violated: 21.0ms (20.0ms/21.0ms)
[2021-10-11T07:23:06.652+0000][gc,phases     ] GC(69)   Pre Evacuate Collection Set: 0.1ms
[2021-10-11T07:23:06.652+0000][gc,phases     ] GC(69)   Evacuate Collection Set: 23.7ms
[2021-10-11T07:23:06.652+0000][gc,phases     ] GC(69)   Post Evacuate Collection Set: 0.6ms
[2021-10-11T07:23:06.652+0000][gc,phases     ] GC(69)   Other: 0.2ms
[2021-10-11T07:23:06.652+0000][gc,heap       ] GC(69) Eden regions: 490->0(537)
[2021-10-11T07:23:06.652+0000][gc,heap       ] GC(69) Survivor regions: 6->7(62)
[2021-10-11T07:23:06.652+0000][gc,heap       ] GC(69) Old regions: 40->40
[2021-10-11T07:23:06.652+0000][gc,heap       ] GC(69) Humongous regions: 129->129
[2021-10-11T07:23:06.652+0000][gc,metaspace  ] GC(69) Metaspace: 40588K->40588K(1085440K)
[2021-10-11T07:23:06.652+0000][gc            ] GC(69) Pause Young (Normal) (G1 Evacuation Pause) 661M->173M(1024M) 24.624ms
[2021-10-11T07:23:06.652+0000][gc,cpu        ] GC(69) User=0.07s Sys=0.00s Real=0.02s
[2021-10-11T07:24:08.309+0000][gc,start      ] GC(70) Pause Young (Normal) (G1 Evacuation Pause)
[2021-10-11T07:24:08.310+0000][gc,task       ] GC(70) Using 8 workers of 8 for evacuation
[2021-10-11T07:24:08.363+0000][gc,mmu        ] GC(70) MMU target violated: 21.0ms (20.0ms/21.0ms)
[2021-10-11T07:24:08.363+0000][gc,phases     ] GC(70)   Pre Evacuate Collection Set: 0.1ms
[2021-10-11T07:24:08.363+0000][gc,phases     ] GC(70)   Evacuate Collection Set: 52.2ms
[2021-10-11T07:24:08.363+0000][gc,phases     ] GC(70)   Post Evacuate Collection Set: 0.7ms
[2021-10-11T07:24:08.363+0000][gc,phases     ] GC(70)   Other: 0.5ms
[2021-10-11T07:24:08.363+0000][gc,heap       ] GC(70) Eden regions: 537->0(537)
[2021-10-11T07:24:08.363+0000][gc,heap       ] GC(70) Survivor regions: 7->8(68)
[2021-10-11T07:24:08.363+0000][gc,heap       ] GC(70) Old regions: 40->40
[2021-10-11T07:24:08.363+0000][gc,heap       ] GC(70) Humongous regions: 162->129
[2021-10-11T07:24:08.363+0000][gc,metaspace  ] GC(70) Metaspace: 40603K->40603K(1085440K)
[2021-10-11T07:24:08.363+0000][gc            ] GC(70) Pause Young (Normal) (G1 Evacuation Pause) 743M->174M(1024M) 53.404ms
[2021-10-11T07:24:08.363+0000][gc,cpu        ] GC(70) User=0.14s Sys=0.00s Real=0.05s
[2021-10-11T07:25:09.039+0000][gc,start      ] GC(71) Pause Young (Normal) (G1 Evacuation Pause)
[2021-10-11T07:25:09.039+0000][gc,task       ] GC(71) Using 8 workers of 8 for evacuation
[2021-10-11T07:25:09.066+0000][gc,mmu        ] GC(71) MMU target violated: 21.0ms (20.0ms/21.0ms)
[2021-10-11T07:25:09.066+0000][gc,phases     ] GC(71)   Pre Evacuate Collection Set: 0.1ms
[2021-10-11T07:25:09.066+0000][gc,phases     ] GC(71)   Evacuate Collection Set: 25.5ms
[2021-10-11T07:25:09.066+0000][gc,phases     ] GC(71)   Post Evacuate Collection Set: 0.7ms
[2021-10-11T07:25:09.066+0000][gc,phases     ] GC(71)   Other: 0.3ms
[2021-10-11T07:25:09.066+0000][gc,heap       ] GC(71) Eden regions: 537->0(543)
[2021-10-11T07:25:09.066+0000][gc,heap       ] GC(71) Survivor regions: 8->9(69)
[2021-10-11T07:25:09.066+0000][gc,heap       ] GC(71) Old regions: 40->40
[2021-10-11T07:25:09.066+0000][gc,heap       ] GC(71) Humongous regions: 129->129
[2021-10-11T07:25:09.066+0000][gc,metaspace  ] GC(71) Metaspace: 40609K->40609K(1085440K)
[2021-10-11T07:25:09.066+0000][gc            ] GC(71) Pause Young (Normal) (G1 Evacuation Pause) 711M->175M(1024M) 26.568ms
[2021-10-11T07:25:09.066+0000][gc,cpu        ] GC(71) User=0.05s Sys=0.00s Real=0.03s
[2021-10-11T07:26:10.244+0000][gc,start      ] GC(72) Pause Young (Normal) (G1 Evacuation Pause)
[2021-10-11T07:26:10.245+0000][gc,task       ] GC(72) Using 8 workers of 8 for evacuation
[2021-10-11T07:26:10.317+0000][gc,mmu        ] GC(72) MMU target violated: 21.0ms (20.0ms/21.0ms)
[2021-10-11T07:26:10.317+0000][gc,phases     ] GC(72)   Pre Evacuate Collection Set: 0.0ms
[2021-10-11T07:26:10.317+0000][gc,phases     ] GC(72)   Evacuate Collection Set: 71.2ms
[2021-10-11T07:26:10.317+0000][gc,phases     ] GC(72)   Post Evacuate Collection Set: 0.6ms
[2021-10-11T07:26:10.317+0000][gc,phases     ] GC(72)   Other: 0.4ms
[2021-10-11T07:26:10.317+0000][gc,heap       ] GC(72) Eden regions: 543->0(330)
[2021-10-11T07:26:10.317+0000][gc,heap       ] GC(72) Survivor regions: 9->11(69)
[2021-10-11T07:26:10.317+0000][gc,heap       ] GC(72) Old regions: 40->40
[2021-10-11T07:26:10.317+0000][gc,heap       ] GC(72) Humongous regions: 136->129
[2021-10-11T07:26:10.317+0000][gc,metaspace  ] GC(72) Metaspace: 40616K->40616K(1085440K)
[2021-10-11T07:26:10.317+0000][gc            ] GC(72) Pause Young (Normal) (G1 Evacuation Pause) 725M->177M(1024M) 72.321ms
[2021-10-11T07:26:10.317+0000][gc,cpu        ] GC(72) User=0.15s Sys=0.00s Real=0.07s
[2021-10-11T07:27:07.210+0000][gc,start      ] GC(73) Pause Young (Normal) (G1 Evacuation Pause)
[2021-10-11T07:27:07.210+0000][gc,task       ] GC(73) Using 8 workers of 8 for evacuation
[2021-10-11T07:27:07.250+0000][gc,mmu        ] GC(73) MMU target violated: 21.0ms (20.0ms/21.0ms)
[2021-10-11T07:27:07.250+0000][gc,phases     ] GC(73)   Pre Evacuate Collection Set: 0.1ms
[2021-10-11T07:27:07.250+0000][gc,phases     ] GC(73)   Evacuate Collection Set: 39.9ms
[2021-10-11T07:27:07.250+0000][gc,phases     ] GC(73)   Post Evacuate Collection Set: 0.5ms
[2021-10-11T07:27:07.250+0000][gc,phases     ] GC(73)   Other: 0.3ms
[2021-10-11T07:27:07.250+0000][gc,heap       ] GC(73) Eden regions: 325->0(322)
[2021-10-11T07:27:07.250+0000][gc,heap       ] GC(73) Survivor regions: 11->12(42)
[2021-10-11T07:27:07.250+0000][gc,heap       ] GC(73) Old regions: 40->40
[2021-10-11T07:27:07.250+0000][gc,heap       ] GC(73) Humongous regions: 130->129
[2021-10-11T07:27:07.250+0000][gc,metaspace  ] GC(73) Metaspace: 40624K->40624K(1085440K)
[2021-10-11T07:27:07.250+0000][gc            ] GC(73) Pause Young (Normal) (G1 Evacuation Pause) 503M->178M(1024M) 40.838ms
[2021-10-11T07:27:07.250+0000][gc,cpu        ] GC(73) User=0.08s Sys=0.00s Real=0.04s
[2021-10-11T07:28:04.406+0000][gc,start      ] GC(74) Pause Young (Normal) (G1 Evacuation Pause)
[2021-10-11T07:28:04.407+0000][gc,task       ] GC(74) Using 8 workers of 8 for evacuation
[2021-10-11T07:28:04.471+0000][gc,mmu        ] GC(74) MMU target violated: 21.0ms (20.0ms/21.0ms)
[2021-10-11T07:28:04.471+0000][gc,phases     ] GC(74)   Pre Evacuate Collection Set: 0.1ms
[2021-10-11T07:28:04.471+0000][gc,phases     ] GC(74)   Evacuate Collection Set: 63.4ms
[2021-10-11T07:28:04.471+0000][gc,phases     ] GC(74)   Post Evacuate Collection Set: 0.6ms
[2021-10-11T07:28:04.471+0000][gc,phases     ] GC(74)   Other: 0.4ms
[2021-10-11T07:28:04.471+0000][gc,heap       ] GC(74) Eden regions: 322->0(38)
[2021-10-11T07:28:04.471+0000][gc,heap       ] GC(74) Survivor regions: 12->13(42)
[2021-10-11T07:28:04.471+0000][gc,heap       ] GC(74) Old regions: 40->40
[2021-10-11T07:28:04.471+0000][gc,heap       ] GC(74) Humongous regions: 130->129
[2021-10-11T07:28:04.471+0000][gc,metaspace  ] GC(74) Metaspace: 40643K->40643K(1087488K)
[2021-10-11T07:28:04.471+0000][gc            ] GC(74) Pause Young (Normal) (G1 Evacuation Pause) 501M->179M(1024M) 64.440ms
[2021-10-11T07:28:04.471+0000][gc,cpu        ] GC(74) User=0.07s Sys=0.00s Real=0.06s
[2021-10-11T07:28:05.100+0000][gc,start      ] GC(75) Pause Young (Normal) (G1 Evacuation Pause)
[2021-10-11T07:28:05.100+0000][gc,task       ] GC(75) Using 8 workers of 8 for evacuation
[2021-10-11T07:28:05.129+0000][gc,mmu        ] GC(75) MMU target violated: 21.0ms (20.0ms/21.0ms)
[2021-10-11T07:28:05.130+0000][gc,phases     ] GC(75)   Pre Evacuate Collection Set: 0.0ms
[2021-10-11T07:28:05.130+0000][gc,phases     ] GC(75)   Evacuate Collection Set: 28.9ms
[2021-10-11T07:28:05.130+0000][gc,phases     ] GC(75)   Post Evacuate Collection Set: 0.3ms
[2021-10-11T07:28:05.130+0000][gc,phases     ] GC(75)   Other: 0.2ms
[2021-10-11T07:28:05.130+0000][gc,heap       ] GC(75) Eden regions: 38->0(60)
[2021-10-11T07:28:05.130+0000][gc,heap       ] GC(75) Survivor regions: 13->5(7)
[2021-10-11T07:28:05.130+0000][gc,heap       ] GC(75) Old regions: 40->48
[2021-10-11T07:28:05.130+0000][gc,heap       ] GC(75) Humongous regions: 130->129
[2021-10-11T07:28:05.130+0000][gc,metaspace  ] GC(75) Metaspace: 40643K->40643K(1087488K)
[2021-10-11T07:28:05.130+0000][gc            ] GC(75) Pause Young (Normal) (G1 Evacuation Pause) 218M->180M(1024M) 29.472ms
[2021-10-11T07:28:05.130+0000][gc,cpu        ] GC(75) User=0.04s Sys=0.00s Real=0.03s
[2021-10-11T07:28:06.153+0000][gc,start      ] GC(76) Pause Young (Normal) (G1 Evacuation Pause)
[2021-10-11T07:28:06.153+0000][gc,task       ] GC(76) Using 8 workers of 8 for evacuation
[2021-10-11T07:28:06.165+0000][gc,phases     ] GC(76)   Pre Evacuate Collection Set: 0.0ms
[2021-10-11T07:28:06.165+0000][gc,phases     ] GC(76)   Evacuate Collection Set: 12.0ms
[2021-10-11T07:28:06.165+0000][gc,phases     ] GC(76)   Post Evacuate Collection Set: 0.3ms
[2021-10-11T07:28:06.165+0000][gc,phases     ] GC(76)   Other: 0.2ms
[2021-10-11T07:28:06.165+0000][gc,heap       ] GC(76) Eden regions: 60->0(93)
[2021-10-11T07:28:06.165+0000][gc,heap       ] GC(76) Survivor regions: 5->4(9)
[2021-10-11T07:28:06.165+0000][gc,heap       ] GC(76) Old regions: 48->48
[2021-10-11T07:28:06.165+0000][gc,heap       ] GC(76) Humongous regions: 129->129
[2021-10-11T07:28:06.165+0000][gc,metaspace  ] GC(76) Metaspace: 40643K->40643K(1087488K)
[2021-10-11T07:28:06.165+0000][gc            ] GC(76) Pause Young (Normal) (G1 Evacuation Pause) 240M->179M(1024M) 12.530ms
[2021-10-11T07:28:06.165+0000][gc,cpu        ] GC(76) User=0.03s Sys=0.00s Real=0.02s
[2021-10-11T07:28:07.903+0000][gc,start      ] GC(77) Pause Young (Normal) (G1 Evacuation Pause)
[2021-10-11T07:28:07.903+0000][gc,task       ] GC(77) Using 8 workers of 8 for evacuation
[2021-10-11T07:28:07.908+0000][gc,phases     ] GC(77)   Pre Evacuate Collection Set: 0.0ms
[2021-10-11T07:28:07.908+0000][gc,phases     ] GC(77)   Evacuate Collection Set: 4.4ms
[2021-10-11T07:28:07.908+0000][gc,phases     ] GC(77)   Post Evacuate Collection Set: 0.3ms
[2021-10-11T07:28:07.908+0000][gc,phases     ] GC(77)   Other: 0.2ms
[2021-10-11T07:28:07.908+0000][gc,heap       ] GC(77) Eden regions: 93->0(105)
[2021-10-11T07:28:07.908+0000][gc,heap       ] GC(77) Survivor regions: 4->4(13)
[2021-10-11T07:28:07.908+0000][gc,heap       ] GC(77) Old regions: 48->48
[2021-10-11T07:28:07.908+0000][gc,heap       ] GC(77) Humongous regions: 129->129
[2021-10-11T07:28:07.908+0000][gc,metaspace  ] GC(77) Metaspace: 40643K->40643K(1087488K)
[2021-10-11T07:28:07.908+0000][gc            ] GC(77) Pause Young (Normal) (G1 Evacuation Pause) 272M->179M(1024M) 4.953ms
[2021-10-11T07:28:07.908+0000][gc,cpu        ] GC(77) User=0.02s Sys=0.00s Real=0.01s
[2021-10-11T07:28:09.642+0000][gc,start      ] GC(78) Pause Young (Normal) (G1 Evacuation Pause)
[2021-10-11T07:28:09.642+0000][gc,task       ] GC(78) Using 8 workers of 8 for evacuation
[2021-10-11T07:28:09.647+0000][gc,phases     ] GC(78)   Pre Evacuate Collection Set: 0.0ms
[2021-10-11T07:28:09.647+0000][gc,phases     ] GC(78)   Evacuate Collection Set: 4.7ms
[2021-10-11T07:28:09.647+0000][gc,phases     ] GC(78)   Post Evacuate Collection Set: 0.3ms
[2021-10-11T07:28:09.647+0000][gc,phases     ] GC(78)   Other: 0.2ms
[2021-10-11T07:28:09.647+0000][gc,heap       ] GC(78) Eden regions: 105->0(116)
[2021-10-11T07:28:09.647+0000][gc,heap       ] GC(78) Survivor regions: 4->4(14)
[2021-10-11T07:28:09.647+0000][gc,heap       ] GC(78) Old regions: 48->48
[2021-10-11T07:28:09.647+0000][gc,heap       ] GC(78) Humongous regions: 129->129
[2021-10-11T07:28:09.647+0000][gc,metaspace  ] GC(78) Metaspace: 40643K->40643K(1087488K)
[2021-10-11T07:28:09.647+0000][gc            ] GC(78) Pause Young (Normal) (G1 Evacuation Pause) 284M->179M(1024M) 5.262ms
[2021-10-11T07:28:09.647+0000][gc,cpu        ] GC(78) User=0.02s Sys=0.00s Real=0.01s
[2021-10-11T07:29:04.150+0000][gc,start      ] GC(79) Pause Young (Normal) (G1 Evacuation Pause)
[2021-10-11T07:29:04.150+0000][gc,task       ] GC(79) Using 8 workers of 8 for evacuation
[2021-10-11T07:29:04.192+0000][gc,mmu        ] GC(79) MMU target violated: 21.0ms (20.0ms/21.0ms)
[2021-10-11T07:29:04.192+0000][gc,phases     ] GC(79)   Pre Evacuate Collection Set: 0.1ms
[2021-10-11T07:29:04.192+0000][gc,phases     ] GC(79)   Evacuate Collection Set: 40.6ms
[2021-10-11T07:29:04.192+0000][gc,phases     ] GC(79)   Post Evacuate Collection Set: 0.6ms
[2021-10-11T07:29:04.192+0000][gc,phases     ] GC(79)   Other: 0.2ms
[2021-10-11T07:29:04.192+0000][gc,heap       ] GC(79) Eden regions: 116->0(120)
[2021-10-11T07:29:04.192+0000][gc,heap       ] GC(79) Survivor regions: 4->5(15)
[2021-10-11T07:29:04.192+0000][gc,heap       ] GC(79) Old regions: 48->48
[2021-10-11T07:29:04.192+0000][gc,heap       ] GC(79) Humongous regions: 176->129
[2021-10-11T07:29:04.192+0000][gc,metaspace  ] GC(79) Metaspace: 40649K->40649K(1087488K)
[2021-10-11T07:29:04.192+0000][gc            ] GC(79) Pause Young (Normal) (G1 Evacuation Pause) 342M->180M(1024M) 41.487ms
[2021-10-11T07:29:04.192+0000][gc,cpu        ] GC(79) User=0.04s Sys=0.01s Real=0.04s
[2021-10-11T07:29:06.313+0000][gc,start      ] GC(80) Pause Young (Normal) (G1 Evacuation Pause)
[2021-10-11T07:29:06.313+0000][gc,task       ] GC(80) Using 8 workers of 8 for evacuation
[2021-10-11T07:29:06.332+0000][gc,phases     ] GC(80)   Pre Evacuate Collection Set: 0.0ms
[2021-10-11T07:29:06.332+0000][gc,phases     ] GC(80)   Evacuate Collection Set: 18.9ms
[2021-10-11T07:29:06.332+0000][gc,phases     ] GC(80)   Post Evacuate Collection Set: 0.4ms
[2021-10-11T07:29:06.332+0000][gc,phases     ] GC(80)   Other: 0.2ms
[2021-10-11T07:29:06.332+0000][gc,heap       ] GC(80) Eden regions: 119->0(122)
[2021-10-11T07:29:06.332+0000][gc,heap       ] GC(80) Survivor regions: 5->6(16)
[2021-10-11T07:29:06.332+0000][gc,heap       ] GC(80) Old regions: 48->48
[2021-10-11T07:29:06.332+0000][gc,heap       ] GC(80) Humongous regions: 129->129
[2021-10-11T07:29:06.332+0000][gc,metaspace  ] GC(80) Metaspace: 40649K->40649K(1087488K)
[2021-10-11T07:29:06.332+0000][gc            ] GC(80) Pause Young (Normal) (G1 Evacuation Pause) 299M->180M(1024M) 19.599ms
[2021-10-11T07:29:06.332+0000][gc,cpu        ] GC(80) User=0.03s Sys=0.00s Real=0.02s
[2021-10-11T07:29:08.596+0000][gc,start      ] GC(81) Pause Young (Normal) (G1 Evacuation Pause)
[2021-10-11T07:29:08.596+0000][gc,task       ] GC(81) Using 8 workers of 8 for evacuation
[2021-10-11T07:29:08.618+0000][gc,mmu        ] GC(81) MMU target violated: 21.0ms (20.0ms/21.0ms)
[2021-10-11T07:29:08.618+0000][gc,phases     ] GC(81)   Pre Evacuate Collection Set: 0.0ms
[2021-10-11T07:29:08.618+0000][gc,phases     ] GC(81)   Evacuate Collection Set: 21.6ms
[2021-10-11T07:29:08.618+0000][gc,phases     ] GC(81)   Post Evacuate Collection Set: 0.4ms
[2021-10-11T07:29:08.618+0000][gc,phases     ] GC(81)   Other: 0.2ms
[2021-10-11T07:29:08.618+0000][gc,heap       ] GC(81) Eden regions: 122->0(127)
[2021-10-11T07:29:08.618+0000][gc,heap       ] GC(81) Survivor regions: 6->6(16)
[2021-10-11T07:29:08.618+0000][gc,heap       ] GC(81) Old regions: 48->48
[2021-10-11T07:29:08.618+0000][gc,heap       ] GC(81) Humongous regions: 136->129
[2021-10-11T07:29:08.619+0000][gc,metaspace  ] GC(81) Metaspace: 40649K->40649K(1087488K)
[2021-10-11T07:29:08.619+0000][gc            ] GC(81) Pause Young (Normal) (G1 Evacuation Pause) 309M->180M(1024M) 22.250ms
[2021-10-11T07:29:08.619+0000][gc,cpu        ] GC(81) User=0.05s Sys=0.00s Real=0.02s
[2021-10-11T07:30:01.592+0000][gc,start      ] GC(82) Pause Young (Normal) (G1 Evacuation Pause)
[2021-10-11T07:30:01.592+0000][gc,task       ] GC(82) Using 8 workers of 8 for evacuation
[2021-10-11T07:30:01.604+0000][gc,phases     ] GC(82)   Pre Evacuate Collection Set: 0.1ms
[2021-10-11T07:30:01.604+0000][gc,phases     ] GC(82)   Evacuate Collection Set: 11.5ms
[2021-10-11T07:30:01.604+0000][gc,phases     ] GC(82)   Post Evacuate Collection Set: 0.5ms
[2021-10-11T07:30:01.604+0000][gc,phases     ] GC(82)   Other: 0.3ms
[2021-10-11T07:30:01.604+0000][gc,heap       ] GC(82) Eden regions: 127->0(139)
[2021-10-11T07:30:01.604+0000][gc,heap       ] GC(82) Survivor regions: 6->6(17)
[2021-10-11T07:30:01.604+0000][gc,heap       ] GC(82) Old regions: 48->48
[2021-10-11T07:30:01.604+0000][gc,heap       ] GC(82) Humongous regions: 129->129
[2021-10-11T07:30:01.604+0000][gc,metaspace  ] GC(82) Metaspace: 40663K->40663K(1087488K)
[2021-10-11T07:30:01.604+0000][gc            ] GC(82) Pause Young (Normal) (G1 Evacuation Pause) 307M->181M(1024M) 12.463ms
[2021-10-11T07:30:01.605+0000][gc,cpu        ] GC(82) User=0.02s Sys=0.00s Real=0.02s
[2021-10-11T07:30:04.172+0000][gc,start      ] GC(83) Pause Young (Normal) (G1 Evacuation Pause)
[2021-10-11T07:30:04.172+0000][gc,task       ] GC(83) Using 8 workers of 8 for evacuation
[2021-10-11T07:30:04.177+0000][gc,phases     ] GC(83)   Pre Evacuate Collection Set: 0.0ms
[2021-10-11T07:30:04.177+0000][gc,phases     ] GC(83)   Evacuate Collection Set: 4.7ms
[2021-10-11T07:30:04.177+0000][gc,phases     ] GC(83)   Post Evacuate Collection Set: 0.4ms
[2021-10-11T07:30:04.177+0000][gc,phases     ] GC(83)   Other: 0.2ms
[2021-10-11T07:30:04.177+0000][gc,heap       ] GC(83) Eden regions: 139->0(155)
[2021-10-11T07:30:04.177+0000][gc,heap       ] GC(83) Survivor regions: 6->6(19)
[2021-10-11T07:30:04.177+0000][gc,heap       ] GC(83) Old regions: 48->48
[2021-10-11T07:30:04.177+0000][gc,heap       ] GC(83) Humongous regions: 129->129
[2021-10-11T07:30:04.177+0000][gc,metaspace  ] GC(83) Metaspace: 40663K->40663K(1087488K)
[2021-10-11T07:30:04.177+0000][gc            ] GC(83) Pause Young (Normal) (G1 Evacuation Pause) 320M->181M(1024M) 5.419ms
[2021-10-11T07:30:04.177+0000][gc,cpu        ] GC(83) User=0.02s Sys=0.00s Real=0.01s
[2021-10-11T07:30:06.915+0000][gc,start      ] GC(84) Pause Young (Normal) (G1 Evacuation Pause)
[2021-10-11T07:30:06.916+0000][gc,task       ] GC(84) Using 8 workers of 8 for evacuation
[2021-10-11T07:30:06.947+0000][gc,mmu        ] GC(84) MMU target violated: 21.0ms (20.0ms/21.0ms)
[2021-10-11T07:30:06.947+0000][gc,phases     ] GC(84)   Pre Evacuate Collection Set: 0.0ms
[2021-10-11T07:30:06.947+0000][gc,phases     ] GC(84)   Evacuate Collection Set: 31.3ms
[2021-10-11T07:30:06.947+0000][gc,phases     ] GC(84)   Post Evacuate Collection Set: 0.4ms
[2021-10-11T07:30:06.947+0000][gc,phases     ] GC(84)   Other: 0.2ms
[2021-10-11T07:30:06.947+0000][gc,heap       ] GC(84) Eden regions: 155->0(155)
[2021-10-11T07:30:06.947+0000][gc,heap       ] GC(84) Survivor regions: 6->7(21)
[2021-10-11T07:30:06.947+0000][gc,heap       ] GC(84) Old regions: 48->48
[2021-10-11T07:30:06.947+0000][gc,heap       ] GC(84) Humongous regions: 129->129
[2021-10-11T07:30:06.947+0000][gc,metaspace  ] GC(84) Metaspace: 40665K->40665K(1087488K)
[2021-10-11T07:30:06.948+0000][gc            ] GC(84) Pause Young (Normal) (G1 Evacuation Pause) 336M->182M(1024M) 32.027ms
[2021-10-11T07:30:06.948+0000][gc,cpu        ] GC(84) User=0.06s Sys=0.00s Real=0.03s
[2021-10-11T07:30:09.631+0000][gc,start      ] GC(85) Pause Young (Normal) (G1 Evacuation Pause)
[2021-10-11T07:30:09.631+0000][gc,task       ] GC(85) Using 8 workers of 8 for evacuation
[2021-10-11T07:30:09.664+0000][gc,mmu        ] GC(85) MMU target violated: 21.0ms (20.0ms/21.0ms)
[2021-10-11T07:30:09.664+0000][gc,phases     ] GC(85)   Pre Evacuate Collection Set: 0.0ms
[2021-10-11T07:30:09.664+0000][gc,phases     ] GC(85)   Evacuate Collection Set: 32.5ms
[2021-10-11T07:30:09.664+0000][gc,phases     ] GC(85)   Post Evacuate Collection Set: 0.4ms
[2021-10-11T07:30:09.664+0000][gc,phases     ] GC(85)   Other: 0.2ms
[2021-10-11T07:30:09.664+0000][gc,heap       ] GC(85) Eden regions: 155->0(156)
[2021-10-11T07:30:09.664+0000][gc,heap       ] GC(85) Survivor regions: 7->7(21)
[2021-10-11T07:30:09.664+0000][gc,heap       ] GC(85) Old regions: 48->48
[2021-10-11T07:30:09.664+0000][gc,heap       ] GC(85) Humongous regions: 129->129
[2021-10-11T07:30:09.664+0000][gc,metaspace  ] GC(85) Metaspace: 40665K->40665K(1087488K)
[2021-10-11T07:30:09.664+0000][gc            ] GC(85) Pause Young (Normal) (G1 Evacuation Pause) 337M->182M(1024M) 33.237ms
[2021-10-11T07:30:09.664+0000][gc,cpu        ] GC(85) User=0.07s Sys=0.00s Real=0.04s
[2021-10-11T07:31:03.772+0000][gc,start      ] GC(86) Pause Young (Normal) (G1 Evacuation Pause)
[2021-10-11T07:31:03.772+0000][gc,task       ] GC(86) Using 8 workers of 8 for evacuation
[2021-10-11T07:31:03.793+0000][gc,mmu        ] GC(86) MMU target violated: 21.0ms (20.0ms/21.0ms)
[2021-10-11T07:31:03.793+0000][gc,phases     ] GC(86)   Pre Evacuate Collection Set: 0.1ms
[2021-10-11T07:31:03.793+0000][gc,phases     ] GC(86)   Evacuate Collection Set: 20.5ms
[2021-10-11T07:31:03.793+0000][gc,phases     ] GC(86)   Post Evacuate Collection Set: 0.4ms
[2021-10-11T07:31:03.793+0000][gc,phases     ] GC(86)   Other: 0.2ms
[2021-10-11T07:31:03.793+0000][gc,heap       ] GC(86) Eden regions: 155->0(168)
[2021-10-11T07:31:03.793+0000][gc,heap       ] GC(86) Survivor regions: 7->8(21)
[2021-10-11T07:31:03.793+0000][gc,heap       ] GC(86) Old regions: 48->48
[2021-10-11T07:31:03.793+0000][gc,heap       ] GC(86) Humongous regions: 129->129
[2021-10-11T07:31:03.793+0000][gc,metaspace  ] GC(86) Metaspace: 40668K->40668K(1087488K)
[2021-10-11T07:31:03.793+0000][gc            ] GC(86) Pause Young (Normal) (G1 Evacuation Pause) 337M->182M(1024M) 21.167ms
[2021-10-11T07:31:03.793+0000][gc,cpu        ] GC(86) User=0.05s Sys=0.00s Real=0.02s
[2021-10-11T07:31:06.592+0000][gc,start      ] GC(87) Pause Young (Normal) (G1 Evacuation Pause)
[2021-10-11T07:31:06.592+0000][gc,task       ] GC(87) Using 8 workers of 8 for evacuation
[2021-10-11T07:31:06.601+0000][gc,phases     ] GC(87)   Pre Evacuate Collection Set: 0.0ms
[2021-10-11T07:31:06.601+0000][gc,phases     ] GC(87)   Evacuate Collection Set: 8.5ms
[2021-10-11T07:31:06.601+0000][gc,phases     ] GC(87)   Post Evacuate Collection Set: 0.4ms
[2021-10-11T07:31:06.601+0000][gc,phases     ] GC(87)   Other: 0.2ms
[2021-10-11T07:31:06.601+0000][gc,heap       ] GC(87) Eden regions: 167->0(186)
[2021-10-11T07:31:06.601+0000][gc,heap       ] GC(87) Survivor regions: 8->7(22)
[2021-10-11T07:31:06.601+0000][gc,heap       ] GC(87) Old regions: 48->50
[2021-10-11T07:31:06.601+0000][gc,heap       ] GC(87) Humongous regions: 129->129
[2021-10-11T07:31:06.601+0000][gc,metaspace  ] GC(87) Metaspace: 40668K->40668K(1087488K)
[2021-10-11T07:31:06.601+0000][gc            ] GC(87) Pause Young (Normal) (G1 Evacuation Pause) 349M->183M(1024M) 9.112ms
[2021-10-11T07:31:06.601+0000][gc,cpu        ] GC(87) User=0.02s Sys=0.00s Real=0.01s
[2021-10-11T07:32:02.400+0000][gc,start      ] GC(88) Pause Young (Normal) (G1 Evacuation Pause)
[2021-10-11T07:32:02.400+0000][gc,task       ] GC(88) Using 8 workers of 8 for evacuation
[2021-10-11T07:32:02.410+0000][gc,phases     ] GC(88)   Pre Evacuate Collection Set: 0.1ms
[2021-10-11T07:32:02.410+0000][gc,phases     ] GC(88)   Evacuate Collection Set: 8.9ms
[2021-10-11T07:32:02.410+0000][gc,phases     ] GC(88)   Post Evacuate Collection Set: 0.5ms
[2021-10-11T07:32:02.410+0000][gc,phases     ] GC(88)   Other: 0.2ms
[2021-10-11T07:32:02.410+0000][gc,heap       ] GC(88) Eden regions: 186->0(199)
[2021-10-11T07:32:02.410+0000][gc,heap       ] GC(88) Survivor regions: 7->7(25)
[2021-10-11T07:32:02.410+0000][gc,heap       ] GC(88) Old regions: 50->51
[2021-10-11T07:32:02.410+0000][gc,heap       ] GC(88) Humongous regions: 168->129
[2021-10-11T07:32:02.410+0000][gc,metaspace  ] GC(88) Metaspace: 40669K->40669K(1087488K)
[2021-10-11T07:32:02.410+0000][gc            ] GC(88) Pause Young (Normal) (G1 Evacuation Pause) 408M->184M(1024M) 9.708ms
[2021-10-11T07:32:02.410+0000][gc,cpu        ] GC(88) User=0.02s Sys=0.00s Real=0.01s
[2021-10-11T07:32:05.915+0000][gc,start      ] GC(89) Pause Young (Normal) (G1 Evacuation Pause)
[2021-10-11T07:32:05.915+0000][gc,task       ] GC(89) Using 8 workers of 8 for evacuation
[2021-10-11T07:32:05.924+0000][gc,phases     ] GC(89)   Pre Evacuate Collection Set: 0.0ms
[2021-10-11T07:32:05.924+0000][gc,phases     ] GC(89)   Evacuate Collection Set: 7.6ms
[2021-10-11T07:32:05.924+0000][gc,phases     ] GC(89)   Post Evacuate Collection Set: 0.4ms
[2021-10-11T07:32:05.924+0000][gc,phases     ] GC(89)   Other: 0.5ms
[2021-10-11T07:32:05.924+0000][gc,heap       ] GC(89) Eden regions: 199->0(230)
[2021-10-11T07:32:05.924+0000][gc,heap       ] GC(89) Survivor regions: 7->6(26)
[2021-10-11T07:32:05.924+0000][gc,heap       ] GC(89) Old regions: 51->52
[2021-10-11T07:32:05.924+0000][gc,heap       ] GC(89) Humongous regions: 129->129
[2021-10-11T07:32:05.924+0000][gc,metaspace  ] GC(89) Metaspace: 40669K->40669K(1087488K)
[2021-10-11T07:32:05.924+0000][gc            ] GC(89) Pause Young (Normal) (G1 Evacuation Pause) 383M->184M(1024M) 8.554ms
[2021-10-11T07:32:05.924+0000][gc,cpu        ] GC(89) User=0.01s Sys=0.01s Real=0.02s
[2021-10-11T07:32:09.712+0000][gc,start      ] GC(90) Pause Young (Normal) (G1 Evacuation Pause)
[2021-10-11T07:32:09.712+0000][gc,task       ] GC(90) Using 8 workers of 8 for evacuation
[2021-10-11T07:32:09.721+0000][gc,phases     ] GC(90)   Pre Evacuate Collection Set: 0.0ms
[2021-10-11T07:32:09.721+0000][gc,phases     ] GC(90)   Evacuate Collection Set: 7.8ms
[2021-10-11T07:32:09.721+0000][gc,phases     ] GC(90)   Post Evacuate Collection Set: 0.4ms
[2021-10-11T07:32:09.721+0000][gc,phases     ] GC(90)   Other: 0.2ms
[2021-10-11T07:32:09.721+0000][gc,heap       ] GC(90) Eden regions: 230->0(266)
[2021-10-11T07:32:09.721+0000][gc,heap       ] GC(90) Survivor regions: 6->6(30)
[2021-10-11T07:32:09.721+0000][gc,heap       ] GC(90) Old regions: 52->52
[2021-10-11T07:32:09.721+0000][gc,heap       ] GC(90) Humongous regions: 129->129
[2021-10-11T07:32:09.721+0000][gc,metaspace  ] GC(90) Metaspace: 40669K->40669K(1087488K)
[2021-10-11T07:32:09.721+0000][gc            ] GC(90) Pause Young (Normal) (G1 Evacuation Pause) 414M->184M(1024M) 8.557ms
[2021-10-11T07:32:09.721+0000][gc,cpu        ] GC(90) User=0.03s Sys=0.00s Real=0.01s
[2021-10-11T07:33:06.257+0000][gc,start      ] GC(91) Pause Young (Normal) (G1 Evacuation Pause)
[2021-10-11T07:33:06.257+0000][gc,task       ] GC(91) Using 8 workers of 8 for evacuation
[2021-10-11T07:33:06.285+0000][gc,mmu        ] GC(91) MMU target violated: 21.0ms (20.0ms/21.0ms)
[2021-10-11T07:33:06.285+0000][gc,phases     ] GC(91)   Pre Evacuate Collection Set: 0.1ms
[2021-10-11T07:33:06.285+0000][gc,phases     ] GC(91)   Evacuate Collection Set: 26.9ms
[2021-10-11T07:33:06.285+0000][gc,phases     ] GC(91)   Post Evacuate Collection Set: 0.5ms
[2021-10-11T07:33:06.285+0000][gc,phases     ] GC(91)   Other: 0.3ms
[2021-10-11T07:33:06.285+0000][gc,heap       ] GC(91) Eden regions: 266->0(269)
[2021-10-11T07:33:06.285+0000][gc,heap       ] GC(91) Survivor regions: 6->7(34)
[2021-10-11T07:33:06.285+0000][gc,heap       ] GC(91) Old regions: 52->52
[2021-10-11T07:33:06.285+0000][gc,heap       ] GC(91) Humongous regions: 129->129
[2021-10-11T07:33:06.285+0000][gc,metaspace  ] GC(91) Metaspace: 40670K->40670K(1087488K)
[2021-10-11T07:33:06.285+0000][gc            ] GC(91) Pause Young (Normal) (G1 Evacuation Pause) 450M->185M(1024M) 27.852ms
[2021-10-11T07:33:06.285+0000][gc,cpu        ] GC(91) User=0.08s Sys=0.00s Real=0.03s
[2021-10-11T07:34:02.242+0000][gc,start      ] GC(92) Pause Young (Normal) (G1 Evacuation Pause)
[2021-10-11T07:34:02.242+0000][gc,task       ] GC(92) Using 8 workers of 8 for evacuation
[2021-10-11T07:34:02.267+0000][gc,mmu        ] GC(92) MMU target violated: 21.0ms (20.0ms/21.0ms)
[2021-10-11T07:34:02.267+0000][gc,phases     ] GC(92)   Pre Evacuate Collection Set: 0.1ms
[2021-10-11T07:34:02.267+0000][gc,phases     ] GC(92)   Evacuate Collection Set: 23.9ms
[2021-10-11T07:34:02.267+0000][gc,phases     ] GC(92)   Post Evacuate Collection Set: 0.5ms
[2021-10-11T07:34:02.267+0000][gc,phases     ] GC(92)   Other: 0.2ms
[2021-10-11T07:34:02.267+0000][gc,heap       ] GC(92) Eden regions: 268->0(275)
[2021-10-11T07:34:02.267+0000][gc,heap       ] GC(92) Survivor regions: 7->8(35)
[2021-10-11T07:34:02.267+0000][gc,heap       ] GC(92) Old regions: 52->52
[2021-10-11T07:34:02.267+0000][gc,heap       ] GC(92) Humongous regions: 130->129
[2021-10-11T07:34:02.267+0000][gc,metaspace  ] GC(92) Metaspace: 40679K->40679K(1087488K)
[2021-10-11T07:34:02.267+0000][gc            ] GC(92) Pause Young (Normal) (G1 Evacuation Pause) 454M->186M(1024M) 24.776ms
[2021-10-11T07:34:02.267+0000][gc,cpu        ] GC(92) User=0.09s Sys=0.00s Real=0.03s
[2021-10-11T07:34:07.132+0000][gc,start      ] GC(93) Pause Young (Normal) (G1 Evacuation Pause)
[2021-10-11T07:34:07.132+0000][gc,task       ] GC(93) Using 8 workers of 8 for evacuation
[2021-10-11T07:34:07.138+0000][gc,phases     ] GC(93)   Pre Evacuate Collection Set: 0.0ms
[2021-10-11T07:34:07.138+0000][gc,phases     ] GC(93)   Evacuate Collection Set: 5.9ms
[2021-10-11T07:34:07.138+0000][gc,phases     ] GC(93)   Post Evacuate Collection Set: 0.5ms
[2021-10-11T07:34:07.138+0000][gc,phases     ] GC(93)   Other: 0.2ms
[2021-10-11T07:34:07.138+0000][gc,heap       ] GC(93) Eden regions: 275->0(315)
[2021-10-11T07:34:07.138+0000][gc,heap       ] GC(93) Survivor regions: 8->8(36)
[2021-10-11T07:34:07.138+0000][gc,heap       ] GC(93) Old regions: 52->52
[2021-10-11T07:34:07.138+0000][gc,heap       ] GC(93) Humongous regions: 129->129
[2021-10-11T07:34:07.138+0000][gc,metaspace  ] GC(93) Metaspace: 40679K->40679K(1087488K)
[2021-10-11T07:34:07.138+0000][gc            ] GC(93) Pause Young (Normal) (G1 Evacuation Pause) 461M->186M(1024M) 6.653ms
[2021-10-11T07:34:07.138+0000][gc,cpu        ] GC(93) User=0.02s Sys=0.01s Real=0.01s
[2021-10-11T07:35:02.088+0000][gc,heap,exit  ] Heap
[2021-10-11T07:35:02.088+0000][gc,heap,exit  ]  garbage-first heap   total 1048576K, used 389096K [0x00000000c0000000, 0x0000000100000000)
[2021-10-11T07:35:02.088+0000][gc,heap,exit  ]   region size 1024K, 188 young (192512K), 8 survivors (8192K)
[2021-10-11T07:35:02.088+0000][gc,heap,exit  ]  Metaspace       used 40837K, capacity 42670K, committed 42880K, reserved 1087488K
[2021-10-11T07:35:02.088+0000][gc,heap,exit  ]   class space    used 4816K, capacity 5662K, committed 5760K, reserved 1048576K
