[2021-10-11T08:56:43.141+0000][gc,heap] Heap region size: 1M
[2021-10-11T08:56:43.148+0000][gc     ] Using G1
[2021-10-11T08:56:43.148+0000][gc,heap,coops] Heap address: 0x00000000c0000000, size: 1024 MB, Compressed Oops mode: 32-bit
[2021-10-11T08:56:43.148+0000][gc,cds       ] Mark closed archive regions in map: [0x00000000fff00000, 0x00000000fff6aff8]
[2021-10-11T08:56:43.148+0000][gc,cds       ] Mark open archive regions in map: [0x00000000ffe00000, 0x00000000ffe46ff8]
[2021-10-11T08:56:43.808+0000][gc,start     ] GC(0) Pause Young (Normal) (G1 Evacuation Pause)
[2021-10-11T08:56:43.808+0000][gc,task      ] GC(0) Using 8 workers of 8 for evacuation
[2021-10-11T08:56:43.815+0000][gc,phases    ] GC(0)   Pre Evacuate Collection Set: 0.0ms
[2021-10-11T08:56:43.815+0000][gc,phases    ] GC(0)   Evacuate Collection Set: 5.6ms
[2021-10-11T08:56:43.815+0000][gc,phases    ] GC(0)   Post Evacuate Collection Set: 0.4ms
[2021-10-11T08:56:43.815+0000][gc,phases    ] GC(0)   Other: 0.6ms
[2021-10-11T08:56:43.815+0000][gc,heap      ] GC(0) Eden regions: 51->0(44)
[2021-10-11T08:56:43.815+0000][gc,heap      ] GC(0) Survivor regions: 0->7(7)
[2021-10-11T08:56:43.815+0000][gc,heap      ] GC(0) Old regions: 2->2
[2021-10-11T08:56:43.815+0000][gc,heap      ] GC(0) Humongous regions: 0->0
[2021-10-11T08:56:43.815+0000][gc,metaspace ] GC(0) Metaspace: 15582K->15582K(1062912K)
[2021-10-11T08:56:43.815+0000][gc           ] GC(0) Pause Young (Normal) (G1 Evacuation Pause) 51M->7M(1024M) 6.723ms
[2021-10-11T08:56:43.815+0000][gc,cpu       ] GC(0) User=0.04s Sys=0.00s Real=0.00s
[2021-10-11T08:56:44.002+0000][gc,start     ] GC(1) Pause Young (Concurrent Start) (Metadata GC Threshold)
[2021-10-11T08:56:44.002+0000][gc,task      ] GC(1) Using 8 workers of 8 for evacuation
[2021-10-11T08:56:44.013+0000][gc,phases    ] GC(1)   Pre Evacuate Collection Set: 0.1ms
[2021-10-11T08:56:44.013+0000][gc,phases    ] GC(1)   Evacuate Collection Set: 10.4ms
[2021-10-11T08:56:44.013+0000][gc,phases    ] GC(1)   Post Evacuate Collection Set: 0.3ms
[2021-10-11T08:56:44.013+0000][gc,phases    ] GC(1)   Other: 0.2ms
[2021-10-11T08:56:44.013+0000][gc,heap      ] GC(1) Eden regions: 21->0(50)
[2021-10-11T08:56:44.013+0000][gc,heap      ] GC(1) Survivor regions: 7->1(7)
[2021-10-11T08:56:44.013+0000][gc,heap      ] GC(1) Old regions: 2->9
[2021-10-11T08:56:44.013+0000][gc,heap      ] GC(1) Humongous regions: 0->0
[2021-10-11T08:56:44.013+0000][gc,metaspace ] GC(1) Metaspace: 20601K->20601K(1067008K)
[2021-10-11T08:56:44.013+0000][gc           ] GC(1) Pause Young (Concurrent Start) (Metadata GC Threshold) 27M->8M(1024M) 11.029ms
[2021-10-11T08:56:44.013+0000][gc,cpu       ] GC(1) User=0.06s Sys=0.00s Real=0.01s
[2021-10-11T08:56:44.013+0000][gc           ] GC(2) Concurrent Cycle
[2021-10-11T08:56:44.013+0000][gc,marking   ] GC(2) Concurrent Clear Claimed Marks
[2021-10-11T08:56:44.013+0000][gc,marking   ] GC(2) Concurrent Clear Claimed Marks 0.017ms
[2021-10-11T08:56:44.013+0000][gc,marking   ] GC(2) Concurrent Scan Root Regions
[2021-10-11T08:56:44.014+0000][gc,marking   ] GC(2) Concurrent Scan Root Regions 0.640ms
[2021-10-11T08:56:44.014+0000][gc,marking   ] GC(2) Concurrent Mark (0.876s)
[2021-10-11T08:56:44.014+0000][gc,marking   ] GC(2) Concurrent Mark From Roots
[2021-10-11T08:56:44.014+0000][gc,task      ] GC(2) Using 2 workers of 2 for marking
[2021-10-11T08:56:44.019+0000][gc,marking   ] GC(2) Concurrent Mark From Roots 4.735ms
[2021-10-11T08:56:44.019+0000][gc,marking   ] GC(2) Concurrent Preclean
[2021-10-11T08:56:44.019+0000][gc,marking   ] GC(2) Concurrent Preclean 0.083ms
[2021-10-11T08:56:44.019+0000][gc,marking   ] GC(2) Concurrent Mark (0.876s, 0.881s) 4.843ms
[2021-10-11T08:56:44.019+0000][gc,start     ] GC(2) Pause Remark
[2021-10-11T08:56:44.020+0000][gc,stringtable] GC(2) Cleaned string and symbol table, strings: 5026 processed, 0 removed, symbols: 49751 processed, 42 removed
[2021-10-11T08:56:44.020+0000][gc            ] GC(2) Pause Remark 9M->9M(1024M) 1.406ms
[2021-10-11T08:56:44.020+0000][gc,cpu        ] GC(2) User=0.00s Sys=0.00s Real=0.00s
[2021-10-11T08:56:44.020+0000][gc,marking    ] GC(2) Concurrent Rebuild Remembered Sets
[2021-10-11T08:56:44.022+0000][gc,marking    ] GC(2) Concurrent Rebuild Remembered Sets 2.086ms
[2021-10-11T08:56:44.022+0000][gc,start      ] GC(2) Pause Cleanup
[2021-10-11T08:56:44.023+0000][gc            ] GC(2) Pause Cleanup 9M->9M(1024M) 0.178ms
[2021-10-11T08:56:44.023+0000][gc,cpu        ] GC(2) User=0.00s Sys=0.00s Real=0.00s
[2021-10-11T08:56:44.023+0000][gc,marking    ] GC(2) Concurrent Cleanup for Next Mark
[2021-10-11T08:56:44.026+0000][gc,marking    ] GC(2) Concurrent Cleanup for Next Mark 3.679ms
[2021-10-11T08:56:44.026+0000][gc            ] GC(2) Concurrent Cycle 13.112ms
[2021-10-11T08:56:44.539+0000][gc,start      ] GC(3) Pause Young (Normal) (G1 Evacuation Pause)
[2021-10-11T08:56:44.539+0000][gc,task       ] GC(3) Using 8 workers of 8 for evacuation
[2021-10-11T08:56:44.542+0000][gc,phases     ] GC(3)   Pre Evacuate Collection Set: 0.0ms
[2021-10-11T08:56:44.542+0000][gc,phases     ] GC(3)   Evacuate Collection Set: 3.1ms
[2021-10-11T08:56:44.542+0000][gc,phases     ] GC(3)   Post Evacuate Collection Set: 0.4ms
[2021-10-11T08:56:44.542+0000][gc,phases     ] GC(3)   Other: 0.1ms
[2021-10-11T08:56:44.542+0000][gc,heap       ] GC(3) Eden regions: 50->0(46)
[2021-10-11T08:56:44.542+0000][gc,heap       ] GC(3) Survivor regions: 1->5(7)
[2021-10-11T08:56:44.542+0000][gc,heap       ] GC(3) Old regions: 9->9
[2021-10-11T08:56:44.542+0000][gc,heap       ] GC(3) Humongous regions: 129->129
[2021-10-11T08:56:44.542+0000][gc,metaspace  ] GC(3) Metaspace: 29223K->29223K(1075200K)
[2021-10-11T08:56:44.542+0000][gc            ] GC(3) Pause Young (Normal) (G1 Evacuation Pause) 187M->140M(1024M) 3.669ms
[2021-10-11T08:56:44.542+0000][gc,cpu        ] GC(3) User=0.02s Sys=0.00s Real=0.00s
[2021-10-11T08:56:44.749+0000][gc,start      ] GC(4) Pause Young (Concurrent Start) (Metadata GC Threshold)
[2021-10-11T08:56:44.749+0000][gc,task       ] GC(4) Using 8 workers of 8 for evacuation
[2021-10-11T08:56:44.754+0000][gc,phases     ] GC(4)   Pre Evacuate Collection Set: 0.1ms
[2021-10-11T08:56:44.754+0000][gc,phases     ] GC(4)   Evacuate Collection Set: 4.5ms
[2021-10-11T08:56:44.754+0000][gc,phases     ] GC(4)   Post Evacuate Collection Set: 0.4ms
[2021-10-11T08:56:44.754+0000][gc,phases     ] GC(4)   Other: 0.2ms
[2021-10-11T08:56:44.754+0000][gc,heap       ] GC(4) Eden regions: 25->0(45)
[2021-10-11T08:56:44.754+0000][gc,heap       ] GC(4) Survivor regions: 5->6(7)
[2021-10-11T08:56:44.754+0000][gc,heap       ] GC(4) Old regions: 9->9
[2021-10-11T08:56:44.754+0000][gc,heap       ] GC(4) Humongous regions: 129->129
[2021-10-11T08:56:44.754+0000][gc,metaspace  ] GC(4) Metaspace: 34473K->34473K(1081344K)
[2021-10-11T08:56:44.754+0000][gc            ] GC(4) Pause Young (Concurrent Start) (Metadata GC Threshold) 164M->142M(1024M) 5.264ms
[2021-10-11T08:56:44.755+0000][gc,cpu        ] GC(4) User=0.02s Sys=0.00s Real=0.00s
[2021-10-11T08:56:44.755+0000][gc            ] GC(5) Concurrent Cycle
[2021-10-11T08:56:44.755+0000][gc,marking    ] GC(5) Concurrent Clear Claimed Marks
[2021-10-11T08:56:44.755+0000][gc,marking    ] GC(5) Concurrent Clear Claimed Marks 0.035ms
[2021-10-11T08:56:44.755+0000][gc,marking    ] GC(5) Concurrent Scan Root Regions
[2021-10-11T08:56:44.756+0000][gc,marking    ] GC(5) Concurrent Scan Root Regions 1.698ms
[2021-10-11T08:56:44.756+0000][gc,marking    ] GC(5) Concurrent Mark (1.618s)
[2021-10-11T08:56:44.756+0000][gc,marking    ] GC(5) Concurrent Mark From Roots
[2021-10-11T08:56:44.756+0000][gc,task       ] GC(5) Using 2 workers of 2 for marking
[2021-10-11T08:56:44.761+0000][gc,marking    ] GC(5) Concurrent Mark From Roots 4.850ms
[2021-10-11T08:56:44.761+0000][gc,marking    ] GC(5) Concurrent Preclean
[2021-10-11T08:56:44.761+0000][gc,marking    ] GC(5) Concurrent Preclean 0.080ms
[2021-10-11T08:56:44.761+0000][gc,marking    ] GC(5) Concurrent Mark (1.618s, 1.623s) 4.960ms
[2021-10-11T08:56:44.761+0000][gc,start      ] GC(5) Pause Remark
[2021-10-11T08:56:44.764+0000][gc,stringtable] GC(5) Cleaned string and symbol table, strings: 10238 processed, 11 removed, symbols: 81569 processed, 10 removed
[2021-10-11T08:56:44.764+0000][gc            ] GC(5) Pause Remark 143M->143M(1024M) 2.349ms
[2021-10-11T08:56:44.764+0000][gc,cpu        ] GC(5) User=0.01s Sys=0.00s Real=0.01s
[2021-10-11T08:56:44.764+0000][gc,marking    ] GC(5) Concurrent Rebuild Remembered Sets
[2021-10-11T08:56:44.769+0000][gc,marking    ] GC(5) Concurrent Rebuild Remembered Sets 4.821ms
[2021-10-11T08:56:44.771+0000][gc,start      ] GC(5) Pause Cleanup
[2021-10-11T08:56:44.771+0000][gc            ] GC(5) Pause Cleanup 145M->145M(1024M) 0.207ms
[2021-10-11T08:56:44.771+0000][gc,cpu        ] GC(5) User=0.00s Sys=0.00s Real=0.00s
[2021-10-11T08:56:44.772+0000][gc,marking    ] GC(5) Concurrent Cleanup for Next Mark
[2021-10-11T08:56:44.777+0000][gc,marking    ] GC(5) Concurrent Cleanup for Next Mark 5.308ms
[2021-10-11T08:56:44.777+0000][gc            ] GC(5) Concurrent Cycle 22.434ms
[2021-10-11T08:57:02.212+0000][gc,start      ] GC(6) Pause Young (Normal) (G1 Evacuation Pause)
[2021-10-11T08:57:02.212+0000][gc,task       ] GC(6) Using 8 workers of 8 for evacuation
[2021-10-11T08:57:02.217+0000][gc,phases     ] GC(6)   Pre Evacuate Collection Set: 0.0ms
[2021-10-11T08:57:02.217+0000][gc,phases     ] GC(6)   Evacuate Collection Set: 4.5ms
[2021-10-11T08:57:02.217+0000][gc,phases     ] GC(6)   Post Evacuate Collection Set: 0.5ms
[2021-10-11T08:57:02.217+0000][gc,phases     ] GC(6)   Other: 0.1ms
[2021-10-11T08:57:02.217+0000][gc,heap       ] GC(6) Eden regions: 45->0(47)
[2021-10-11T08:57:02.217+0000][gc,heap       ] GC(6) Survivor regions: 6->4(7)
[2021-10-11T08:57:02.217+0000][gc,heap       ] GC(6) Old regions: 9->13
[2021-10-11T08:57:02.217+0000][gc,heap       ] GC(6) Humongous regions: 141->129
[2021-10-11T08:57:02.217+0000][gc,metaspace  ] GC(6) Metaspace: 39104K->39104K(1085440K)
[2021-10-11T08:57:02.217+0000][gc            ] GC(6) Pause Young (Normal) (G1 Evacuation Pause) 199M->143M(1024M) 5.236ms
[2021-10-11T08:57:02.217+0000][gc,cpu        ] GC(6) User=0.02s Sys=0.00s Real=0.01s
[2021-10-11T08:57:02.962+0000][gc,start      ] GC(7) Pause Young (Normal) (G1 Evacuation Pause)
[2021-10-11T08:57:02.962+0000][gc,task       ] GC(7) Using 8 workers of 8 for evacuation
[2021-10-11T08:57:02.965+0000][gc,phases     ] GC(7)   Pre Evacuate Collection Set: 0.0ms
[2021-10-11T08:57:02.965+0000][gc,phases     ] GC(7)   Evacuate Collection Set: 2.7ms
[2021-10-11T08:57:02.965+0000][gc,phases     ] GC(7)   Post Evacuate Collection Set: 0.4ms
[2021-10-11T08:57:02.965+0000][gc,phases     ] GC(7)   Other: 0.1ms
[2021-10-11T08:57:02.965+0000][gc,heap       ] GC(7) Eden regions: 47->0(47)
[2021-10-11T08:57:02.965+0000][gc,heap       ] GC(7) Survivor regions: 4->4(7)
[2021-10-11T08:57:02.965+0000][gc,heap       ] GC(7) Old regions: 13->13
[2021-10-11T08:57:02.965+0000][gc,heap       ] GC(7) Humongous regions: 129->129
[2021-10-11T08:57:02.965+0000][gc,metaspace  ] GC(7) Metaspace: 39594K->39594K(1085440K)
[2021-10-11T08:57:02.965+0000][gc            ] GC(7) Pause Young (Normal) (G1 Evacuation Pause) 190M->144M(1024M) 3.319ms
[2021-10-11T08:57:02.965+0000][gc,cpu        ] GC(7) User=0.01s Sys=0.00s Real=0.01s
[2021-10-11T08:57:03.737+0000][gc,start      ] GC(8) Pause Young (Normal) (G1 Evacuation Pause)
[2021-10-11T08:57:03.737+0000][gc,task       ] GC(8) Using 8 workers of 8 for evacuation
[2021-10-11T08:57:03.741+0000][gc,phases     ] GC(8)   Pre Evacuate Collection Set: 0.0ms
[2021-10-11T08:57:03.741+0000][gc,phases     ] GC(8)   Evacuate Collection Set: 2.9ms
[2021-10-11T08:57:03.741+0000][gc,phases     ] GC(8)   Post Evacuate Collection Set: 0.4ms
[2021-10-11T08:57:03.741+0000][gc,phases     ] GC(8)   Other: 0.1ms
[2021-10-11T08:57:03.741+0000][gc,heap       ] GC(8) Eden regions: 47->0(48)
[2021-10-11T08:57:03.741+0000][gc,heap       ] GC(8) Survivor regions: 4->3(7)
[2021-10-11T08:57:03.741+0000][gc,heap       ] GC(8) Old regions: 13->15
[2021-10-11T08:57:03.741+0000][gc,heap       ] GC(8) Humongous regions: 129->129
[2021-10-11T08:57:03.741+0000][gc,metaspace  ] GC(8) Metaspace: 39615K->39615K(1085440K)
[2021-10-11T08:57:03.741+0000][gc            ] GC(8) Pause Young (Normal) (G1 Evacuation Pause) 191M->144M(1024M) 3.524ms
[2021-10-11T08:57:03.741+0000][gc,cpu        ] GC(8) User=0.01s Sys=0.00s Real=0.00s
[2021-10-11T08:57:04.531+0000][gc,start      ] GC(9) Pause Young (Normal) (G1 Evacuation Pause)
[2021-10-11T08:57:04.531+0000][gc,task       ] GC(9) Using 8 workers of 8 for evacuation
[2021-10-11T08:57:04.534+0000][gc,phases     ] GC(9)   Pre Evacuate Collection Set: 0.0ms
[2021-10-11T08:57:04.534+0000][gc,phases     ] GC(9)   Evacuate Collection Set: 2.2ms
[2021-10-11T08:57:04.534+0000][gc,phases     ] GC(9)   Post Evacuate Collection Set: 0.4ms
[2021-10-11T08:57:04.534+0000][gc,phases     ] GC(9)   Other: 0.1ms
[2021-10-11T08:57:04.534+0000][gc,heap       ] GC(9) Eden regions: 48->0(54)
[2021-10-11T08:57:04.534+0000][gc,heap       ] GC(9) Survivor regions: 3->3(7)
[2021-10-11T08:57:04.534+0000][gc,heap       ] GC(9) Old regions: 15->15
[2021-10-11T08:57:04.534+0000][gc,heap       ] GC(9) Humongous regions: 129->129
[2021-10-11T08:57:04.534+0000][gc,metaspace  ] GC(9) Metaspace: 39617K->39617K(1085440K)
[2021-10-11T08:57:04.534+0000][gc            ] GC(9) Pause Young (Normal) (G1 Evacuation Pause) 192M->144M(1024M) 2.858ms
[2021-10-11T08:57:04.534+0000][gc,cpu        ] GC(9) User=0.02s Sys=0.00s Real=0.00s
[2021-10-11T08:57:05.418+0000][gc,start      ] GC(10) Pause Young (Normal) (G1 Evacuation Pause)
[2021-10-11T08:57:05.418+0000][gc,task       ] GC(10) Using 8 workers of 8 for evacuation
[2021-10-11T08:57:05.420+0000][gc,phases     ] GC(10)   Pre Evacuate Collection Set: 0.0ms
[2021-10-11T08:57:05.421+0000][gc,phases     ] GC(10)   Evacuate Collection Set: 2.2ms
[2021-10-11T08:57:05.421+0000][gc,phases     ] GC(10)   Post Evacuate Collection Set: 0.4ms
[2021-10-11T08:57:05.421+0000][gc,phases     ] GC(10)   Other: 0.2ms
[2021-10-11T08:57:05.421+0000][gc,heap       ] GC(10) Eden regions: 54->0(101)
[2021-10-11T08:57:05.421+0000][gc,heap       ] GC(10) Survivor regions: 3->3(8)
[2021-10-11T08:57:05.421+0000][gc,heap       ] GC(10) Old regions: 15->15
[2021-10-11T08:57:05.421+0000][gc,heap       ] GC(10) Humongous regions: 129->129
[2021-10-11T08:57:05.421+0000][gc,metaspace  ] GC(10) Metaspace: 39623K->39623K(1085440K)
[2021-10-11T08:57:05.421+0000][gc            ] GC(10) Pause Young (Normal) (G1 Evacuation Pause) 198M->144M(1024M) 2.849ms
[2021-10-11T08:57:05.421+0000][gc,cpu        ] GC(10) User=0.00s Sys=0.00s Real=0.00s
[2021-10-11T08:57:07.077+0000][gc,start      ] GC(11) Pause Young (Normal) (G1 Evacuation Pause)
[2021-10-11T08:57:07.077+0000][gc,task       ] GC(11) Using 8 workers of 8 for evacuation
[2021-10-11T08:57:07.080+0000][gc,phases     ] GC(11)   Pre Evacuate Collection Set: 0.0ms
[2021-10-11T08:57:07.080+0000][gc,phases     ] GC(11)   Evacuate Collection Set: 2.7ms
[2021-10-11T08:57:07.080+0000][gc,phases     ] GC(11)   Post Evacuate Collection Set: 0.4ms
[2021-10-11T08:57:07.080+0000][gc,phases     ] GC(11)   Other: 0.2ms
[2021-10-11T08:57:07.080+0000][gc,heap       ] GC(11) Eden regions: 101->0(369)
[2021-10-11T08:57:07.080+0000][gc,heap       ] GC(11) Survivor regions: 3->3(13)
[2021-10-11T08:57:07.080+0000][gc,heap       ] GC(11) Old regions: 15->15
[2021-10-11T08:57:07.080+0000][gc,heap       ] GC(11) Humongous regions: 129->129
[2021-10-11T08:57:07.080+0000][gc,metaspace  ] GC(11) Metaspace: 39629K->39629K(1085440K)
[2021-10-11T08:57:07.080+0000][gc            ] GC(11) Pause Young (Normal) (G1 Evacuation Pause) 245M->144M(1024M) 3.371ms
[2021-10-11T08:57:07.080+0000][gc,cpu        ] GC(11) User=0.02s Sys=0.00s Real=0.00s
[2021-10-11T08:58:05.421+0000][gc,start      ] GC(12) Pause Young (Normal) (G1 Evacuation Pause)
[2021-10-11T08:58:05.421+0000][gc,task       ] GC(12) Using 8 workers of 8 for evacuation
[2021-10-11T08:58:05.441+0000][gc,mmu        ] GC(12) MMU target violated: 20.4ms (20.0ms/21.0ms)
[2021-10-11T08:58:05.441+0000][gc,phases     ] GC(12)   Pre Evacuate Collection Set: 0.1ms
[2021-10-11T08:58:05.441+0000][gc,phases     ] GC(12)   Evacuate Collection Set: 19.6ms
[2021-10-11T08:58:05.441+0000][gc,phases     ] GC(12)   Post Evacuate Collection Set: 0.6ms
[2021-10-11T08:58:05.441+0000][gc,phases     ] GC(12)   Other: 0.3ms
[2021-10-11T08:58:05.441+0000][gc,heap       ] GC(12) Eden regions: 369->0(433)
[2021-10-11T08:58:05.441+0000][gc,heap       ] GC(12) Survivor regions: 3->3(47)
[2021-10-11T08:58:05.441+0000][gc,heap       ] GC(12) Old regions: 15->15
[2021-10-11T08:58:05.441+0000][gc,heap       ] GC(12) Humongous regions: 129->129
[2021-10-11T08:58:05.441+0000][gc,metaspace  ] GC(12) Metaspace: 40067K->40067K(1085440K)
[2021-10-11T08:58:05.441+0000][gc            ] GC(12) Pause Young (Normal) (G1 Evacuation Pause) 513M->144M(1024M) 20.540ms
[2021-10-11T08:58:05.441+0000][gc,cpu        ] GC(12) User=0.04s Sys=0.00s Real=0.02s
[2021-10-11T08:59:04.255+0000][gc,start      ] GC(13) Pause Young (Normal) (G1 Evacuation Pause)
[2021-10-11T08:59:04.255+0000][gc,task       ] GC(13) Using 8 workers of 8 for evacuation
[2021-10-11T08:59:04.289+0000][gc,mmu        ] GC(13) MMU target violated: 21.0ms (20.0ms/21.0ms)
[2021-10-11T08:59:04.289+0000][gc,phases     ] GC(13)   Pre Evacuate Collection Set: 0.1ms
[2021-10-11T08:59:04.289+0000][gc,phases     ] GC(13)   Evacuate Collection Set: 32.5ms
[2021-10-11T08:59:04.289+0000][gc,phases     ] GC(13)   Post Evacuate Collection Set: 0.7ms
[2021-10-11T08:59:04.289+0000][gc,phases     ] GC(13)   Other: 0.2ms
[2021-10-11T08:59:04.289+0000][gc,heap       ] GC(13) Eden regions: 433->0(439)
[2021-10-11T08:59:04.289+0000][gc,heap       ] GC(13) Survivor regions: 3->3(55)
[2021-10-11T08:59:04.289+0000][gc,heap       ] GC(13) Old regions: 15->15
[2021-10-11T08:59:04.289+0000][gc,heap       ] GC(13) Humongous regions: 129->129
[2021-10-11T08:59:04.289+0000][gc,metaspace  ] GC(13) Metaspace: 40246K->40246K(1085440K)
[2021-10-11T08:59:04.289+0000][gc            ] GC(13) Pause Young (Normal) (G1 Evacuation Pause) 577M->144M(1024M) 33.624ms
[2021-10-11T08:59:04.289+0000][gc,cpu        ] GC(13) User=0.03s Sys=0.00s Real=0.04s
[2021-10-11T09:00:04.154+0000][gc,start      ] GC(14) Pause Young (Normal) (G1 Evacuation Pause)
[2021-10-11T09:00:04.154+0000][gc,task       ] GC(14) Using 8 workers of 8 for evacuation
[2021-10-11T09:00:04.196+0000][gc,mmu        ] GC(14) MMU target violated: 21.0ms (20.0ms/21.0ms)
[2021-10-11T09:00:04.196+0000][gc,phases     ] GC(14)   Pre Evacuate Collection Set: 0.2ms
[2021-10-11T09:00:04.196+0000][gc,phases     ] GC(14)   Evacuate Collection Set: 40.4ms
[2021-10-11T09:00:04.196+0000][gc,phases     ] GC(14)   Post Evacuate Collection Set: 0.9ms
[2021-10-11T09:00:04.196+0000][gc,phases     ] GC(14)   Other: 0.3ms
[2021-10-11T09:00:04.196+0000][gc,heap       ] GC(14) Eden regions: 439->0(440)
[2021-10-11T09:00:04.196+0000][gc,heap       ] GC(14) Survivor regions: 3->4(56)
[2021-10-11T09:00:04.196+0000][gc,heap       ] GC(14) Old regions: 15->15
[2021-10-11T09:00:04.196+0000][gc,heap       ] GC(14) Humongous regions: 129->129
[2021-10-11T09:00:04.196+0000][gc,metaspace  ] GC(14) Metaspace: 40304K->40304K(1085440K)
[2021-10-11T09:00:04.196+0000][gc            ] GC(14) Pause Young (Normal) (G1 Evacuation Pause) 583M->145M(1024M) 41.826ms
[2021-10-11T09:00:04.196+0000][gc,cpu        ] GC(14) User=0.04s Sys=0.00s Real=0.05s
[2021-10-11T09:01:01.896+0000][gc,start      ] GC(15) Pause Young (Normal) (G1 Evacuation Pause)
[2021-10-11T09:01:01.896+0000][gc,task       ] GC(15) Using 8 workers of 8 for evacuation
[2021-10-11T09:01:01.929+0000][gc,mmu        ] GC(15) MMU target violated: 21.0ms (20.0ms/21.0ms)
[2021-10-11T09:01:01.929+0000][gc,phases     ] GC(15)   Pre Evacuate Collection Set: 0.1ms
[2021-10-11T09:01:01.929+0000][gc,phases     ] GC(15)   Evacuate Collection Set: 32.2ms
[2021-10-11T09:01:01.929+0000][gc,phases     ] GC(15)   Post Evacuate Collection Set: 0.8ms
[2021-10-11T09:01:01.930+0000][gc,phases     ] GC(15)   Other: 0.2ms
[2021-10-11T09:01:01.930+0000][gc,heap       ] GC(15) Eden regions: 440->0(441)
[2021-10-11T09:01:01.930+0000][gc,heap       ] GC(15) Survivor regions: 4->4(56)
[2021-10-11T09:01:01.930+0000][gc,heap       ] GC(15) Old regions: 15->15
[2021-10-11T09:01:01.930+0000][gc,heap       ] GC(15) Humongous regions: 130->129
[2021-10-11T09:01:01.930+0000][gc,metaspace  ] GC(15) Metaspace: 40385K->40385K(1085440K)
[2021-10-11T09:01:01.930+0000][gc            ] GC(15) Pause Young (Normal) (G1 Evacuation Pause) 586M->145M(1024M) 33.389ms
[2021-10-11T09:01:01.930+0000][gc,cpu        ] GC(15) User=0.03s Sys=0.00s Real=0.03s
[2021-10-11T09:01:46.567+0000][gc,start      ] GC(16) Pause Young (Normal) (G1 Evacuation Pause)
[2021-10-11T09:01:46.567+0000][gc,task       ] GC(16) Using 8 workers of 8 for evacuation
[2021-10-11T09:01:46.593+0000][gc,mmu        ] GC(16) MMU target violated: 21.0ms (20.0ms/21.0ms)
[2021-10-11T09:01:46.593+0000][gc,phases     ] GC(16)   Pre Evacuate Collection Set: 0.1ms
[2021-10-11T09:01:46.593+0000][gc,phases     ] GC(16)   Evacuate Collection Set: 24.7ms
[2021-10-11T09:01:46.593+0000][gc,phases     ] GC(16)   Post Evacuate Collection Set: 0.9ms
[2021-10-11T09:01:46.593+0000][gc,phases     ] GC(16)   Other: 0.3ms
[2021-10-11T09:01:46.593+0000][gc,heap       ] GC(16) Eden regions: 441->0(447)
[2021-10-11T09:01:46.593+0000][gc,heap       ] GC(16) Survivor regions: 4->4(56)
[2021-10-11T09:01:46.593+0000][gc,heap       ] GC(16) Old regions: 15->15
[2021-10-11T09:01:46.593+0000][gc,heap       ] GC(16) Humongous regions: 129->129
[2021-10-11T09:01:46.593+0000][gc,metaspace  ] GC(16) Metaspace: 40404K->40404K(1085440K)
[2021-10-11T09:01:46.593+0000][gc            ] GC(16) Pause Young (Normal) (G1 Evacuation Pause) 586M->145M(1024M) 26.043ms
[2021-10-11T09:01:46.593+0000][gc,cpu        ] GC(16) User=0.03s Sys=0.00s Real=0.02s
[2021-10-11T09:02:08.829+0000][gc,start      ] GC(17) Pause Young (Normal) (G1 Evacuation Pause)
[2021-10-11T09:02:08.829+0000][gc,task       ] GC(17) Using 8 workers of 8 for evacuation
[2021-10-11T09:02:08.880+0000][gc,mmu        ] GC(17) MMU target violated: 21.0ms (20.0ms/21.0ms)
[2021-10-11T09:02:08.880+0000][gc,phases     ] GC(17)   Pre Evacuate Collection Set: 0.0ms
[2021-10-11T09:02:08.880+0000][gc,phases     ] GC(17)   Evacuate Collection Set: 50.3ms
[2021-10-11T09:02:08.880+0000][gc,phases     ] GC(17)   Post Evacuate Collection Set: 0.8ms
[2021-10-11T09:02:08.880+0000][gc,phases     ] GC(17)   Other: 0.2ms
[2021-10-11T09:02:08.880+0000][gc,heap       ] GC(17) Eden regions: 447->0(459)
[2021-10-11T09:02:08.880+0000][gc,heap       ] GC(17) Survivor regions: 4->4(57)
[2021-10-11T09:02:08.880+0000][gc,heap       ] GC(17) Old regions: 15->15
[2021-10-11T09:02:08.880+0000][gc,heap       ] GC(17) Humongous regions: 129->129
[2021-10-11T09:02:08.880+0000][gc,metaspace  ] GC(17) Metaspace: 40410K->40410K(1085440K)
[2021-10-11T09:02:08.881+0000][gc            ] GC(17) Pause Young (Normal) (G1 Evacuation Pause) 592M->145M(1024M) 51.693ms
[2021-10-11T09:02:08.881+0000][gc,cpu        ] GC(17) User=0.04s Sys=0.00s Real=0.05s
[2021-10-11T09:03:09.223+0000][gc,start      ] GC(18) Pause Young (Normal) (G1 Evacuation Pause)
[2021-10-11T09:03:09.223+0000][gc,task       ] GC(18) Using 8 workers of 8 for evacuation
[2021-10-11T09:03:09.265+0000][gc,mmu        ] GC(18) MMU target violated: 21.0ms (20.0ms/21.0ms)
[2021-10-11T09:03:09.266+0000][gc,phases     ] GC(18)   Pre Evacuate Collection Set: 0.1ms
[2021-10-11T09:03:09.266+0000][gc,phases     ] GC(18)   Evacuate Collection Set: 39.4ms
[2021-10-11T09:03:09.266+0000][gc,phases     ] GC(18)   Post Evacuate Collection Set: 1.9ms
[2021-10-11T09:03:09.266+0000][gc,phases     ] GC(18)   Other: 2.2ms
[2021-10-11T09:03:09.266+0000][gc,heap       ] GC(18) Eden regions: 459->0(464)
[2021-10-11T09:03:09.266+0000][gc,heap       ] GC(18) Survivor regions: 4->4(58)
[2021-10-11T09:03:09.266+0000][gc,heap       ] GC(18) Old regions: 15->15
[2021-10-11T09:03:09.266+0000][gc,heap       ] GC(18) Humongous regions: 129->129
[2021-10-11T09:03:09.266+0000][gc,metaspace  ] GC(18) Metaspace: 40443K->40443K(1085440K)
[2021-10-11T09:03:09.266+0000][gc            ] GC(18) Pause Young (Normal) (G1 Evacuation Pause) 604M->145M(1024M) 43.361ms
[2021-10-11T09:03:09.266+0000][gc,cpu        ] GC(18) User=0.03s Sys=0.01s Real=0.05s
[2021-10-11T09:04:08.985+0000][gc,start      ] GC(19) Pause Young (Normal) (G1 Evacuation Pause)
[2021-10-11T09:04:08.985+0000][gc,task       ] GC(19) Using 8 workers of 8 for evacuation
[2021-10-11T09:04:09.030+0000][gc,mmu        ] GC(19) MMU target violated: 21.0ms (20.0ms/21.0ms)
[2021-10-11T09:04:09.031+0000][gc,phases     ] GC(19)   Pre Evacuate Collection Set: 0.1ms
[2021-10-11T09:04:09.031+0000][gc,phases     ] GC(19)   Evacuate Collection Set: 42.4ms
[2021-10-11T09:04:09.031+0000][gc,phases     ] GC(19)   Post Evacuate Collection Set: 2.2ms
[2021-10-11T09:04:09.031+0000][gc,phases     ] GC(19)   Other: 1.9ms
[2021-10-11T09:04:09.031+0000][gc,heap       ] GC(19) Eden regions: 464->0(466)
[2021-10-11T09:04:09.031+0000][gc,heap       ] GC(19) Survivor regions: 4->4(59)
[2021-10-11T09:04:09.031+0000][gc,heap       ] GC(19) Old regions: 15->15
[2021-10-11T09:04:09.031+0000][gc,heap       ] GC(19) Humongous regions: 129->129
[2021-10-11T09:04:09.031+0000][gc,metaspace  ] GC(19) Metaspace: 40532K->40532K(1085440K)
[2021-10-11T09:04:09.031+0000][gc            ] GC(19) Pause Young (Normal) (G1 Evacuation Pause) 609M->145M(1024M) 46.502ms
[2021-10-11T09:04:09.031+0000][gc,cpu        ] GC(19) User=0.03s Sys=0.01s Real=0.04s
[2021-10-11T09:05:08.765+0000][gc,start      ] GC(20) Pause Young (Normal) (G1 Evacuation Pause)
[2021-10-11T09:05:08.765+0000][gc,task       ] GC(20) Using 8 workers of 8 for evacuation
[2021-10-11T09:05:08.816+0000][gc,mmu        ] GC(20) MMU target violated: 21.0ms (20.0ms/21.0ms)
[2021-10-11T09:05:08.816+0000][gc,phases     ] GC(20)   Pre Evacuate Collection Set: 0.1ms
[2021-10-11T09:05:08.816+0000][gc,phases     ] GC(20)   Evacuate Collection Set: 49.2ms
[2021-10-11T09:05:08.816+0000][gc,phases     ] GC(20)   Post Evacuate Collection Set: 0.9ms
[2021-10-11T09:05:08.816+0000][gc,phases     ] GC(20)   Other: 0.2ms
[2021-10-11T09:05:08.816+0000][gc,heap       ] GC(20) Eden regions: 466->0(472)
[2021-10-11T09:05:08.816+0000][gc,heap       ] GC(20) Survivor regions: 4->4(59)
[2021-10-11T09:05:08.816+0000][gc,heap       ] GC(20) Old regions: 15->15
[2021-10-11T09:05:08.816+0000][gc,heap       ] GC(20) Humongous regions: 129->129
[2021-10-11T09:05:08.816+0000][gc,metaspace  ] GC(20) Metaspace: 40558K->40558K(1085440K)
[2021-10-11T09:05:08.816+0000][gc            ] GC(20) Pause Young (Normal) (G1 Evacuation Pause) 611M->145M(1024M) 50.400ms
[2021-10-11T09:05:08.816+0000][gc,cpu        ] GC(20) User=0.05s Sys=0.00s Real=0.05s
[2021-10-11T09:06:09.064+0000][gc,start      ] GC(21) Pause Young (Normal) (G1 Evacuation Pause)
[2021-10-11T09:06:09.065+0000][gc,task       ] GC(21) Using 8 workers of 8 for evacuation
[2021-10-11T09:06:09.099+0000][gc,mmu        ] GC(21) MMU target violated: 21.0ms (20.0ms/21.0ms)
[2021-10-11T09:06:09.099+0000][gc,phases     ] GC(21)   Pre Evacuate Collection Set: 0.1ms
[2021-10-11T09:06:09.099+0000][gc,phases     ] GC(21)   Evacuate Collection Set: 33.4ms
[2021-10-11T09:06:09.099+0000][gc,phases     ] GC(21)   Post Evacuate Collection Set: 1.0ms
[2021-10-11T09:06:09.099+0000][gc,phases     ] GC(21)   Other: 0.5ms
[2021-10-11T09:06:09.099+0000][gc,heap       ] GC(21) Eden regions: 472->0(478)
[2021-10-11T09:06:09.099+0000][gc,heap       ] GC(21) Survivor regions: 4->3(60)
[2021-10-11T09:06:09.099+0000][gc,heap       ] GC(21) Old regions: 15->16
[2021-10-11T09:06:09.099+0000][gc,heap       ] GC(21) Humongous regions: 151->129
[2021-10-11T09:06:09.099+0000][gc,metaspace  ] GC(21) Metaspace: 40575K->40575K(1085440K)
[2021-10-11T09:06:09.099+0000][gc            ] GC(21) Pause Young (Normal) (G1 Evacuation Pause) 639M->145M(1024M) 35.125ms
[2021-10-11T09:06:09.099+0000][gc,cpu        ] GC(21) User=0.06s Sys=0.00s Real=0.03s
[2021-10-11T09:07:09.297+0000][gc,start      ] GC(22) Pause Young (Normal) (G1 Evacuation Pause)
[2021-10-11T09:07:09.297+0000][gc,task       ] GC(22) Using 8 workers of 8 for evacuation
[2021-10-11T09:07:09.317+0000][gc,phases     ] GC(22)   Pre Evacuate Collection Set: 0.1ms
[2021-10-11T09:07:09.317+0000][gc,phases     ] GC(22)   Evacuate Collection Set: 18.8ms
[2021-10-11T09:07:09.317+0000][gc,phases     ] GC(22)   Post Evacuate Collection Set: 0.7ms
[2021-10-11T09:07:09.317+0000][gc,phases     ] GC(22)   Other: 0.2ms
[2021-10-11T09:07:09.317+0000][gc,heap       ] GC(22) Eden regions: 478->0(508)
[2021-10-11T09:07:09.317+0000][gc,heap       ] GC(22) Survivor regions: 3->3(61)
[2021-10-11T09:07:09.317+0000][gc,heap       ] GC(22) Old regions: 16->16
[2021-10-11T09:07:09.317+0000][gc,heap       ] GC(22) Humongous regions: 129->129
[2021-10-11T09:07:09.317+0000][gc,metaspace  ] GC(22) Metaspace: 40592K->40592K(1087488K)
[2021-10-11T09:07:09.317+0000][gc            ] GC(22) Pause Young (Normal) (G1 Evacuation Pause) 623M->145M(1024M) 19.830ms
[2021-10-11T09:07:09.317+0000][gc,cpu        ] GC(22) User=0.02s Sys=0.00s Real=0.02s
[2021-10-11T09:08:10.011+0000][gc,start      ] GC(23) Pause Young (Normal) (G1 Evacuation Pause)
[2021-10-11T09:08:10.011+0000][gc,task       ] GC(23) Using 8 workers of 8 for evacuation
[2021-10-11T09:08:10.049+0000][gc,mmu        ] GC(23) MMU target violated: 21.0ms (20.0ms/21.0ms)
[2021-10-11T09:08:10.049+0000][gc,phases     ] GC(23)   Pre Evacuate Collection Set: 0.1ms
[2021-10-11T09:08:10.049+0000][gc,phases     ] GC(23)   Evacuate Collection Set: 37.3ms
[2021-10-11T09:08:10.049+0000][gc,phases     ] GC(23)   Post Evacuate Collection Set: 0.9ms
[2021-10-11T09:08:10.049+0000][gc,phases     ] GC(23)   Other: 0.2ms
[2021-10-11T09:08:10.049+0000][gc,heap       ] GC(23) Eden regions: 508->0(599)
[2021-10-11T09:08:10.049+0000][gc,heap       ] GC(23) Survivor regions: 3->2(64)
[2021-10-11T09:08:10.049+0000][gc,heap       ] GC(23) Old regions: 16->16
[2021-10-11T09:08:10.049+0000][gc,heap       ] GC(23) Humongous regions: 158->129
[2021-10-11T09:08:10.049+0000][gc,metaspace  ] GC(23) Metaspace: 40625K->40625K(1087488K)
[2021-10-11T09:08:10.049+0000][gc            ] GC(23) Pause Young (Normal) (G1 Evacuation Pause) 682M->145M(1024M) 38.557ms
[2021-10-11T09:08:10.049+0000][gc,cpu        ] GC(23) User=0.04s Sys=0.00s Real=0.04s
[2021-10-11T09:10:02.434+0000][gc,start      ] GC(24) Pause Young (Normal) (G1 Evacuation Pause)
[2021-10-11T09:10:02.434+0000][gc,task       ] GC(24) Using 8 workers of 8 for evacuation
[2021-10-11T09:10:02.463+0000][gc,mmu        ] GC(24) MMU target violated: 21.0ms (20.0ms/21.0ms)
[2021-10-11T09:10:02.463+0000][gc,phases     ] GC(24)   Pre Evacuate Collection Set: 0.1ms
[2021-10-11T09:10:02.463+0000][gc,phases     ] GC(24)   Evacuate Collection Set: 28.7ms
[2021-10-11T09:10:02.463+0000][gc,phases     ] GC(24)   Post Evacuate Collection Set: 0.7ms
[2021-10-11T09:10:02.463+0000][gc,phases     ] GC(24)   Other: 0.3ms
[2021-10-11T09:10:02.463+0000][gc,heap       ] GC(24) Eden regions: 599->0(603)
[2021-10-11T09:10:02.463+0000][gc,heap       ] GC(24) Survivor regions: 2->2(76)
[2021-10-11T09:10:02.463+0000][gc,heap       ] GC(24) Old regions: 16->16
[2021-10-11T09:10:02.463+0000][gc,heap       ] GC(24) Humongous regions: 129->129
[2021-10-11T09:10:02.463+0000][gc,metaspace  ] GC(24) Metaspace: 40632K->40632K(1087488K)
[2021-10-11T09:10:02.463+0000][gc            ] GC(24) Pause Young (Normal) (G1 Evacuation Pause) 744M->145M(1024M) 29.750ms
[2021-10-11T09:10:02.463+0000][gc,cpu        ] GC(24) User=0.03s Sys=0.00s Real=0.03s
[2021-10-11T09:11:05.499+0000][gc,start      ] GC(25) Pause Young (Normal) (G1 Evacuation Pause)
[2021-10-11T09:11:05.499+0000][gc,task       ] GC(25) Using 8 workers of 8 for evacuation
[2021-10-11T09:11:05.524+0000][gc,mmu        ] GC(25) MMU target violated: 21.0ms (20.0ms/21.0ms)
[2021-10-11T09:11:05.524+0000][gc,phases     ] GC(25)   Pre Evacuate Collection Set: 0.1ms
[2021-10-11T09:11:05.524+0000][gc,phases     ] GC(25)   Evacuate Collection Set: 24.2ms
[2021-10-11T09:11:05.524+0000][gc,phases     ] GC(25)   Post Evacuate Collection Set: 0.8ms
[2021-10-11T09:11:05.524+0000][gc,phases     ] GC(25)   Other: 0.5ms
[2021-10-11T09:11:05.524+0000][gc,heap       ] GC(25) Eden regions: 603->0(606)
[2021-10-11T09:11:05.524+0000][gc,heap       ] GC(25) Survivor regions: 2->2(76)
[2021-10-11T09:11:05.524+0000][gc,heap       ] GC(25) Old regions: 16->16
[2021-10-11T09:11:05.525+0000][gc,heap       ] GC(25) Humongous regions: 130->129
[2021-10-11T09:11:05.525+0000][gc,metaspace  ] GC(25) Metaspace: 40640K->40640K(1087488K)
[2021-10-11T09:11:05.525+0000][gc            ] GC(25) Pause Young (Normal) (G1 Evacuation Pause) 749M->145M(1024M) 25.616ms
[2021-10-11T09:11:05.525+0000][gc,cpu        ] GC(25) User=0.05s Sys=0.00s Real=0.03s
[2021-10-11T09:12:07.686+0000][gc,start      ] GC(26) Pause Young (Normal) (G1 Evacuation Pause)
[2021-10-11T09:12:07.686+0000][gc,task       ] GC(26) Using 8 workers of 8 for evacuation
[2021-10-11T09:12:07.692+0000][gc,phases     ] GC(26)   Pre Evacuate Collection Set: 0.1ms
[2021-10-11T09:12:07.692+0000][gc,phases     ] GC(26)   Evacuate Collection Set: 5.0ms
[2021-10-11T09:12:07.692+0000][gc,phases     ] GC(26)   Post Evacuate Collection Set: 0.7ms
[2021-10-11T09:12:07.692+0000][gc,phases     ] GC(26)   Other: 0.3ms
[2021-10-11T09:12:07.692+0000][gc,heap       ] GC(26) Eden regions: 606->0(611)
[2021-10-11T09:12:07.692+0000][gc,heap       ] GC(26) Survivor regions: 2->2(76)
[2021-10-11T09:12:07.692+0000][gc,heap       ] GC(26) Old regions: 16->16
[2021-10-11T09:12:07.692+0000][gc,heap       ] GC(26) Humongous regions: 129->129
[2021-10-11T09:12:07.692+0000][gc,metaspace  ] GC(26) Metaspace: 40659K->40659K(1087488K)
[2021-10-11T09:12:07.692+0000][gc            ] GC(26) Pause Young (Normal) (G1 Evacuation Pause) 751M->145M(1024M) 6.088ms
[2021-10-11T09:12:07.692+0000][gc,cpu        ] GC(26) User=0.00s Sys=0.00s Real=0.00s
[2021-10-11T09:13:09.710+0000][gc,start      ] GC(27) Pause Young (Normal) (G1 Evacuation Pause)
[2021-10-11T09:13:09.710+0000][gc,task       ] GC(27) Using 8 workers of 8 for evacuation
[2021-10-11T09:13:09.716+0000][gc,phases     ] GC(27)   Pre Evacuate Collection Set: 0.0ms
[2021-10-11T09:13:09.716+0000][gc,phases     ] GC(27)   Evacuate Collection Set: 4.8ms
[2021-10-11T09:13:09.716+0000][gc,phases     ] GC(27)   Post Evacuate Collection Set: 0.6ms
[2021-10-11T09:13:09.716+0000][gc,phases     ] GC(27)   Other: 0.2ms
[2021-10-11T09:13:09.716+0000][gc,heap       ] GC(27) Eden regions: 611->0(612)
[2021-10-11T09:13:09.716+0000][gc,heap       ] GC(27) Survivor regions: 2->2(77)
[2021-10-11T09:13:09.716+0000][gc,heap       ] GC(27) Old regions: 16->16
[2021-10-11T09:13:09.716+0000][gc,heap       ] GC(27) Humongous regions: 130->129
[2021-10-11T09:13:09.716+0000][gc,metaspace  ] GC(27) Metaspace: 40664K->40664K(1087488K)
[2021-10-11T09:13:09.716+0000][gc            ] GC(27) Pause Young (Normal) (G1 Evacuation Pause) 757M->145M(1024M) 5.748ms
[2021-10-11T09:13:09.716+0000][gc,cpu        ] GC(27) User=0.01s Sys=0.00s Real=0.01s
[2021-10-11T09:15:02.778+0000][gc,start      ] GC(28) Pause Young (Normal) (G1 Evacuation Pause)
[2021-10-11T09:15:02.778+0000][gc,task       ] GC(28) Using 8 workers of 8 for evacuation
[2021-10-11T09:15:02.824+0000][gc,mmu        ] GC(28) MMU target violated: 21.0ms (20.0ms/21.0ms)
[2021-10-11T09:15:02.824+0000][gc,phases     ] GC(28)   Pre Evacuate Collection Set: 0.1ms
[2021-10-11T09:15:02.824+0000][gc,phases     ] GC(28)   Evacuate Collection Set: 44.8ms
[2021-10-11T09:15:02.824+0000][gc,phases     ] GC(28)   Post Evacuate Collection Set: 1.0ms
[2021-10-11T09:15:02.824+0000][gc,phases     ] GC(28)   Other: 0.6ms
[2021-10-11T09:15:02.824+0000][gc,heap       ] GC(28) Eden regions: 612->0(612)
[2021-10-11T09:15:02.824+0000][gc,heap       ] GC(28) Survivor regions: 2->2(77)
[2021-10-11T09:15:02.824+0000][gc,heap       ] GC(28) Old regions: 16->16
[2021-10-11T09:15:02.824+0000][gc,heap       ] GC(28) Humongous regions: 129->129
[2021-10-11T09:15:02.824+0000][gc,metaspace  ] GC(28) Metaspace: 40691K->40691K(1087488K)
[2021-10-11T09:15:02.824+0000][gc            ] GC(28) Pause Young (Normal) (G1 Evacuation Pause) 757M->145M(1024M) 46.529ms
[2021-10-11T09:15:02.824+0000][gc,cpu        ] GC(28) User=0.04s Sys=0.00s Real=0.05s
[2021-10-11T09:16:06.010+0000][gc,start      ] GC(29) Pause Young (Normal) (G1 Evacuation Pause)
[2021-10-11T09:16:06.010+0000][gc,task       ] GC(29) Using 8 workers of 8 for evacuation
[2021-10-11T09:16:06.031+0000][gc,mmu        ] GC(29) MMU target violated: 21.0ms (20.0ms/21.0ms)
[2021-10-11T09:16:06.031+0000][gc,phases     ] GC(29)   Pre Evacuate Collection Set: 0.0ms
[2021-10-11T09:16:06.031+0000][gc,phases     ] GC(29)   Evacuate Collection Set: 4.3ms
[2021-10-11T09:16:06.031+0000][gc,phases     ] GC(29)   Post Evacuate Collection Set: 16.9ms
[2021-10-11T09:16:06.031+0000][gc,phases     ] GC(29)   Other: 0.2ms
[2021-10-11T09:16:06.031+0000][gc,heap       ] GC(29) Eden regions: 612->0(612)
[2021-10-11T09:16:06.031+0000][gc,heap       ] GC(29) Survivor regions: 2->2(77)
[2021-10-11T09:16:06.031+0000][gc,heap       ] GC(29) Old regions: 16->16
[2021-10-11T09:16:06.031+0000][gc,heap       ] GC(29) Humongous regions: 129->129
[2021-10-11T09:16:06.031+0000][gc,metaspace  ] GC(29) Metaspace: 40717K->40717K(1087488K)
[2021-10-11T09:16:06.031+0000][gc            ] GC(29) Pause Young (Normal) (G1 Evacuation Pause) 757M->145M(1024M) 21.436ms
[2021-10-11T09:16:06.031+0000][gc,cpu        ] GC(29) User=0.04s Sys=0.00s Real=0.02s
[2021-10-11T09:17:08.082+0000][gc,start      ] GC(30) Pause Young (Normal) (G1 Evacuation Pause)
[2021-10-11T09:17:08.082+0000][gc,task       ] GC(30) Using 8 workers of 8 for evacuation
[2021-10-11T09:17:08.088+0000][gc,phases     ] GC(30)   Pre Evacuate Collection Set: 0.1ms
[2021-10-11T09:17:08.088+0000][gc,phases     ] GC(30)   Evacuate Collection Set: 5.1ms
[2021-10-11T09:17:08.088+0000][gc,phases     ] GC(30)   Post Evacuate Collection Set: 0.7ms
[2021-10-11T09:17:08.088+0000][gc,phases     ] GC(30)   Other: 0.3ms
[2021-10-11T09:17:08.088+0000][gc,heap       ] GC(30) Eden regions: 612->0(612)
[2021-10-11T09:17:08.088+0000][gc,heap       ] GC(30) Survivor regions: 2->2(77)
[2021-10-11T09:17:08.088+0000][gc,heap       ] GC(30) Old regions: 16->16
[2021-10-11T09:17:08.088+0000][gc,heap       ] GC(30) Humongous regions: 129->129
[2021-10-11T09:17:08.088+0000][gc,metaspace  ] GC(30) Metaspace: 40729K->40729K(1087488K)
[2021-10-11T09:17:08.088+0000][gc            ] GC(30) Pause Young (Normal) (G1 Evacuation Pause) 757M->145M(1024M) 6.144ms
[2021-10-11T09:17:08.088+0000][gc,cpu        ] GC(30) User=0.01s Sys=0.00s Real=0.01s
[2021-10-11T09:18:09.437+0000][gc,start      ] GC(31) Pause Young (Normal) (G1 Evacuation Pause)
[2021-10-11T09:18:09.437+0000][gc,task       ] GC(31) Using 8 workers of 8 for evacuation
[2021-10-11T09:18:09.462+0000][gc,mmu        ] GC(31) MMU target violated: 21.0ms (20.0ms/21.0ms)
[2021-10-11T09:18:09.462+0000][gc,phases     ] GC(31)   Pre Evacuate Collection Set: 0.1ms
[2021-10-11T09:18:09.462+0000][gc,phases     ] GC(31)   Evacuate Collection Set: 22.3ms
[2021-10-11T09:18:09.462+0000][gc,phases     ] GC(31)   Post Evacuate Collection Set: 2.0ms
[2021-10-11T09:18:09.462+0000][gc,phases     ] GC(31)   Other: 0.5ms
[2021-10-11T09:18:09.462+0000][gc,heap       ] GC(31) Eden regions: 612->0(612)
[2021-10-11T09:18:09.462+0000][gc,heap       ] GC(31) Survivor regions: 2->2(77)
[2021-10-11T09:18:09.462+0000][gc,heap       ] GC(31) Old regions: 16->16
[2021-10-11T09:18:09.462+0000][gc,heap       ] GC(31) Humongous regions: 129->129
[2021-10-11T09:18:09.462+0000][gc,metaspace  ] GC(31) Metaspace: 40736K->40736K(1087488K)
[2021-10-11T09:18:09.462+0000][gc            ] GC(31) Pause Young (Normal) (G1 Evacuation Pause) 757M->145M(1024M) 24.899ms
[2021-10-11T09:18:09.462+0000][gc,cpu        ] GC(31) User=0.03s Sys=0.00s Real=0.02s
[2021-10-11T09:20:04.491+0000][gc,start      ] GC(32) Pause Young (Normal) (G1 Evacuation Pause)
[2021-10-11T09:20:04.491+0000][gc,task       ] GC(32) Using 8 workers of 8 for evacuation
[2021-10-11T09:20:04.532+0000][gc,mmu        ] GC(32) MMU target violated: 21.0ms (20.0ms/21.0ms)
[2021-10-11T09:20:04.532+0000][gc,phases     ] GC(32)   Pre Evacuate Collection Set: 0.1ms
[2021-10-11T09:20:04.532+0000][gc,phases     ] GC(32)   Evacuate Collection Set: 38.4ms
[2021-10-11T09:20:04.532+0000][gc,phases     ] GC(32)   Post Evacuate Collection Set: 2.8ms
[2021-10-11T09:20:04.532+0000][gc,phases     ] GC(32)   Other: 0.3ms
[2021-10-11T09:20:04.532+0000][gc,heap       ] GC(32) Eden regions: 612->0(612)
[2021-10-11T09:20:04.532+0000][gc,heap       ] GC(32) Survivor regions: 2->2(77)
[2021-10-11T09:20:04.532+0000][gc,heap       ] GC(32) Old regions: 16->16
[2021-10-11T09:20:04.532+0000][gc,heap       ] GC(32) Humongous regions: 129->129
[2021-10-11T09:20:04.532+0000][gc,metaspace  ] GC(32) Metaspace: 40757K->40757K(1087488K)
[2021-10-11T09:20:04.532+0000][gc            ] GC(32) Pause Young (Normal) (G1 Evacuation Pause) 757M->145M(1024M) 41.548ms
[2021-10-11T09:20:04.532+0000][gc,cpu        ] GC(32) User=0.04s Sys=0.00s Real=0.04s
[2021-10-11T09:21:06.401+0000][gc,start      ] GC(33) Pause Young (Normal) (G1 Evacuation Pause)
[2021-10-11T09:21:06.401+0000][gc,task       ] GC(33) Using 8 workers of 8 for evacuation
[2021-10-11T09:21:06.423+0000][gc,mmu        ] GC(33) MMU target violated: 21.0ms (20.0ms/21.0ms)
[2021-10-11T09:21:06.424+0000][gc,phases     ] GC(33)   Pre Evacuate Collection Set: 0.1ms
[2021-10-11T09:21:06.424+0000][gc,phases     ] GC(33)   Evacuate Collection Set: 4.1ms
[2021-10-11T09:21:06.424+0000][gc,phases     ] GC(33)   Post Evacuate Collection Set: 18.7ms
[2021-10-11T09:21:06.424+0000][gc,phases     ] GC(33)   Other: 0.2ms
[2021-10-11T09:21:06.424+0000][gc,heap       ] GC(33) Eden regions: 612->0(612)
[2021-10-11T09:21:06.424+0000][gc,heap       ] GC(33) Survivor regions: 2->2(77)
[2021-10-11T09:21:06.424+0000][gc,heap       ] GC(33) Old regions: 16->16
[2021-10-11T09:21:06.424+0000][gc,heap       ] GC(33) Humongous regions: 129->129
[2021-10-11T09:21:06.424+0000][gc,metaspace  ] GC(33) Metaspace: 40759K->40759K(1087488K)
[2021-10-11T09:21:06.424+0000][gc            ] GC(33) Pause Young (Normal) (G1 Evacuation Pause) 757M->145M(1024M) 23.060ms
[2021-10-11T09:21:06.424+0000][gc,cpu        ] GC(33) User=0.04s Sys=0.00s Real=0.03s
[2021-10-11T09:22:07.918+0000][gc,start      ] GC(34) Pause Young (Normal) (G1 Evacuation Pause)
[2021-10-11T09:22:07.918+0000][gc,task       ] GC(34) Using 8 workers of 8 for evacuation
[2021-10-11T09:22:07.965+0000][gc,mmu        ] GC(34) MMU target violated: 21.0ms (20.0ms/21.0ms)
[2021-10-11T09:22:07.965+0000][gc,phases     ] GC(34)   Pre Evacuate Collection Set: 0.1ms
[2021-10-11T09:22:07.965+0000][gc,phases     ] GC(34)   Evacuate Collection Set: 44.3ms
[2021-10-11T09:22:07.965+0000][gc,phases     ] GC(34)   Post Evacuate Collection Set: 2.6ms
[2021-10-11T09:22:07.965+0000][gc,phases     ] GC(34)   Other: 0.3ms
[2021-10-11T09:22:07.965+0000][gc,heap       ] GC(34) Eden regions: 612->0(612)
[2021-10-11T09:22:07.965+0000][gc,heap       ] GC(34) Survivor regions: 2->2(77)
[2021-10-11T09:22:07.965+0000][gc,heap       ] GC(34) Old regions: 16->17
[2021-10-11T09:22:07.965+0000][gc,heap       ] GC(34) Humongous regions: 129->129
[2021-10-11T09:22:07.965+0000][gc,metaspace  ] GC(34) Metaspace: 40775K->40775K(1087488K)
[2021-10-11T09:22:07.965+0000][gc            ] GC(34) Pause Young (Normal) (G1 Evacuation Pause) 757M->145M(1024M) 47.354ms
[2021-10-11T09:22:07.965+0000][gc,cpu        ] GC(34) User=0.05s Sys=0.00s Real=0.05s
[2021-10-11T09:24:03.270+0000][gc,start      ] GC(35) Pause Young (Normal) (G1 Evacuation Pause)
[2021-10-11T09:24:03.270+0000][gc,task       ] GC(35) Using 8 workers of 8 for evacuation
[2021-10-11T09:24:03.320+0000][gc,mmu        ] GC(35) MMU target violated: 21.0ms (20.0ms/21.0ms)
[2021-10-11T09:24:03.320+0000][gc,phases     ] GC(35)   Pre Evacuate Collection Set: 0.1ms
[2021-10-11T09:24:03.320+0000][gc,phases     ] GC(35)   Evacuate Collection Set: 42.6ms
[2021-10-11T09:24:03.320+0000][gc,phases     ] GC(35)   Post Evacuate Collection Set: 7.4ms
[2021-10-11T09:24:03.320+0000][gc,phases     ] GC(35)   Other: 0.5ms
[2021-10-11T09:24:03.320+0000][gc,heap       ] GC(35) Eden regions: 612->0(612)
[2021-10-11T09:24:03.320+0000][gc,heap       ] GC(35) Survivor regions: 2->2(77)
[2021-10-11T09:24:03.320+0000][gc,heap       ] GC(35) Old regions: 17->17
[2021-10-11T09:24:03.320+0000][gc,heap       ] GC(35) Humongous regions: 161->129
[2021-10-11T09:24:03.320+0000][gc,metaspace  ] GC(35) Metaspace: 40789K->40789K(1087488K)
[2021-10-11T09:24:03.320+0000][gc            ] GC(35) Pause Young (Normal) (G1 Evacuation Pause) 789M->145M(1024M) 50.585ms
[2021-10-11T09:24:03.320+0000][gc,cpu        ] GC(35) User=0.05s Sys=0.00s Real=0.05s
[2021-10-11T09:25:05.820+0000][gc,start      ] GC(36) Pause Young (Normal) (G1 Evacuation Pause)
[2021-10-11T09:25:05.820+0000][gc,task       ] GC(36) Using 8 workers of 8 for evacuation
[2021-10-11T09:25:05.860+0000][gc,mmu        ] GC(36) MMU target violated: 21.0ms (20.0ms/21.0ms)
[2021-10-11T09:25:05.860+0000][gc,phases     ] GC(36)   Pre Evacuate Collection Set: 0.1ms
[2021-10-11T09:25:05.860+0000][gc,phases     ] GC(36)   Evacuate Collection Set: 26.9ms
[2021-10-11T09:25:05.860+0000][gc,phases     ] GC(36)   Post Evacuate Collection Set: 12.7ms
[2021-10-11T09:25:05.860+0000][gc,phases     ] GC(36)   Other: 0.3ms
[2021-10-11T09:25:05.860+0000][gc,heap       ] GC(36) Eden regions: 612->0(612)
[2021-10-11T09:25:05.860+0000][gc,heap       ] GC(36) Survivor regions: 2->2(77)
[2021-10-11T09:25:05.860+0000][gc,heap       ] GC(36) Old regions: 17->17
[2021-10-11T09:25:05.860+0000][gc,heap       ] GC(36) Humongous regions: 150->129
[2021-10-11T09:25:05.860+0000][gc,metaspace  ] GC(36) Metaspace: 40796K->40796K(1087488K)
[2021-10-11T09:25:05.860+0000][gc            ] GC(36) Pause Young (Normal) (G1 Evacuation Pause) 778M->145M(1024M) 39.962ms
[2021-10-11T09:25:05.860+0000][gc,cpu        ] GC(36) User=0.04s Sys=0.00s Real=0.04s
[2021-10-11T09:26:07.067+0000][gc,start      ] GC(37) Pause Young (Normal) (G1 Evacuation Pause)
[2021-10-11T09:26:07.067+0000][gc,task       ] GC(37) Using 8 workers of 8 for evacuation
[2021-10-11T09:26:07.109+0000][gc,mmu        ] GC(37) MMU target violated: 21.0ms (20.0ms/21.0ms)
[2021-10-11T09:26:07.109+0000][gc,phases     ] GC(37)   Pre Evacuate Collection Set: 0.1ms
[2021-10-11T09:26:07.109+0000][gc,phases     ] GC(37)   Evacuate Collection Set: 40.9ms
[2021-10-11T09:26:07.109+0000][gc,phases     ] GC(37)   Post Evacuate Collection Set: 0.8ms
[2021-10-11T09:26:07.109+0000][gc,phases     ] GC(37)   Other: 0.3ms
[2021-10-11T09:26:07.109+0000][gc,heap       ] GC(37) Eden regions: 612->0(612)
[2021-10-11T09:26:07.109+0000][gc,heap       ] GC(37) Survivor regions: 2->2(77)
[2021-10-11T09:26:07.109+0000][gc,heap       ] GC(37) Old regions: 17->17
[2021-10-11T09:26:07.109+0000][gc,heap       ] GC(37) Humongous regions: 129->129
[2021-10-11T09:26:07.109+0000][gc,metaspace  ] GC(37) Metaspace: 40798K->40798K(1087488K)
[2021-10-11T09:26:07.109+0000][gc            ] GC(37) Pause Young (Normal) (G1 Evacuation Pause) 757M->145M(1024M) 42.005ms
[2021-10-11T09:26:07.109+0000][gc,cpu        ] GC(37) User=0.04s Sys=0.00s Real=0.04s
[2021-10-11T09:27:10.110+0000][gc,start      ] GC(38) Pause Young (Normal) (G1 Evacuation Pause)
[2021-10-11T09:27:10.110+0000][gc,task       ] GC(38) Using 8 workers of 8 for evacuation
[2021-10-11T09:27:10.150+0000][gc,mmu        ] GC(38) MMU target violated: 21.0ms (20.0ms/21.0ms)
[2021-10-11T09:27:10.150+0000][gc,phases     ] GC(38)   Pre Evacuate Collection Set: 0.0ms
[2021-10-11T09:27:10.150+0000][gc,phases     ] GC(38)   Evacuate Collection Set: 38.5ms
[2021-10-11T09:27:10.150+0000][gc,phases     ] GC(38)   Post Evacuate Collection Set: 0.7ms
[2021-10-11T09:27:10.150+0000][gc,phases     ] GC(38)   Other: 0.8ms
[2021-10-11T09:27:10.150+0000][gc,heap       ] GC(38) Eden regions: 612->0(612)
[2021-10-11T09:27:10.150+0000][gc,heap       ] GC(38) Survivor regions: 2->2(77)
[2021-10-11T09:27:10.150+0000][gc,heap       ] GC(38) Old regions: 17->17
[2021-10-11T09:27:10.150+0000][gc,heap       ] GC(38) Humongous regions: 129->129
[2021-10-11T09:27:10.150+0000][gc,metaspace  ] GC(38) Metaspace: 40804K->40804K(1087488K)
[2021-10-11T09:27:10.150+0000][gc            ] GC(38) Pause Young (Normal) (G1 Evacuation Pause) 757M->145M(1024M) 40.124ms
[2021-10-11T09:27:10.150+0000][gc,cpu        ] GC(38) User=0.04s Sys=0.00s Real=0.04s
[2021-10-11T09:29:03.119+0000][gc,start      ] GC(39) Pause Young (Normal) (G1 Evacuation Pause)
[2021-10-11T09:29:03.119+0000][gc,task       ] GC(39) Using 8 workers of 8 for evacuation
[2021-10-11T09:29:03.155+0000][gc,mmu        ] GC(39) MMU target violated: 21.0ms (20.0ms/21.0ms)
[2021-10-11T09:29:03.155+0000][gc,phases     ] GC(39)   Pre Evacuate Collection Set: 0.1ms
[2021-10-11T09:29:03.155+0000][gc,phases     ] GC(39)   Evacuate Collection Set: 34.8ms
[2021-10-11T09:29:03.155+0000][gc,phases     ] GC(39)   Post Evacuate Collection Set: 0.8ms
[2021-10-11T09:29:03.155+0000][gc,phases     ] GC(39)   Other: 0.2ms
[2021-10-11T09:29:03.155+0000][gc,heap       ] GC(39) Eden regions: 612->0(612)
[2021-10-11T09:29:03.155+0000][gc,heap       ] GC(39) Survivor regions: 2->2(77)
[2021-10-11T09:29:03.155+0000][gc,heap       ] GC(39) Old regions: 17->17
[2021-10-11T09:29:03.155+0000][gc,heap       ] GC(39) Humongous regions: 129->129
[2021-10-11T09:29:03.155+0000][gc,metaspace  ] GC(39) Metaspace: 40820K->40820K(1087488K)
[2021-10-11T09:29:03.155+0000][gc            ] GC(39) Pause Young (Normal) (G1 Evacuation Pause) 757M->145M(1024M) 36.000ms
[2021-10-11T09:29:03.155+0000][gc,cpu        ] GC(39) User=0.03s Sys=0.00s Real=0.03s
[2021-10-11T09:30:05.339+0000][gc,start      ] GC(40) Pause Young (Normal) (G1 Evacuation Pause)
[2021-10-11T09:30:05.339+0000][gc,task       ] GC(40) Using 8 workers of 8 for evacuation
[2021-10-11T09:30:05.365+0000][gc,mmu        ] GC(40) MMU target violated: 21.0ms (20.0ms/21.0ms)
[2021-10-11T09:30:05.365+0000][gc,phases     ] GC(40)   Pre Evacuate Collection Set: 0.0ms
[2021-10-11T09:30:05.365+0000][gc,phases     ] GC(40)   Evacuate Collection Set: 3.8ms
[2021-10-11T09:30:05.365+0000][gc,phases     ] GC(40)   Post Evacuate Collection Set: 22.1ms
[2021-10-11T09:30:05.365+0000][gc,phases     ] GC(40)   Other: 0.3ms
[2021-10-11T09:30:05.365+0000][gc,heap       ] GC(40) Eden regions: 612->0(612)
[2021-10-11T09:30:05.365+0000][gc,heap       ] GC(40) Survivor regions: 2->2(77)
[2021-10-11T09:30:05.365+0000][gc,heap       ] GC(40) Old regions: 17->17
[2021-10-11T09:30:05.365+0000][gc,heap       ] GC(40) Humongous regions: 129->129
[2021-10-11T09:30:05.365+0000][gc,metaspace  ] GC(40) Metaspace: 40821K->40821K(1087488K)
[2021-10-11T09:30:05.365+0000][gc            ] GC(40) Pause Young (Normal) (G1 Evacuation Pause) 757M->145M(1024M) 26.202ms
[2021-10-11T09:30:05.365+0000][gc,cpu        ] GC(40) User=0.05s Sys=0.00s Real=0.03s
[2021-10-11T09:31:07.511+0000][gc,start      ] GC(41) Pause Young (Normal) (G1 Evacuation Pause)
[2021-10-11T09:31:07.511+0000][gc,task       ] GC(41) Using 8 workers of 8 for evacuation
[2021-10-11T09:31:07.535+0000][gc,mmu        ] GC(41) MMU target violated: 21.0ms (20.0ms/21.0ms)
[2021-10-11T09:31:07.535+0000][gc,phases     ] GC(41)   Pre Evacuate Collection Set: 0.1ms
[2021-10-11T09:31:07.535+0000][gc,phases     ] GC(41)   Evacuate Collection Set: 3.8ms
[2021-10-11T09:31:07.535+0000][gc,phases     ] GC(41)   Post Evacuate Collection Set: 20.6ms
[2021-10-11T09:31:07.535+0000][gc,phases     ] GC(41)   Other: 0.2ms
[2021-10-11T09:31:07.535+0000][gc,heap       ] GC(41) Eden regions: 612->0(597)
[2021-10-11T09:31:07.535+0000][gc,heap       ] GC(41) Survivor regions: 2->2(77)
[2021-10-11T09:31:07.535+0000][gc,heap       ] GC(41) Old regions: 17->17
[2021-10-11T09:31:07.535+0000][gc,heap       ] GC(41) Humongous regions: 129->129
[2021-10-11T09:31:07.535+0000][gc,metaspace  ] GC(41) Metaspace: 40827K->40827K(1087488K)
[2021-10-11T09:31:07.535+0000][gc            ] GC(41) Pause Young (Normal) (G1 Evacuation Pause) 757M->145M(1024M) 24.702ms
[2021-10-11T09:31:07.535+0000][gc,cpu        ] GC(41) User=0.04s Sys=0.00s Real=0.02s
[2021-10-11T09:32:52.617+0000][gc,start      ] GC(42) Pause Young (Normal) (G1 Evacuation Pause)
[2021-10-11T09:32:52.618+0000][gc,task       ] GC(42) Using 8 workers of 8 for evacuation
[2021-10-11T09:32:52.667+0000][gc,mmu        ] GC(42) MMU target violated: 21.0ms (20.0ms/21.0ms)
[2021-10-11T09:32:52.667+0000][gc,phases     ] GC(42)   Pre Evacuate Collection Set: 0.1ms
[2021-10-11T09:32:52.667+0000][gc,phases     ] GC(42)   Evacuate Collection Set: 44.7ms
[2021-10-11T09:32:52.667+0000][gc,phases     ] GC(42)   Post Evacuate Collection Set: 4.6ms
[2021-10-11T09:32:52.667+0000][gc,phases     ] GC(42)   Other: 0.7ms
[2021-10-11T09:32:52.668+0000][gc,heap       ] GC(42) Eden regions: 597->0(600)
[2021-10-11T09:32:52.668+0000][gc,heap       ] GC(42) Survivor regions: 2->2(75)
[2021-10-11T09:32:52.668+0000][gc,heap       ] GC(42) Old regions: 17->17
[2021-10-11T09:32:52.668+0000][gc,heap       ] GC(42) Humongous regions: 129->129
[2021-10-11T09:32:52.668+0000][gc,metaspace  ] GC(42) Metaspace: 40837K->40837K(1087488K)
[2021-10-11T09:32:52.668+0000][gc            ] GC(42) Pause Young (Normal) (G1 Evacuation Pause) 742M->145M(1024M) 50.278ms
[2021-10-11T09:32:52.668+0000][gc,cpu        ] GC(42) User=0.05s Sys=0.00s Real=0.05s
[2021-10-11T09:34:03.265+0000][gc,start      ] GC(43) Pause Young (Normal) (G1 Evacuation Pause)
[2021-10-11T09:34:03.265+0000][gc,task       ] GC(43) Using 8 workers of 8 for evacuation
[2021-10-11T09:34:03.283+0000][gc,phases     ] GC(43)   Pre Evacuate Collection Set: 0.1ms
[2021-10-11T09:34:03.283+0000][gc,phases     ] GC(43)   Evacuate Collection Set: 17.4ms
[2021-10-11T09:34:03.283+0000][gc,phases     ] GC(43)   Post Evacuate Collection Set: 0.7ms
[2021-10-11T09:34:03.283+0000][gc,phases     ] GC(43)   Other: 0.3ms
[2021-10-11T09:34:03.283+0000][gc,heap       ] GC(43) Eden regions: 600->0(611)
[2021-10-11T09:34:03.283+0000][gc,heap       ] GC(43) Survivor regions: 2->2(76)
[2021-10-11T09:34:03.283+0000][gc,heap       ] GC(43) Old regions: 17->17
[2021-10-11T09:34:03.283+0000][gc,heap       ] GC(43) Humongous regions: 129->129
[2021-10-11T09:34:03.283+0000][gc,metaspace  ] GC(43) Metaspace: 40842K->40842K(1087488K)
[2021-10-11T09:34:03.283+0000][gc            ] GC(43) Pause Young (Normal) (G1 Evacuation Pause) 745M->145M(1024M) 18.515ms
[2021-10-11T09:34:03.283+0000][gc,cpu        ] GC(43) User=0.02s Sys=0.00s Real=0.01s
[2021-10-11T09:35:05.461+0000][gc,start      ] GC(44) Pause Young (Normal) (G1 Evacuation Pause)
[2021-10-11T09:35:05.461+0000][gc,task       ] GC(44) Using 8 workers of 8 for evacuation
[2021-10-11T09:35:05.480+0000][gc,phases     ] GC(44)   Pre Evacuate Collection Set: 0.0ms
[2021-10-11T09:35:05.480+0000][gc,phases     ] GC(44)   Evacuate Collection Set: 18.2ms
[2021-10-11T09:35:05.480+0000][gc,phases     ] GC(44)   Post Evacuate Collection Set: 0.7ms
[2021-10-11T09:35:05.480+0000][gc,phases     ] GC(44)   Other: 0.2ms
[2021-10-11T09:35:05.480+0000][gc,heap       ] GC(44) Eden regions: 611->0(612)
[2021-10-11T09:35:05.480+0000][gc,heap       ] GC(44) Survivor regions: 2->2(77)
[2021-10-11T09:35:05.480+0000][gc,heap       ] GC(44) Old regions: 17->17
[2021-10-11T09:35:05.480+0000][gc,heap       ] GC(44) Humongous regions: 129->129
[2021-10-11T09:35:05.480+0000][gc,metaspace  ] GC(44) Metaspace: 40846K->40846K(1087488K)
[2021-10-11T09:35:05.480+0000][gc            ] GC(44) Pause Young (Normal) (G1 Evacuation Pause) 756M->145M(1024M) 19.188ms
[2021-10-11T09:35:05.480+0000][gc,cpu        ] GC(44) User=0.02s Sys=0.00s Real=0.02s
[2021-10-11T09:36:07.557+0000][gc,start      ] GC(45) Pause Young (Normal) (G1 Evacuation Pause)
[2021-10-11T09:36:07.557+0000][gc,task       ] GC(45) Using 8 workers of 8 for evacuation
[2021-10-11T09:36:07.605+0000][gc,mmu        ] GC(45) MMU target violated: 21.0ms (20.0ms/21.0ms)
[2021-10-11T09:36:07.605+0000][gc,phases     ] GC(45)   Pre Evacuate Collection Set: 0.1ms
[2021-10-11T09:36:07.605+0000][gc,phases     ] GC(45)   Evacuate Collection Set: 47.0ms
[2021-10-11T09:36:07.605+0000][gc,phases     ] GC(45)   Post Evacuate Collection Set: 0.7ms
[2021-10-11T09:36:07.605+0000][gc,phases     ] GC(45)   Other: 0.5ms
[2021-10-11T09:36:07.605+0000][gc,heap       ] GC(45) Eden regions: 612->0(612)
[2021-10-11T09:36:07.605+0000][gc,heap       ] GC(45) Survivor regions: 2->2(77)
[2021-10-11T09:36:07.605+0000][gc,heap       ] GC(45) Old regions: 17->17
[2021-10-11T09:36:07.605+0000][gc,heap       ] GC(45) Humongous regions: 129->129
[2021-10-11T09:36:07.605+0000][gc,metaspace  ] GC(45) Metaspace: 40850K->40850K(1087488K)
[2021-10-11T09:36:07.605+0000][gc            ] GC(45) Pause Young (Normal) (G1 Evacuation Pause) 757M->145M(1024M) 48.389ms
[2021-10-11T09:36:07.605+0000][gc,cpu        ] GC(45) User=0.05s Sys=0.00s Real=0.05s
[2021-10-11T09:38:01.465+0000][gc,start      ] GC(46) Pause Young (Normal) (G1 Evacuation Pause)
[2021-10-11T09:38:01.465+0000][gc,task       ] GC(46) Using 8 workers of 8 for evacuation
[2021-10-11T09:38:01.491+0000][gc,mmu        ] GC(46) MMU target violated: 21.0ms (20.0ms/21.0ms)
[2021-10-11T09:38:01.491+0000][gc,phases     ] GC(46)   Pre Evacuate Collection Set: 0.1ms
[2021-10-11T09:38:01.491+0000][gc,phases     ] GC(46)   Evacuate Collection Set: 25.0ms
[2021-10-11T09:38:01.491+0000][gc,phases     ] GC(46)   Post Evacuate Collection Set: 0.8ms
[2021-10-11T09:38:01.491+0000][gc,phases     ] GC(46)   Other: 0.2ms
[2021-10-11T09:38:01.491+0000][gc,heap       ] GC(46) Eden regions: 612->0(612)
[2021-10-11T09:38:01.491+0000][gc,heap       ] GC(46) Survivor regions: 2->2(77)
[2021-10-11T09:38:01.491+0000][gc,heap       ] GC(46) Old regions: 17->17
[2021-10-11T09:38:01.491+0000][gc,heap       ] GC(46) Humongous regions: 129->129
[2021-10-11T09:38:01.491+0000][gc,metaspace  ] GC(46) Metaspace: 40861K->40861K(1087488K)
[2021-10-11T09:38:01.491+0000][gc            ] GC(46) Pause Young (Normal) (G1 Evacuation Pause) 757M->145M(1024M) 26.162ms
[2021-10-11T09:38:01.491+0000][gc,cpu        ] GC(46) User=0.03s Sys=0.00s Real=0.02s
[2021-10-11T09:39:03.942+0000][gc,start      ] GC(47) Pause Young (Normal) (G1 Evacuation Pause)
[2021-10-11T09:39:03.942+0000][gc,task       ] GC(47) Using 8 workers of 8 for evacuation
[2021-10-11T09:39:04.008+0000][gc,mmu        ] GC(47) MMU target violated: 21.0ms (20.0ms/21.0ms)
[2021-10-11T09:39:04.008+0000][gc,phases     ] GC(47)   Pre Evacuate Collection Set: 0.1ms
[2021-10-11T09:39:04.008+0000][gc,phases     ] GC(47)   Evacuate Collection Set: 43.6ms
[2021-10-11T09:39:04.008+0000][gc,phases     ] GC(47)   Post Evacuate Collection Set: 22.2ms
[2021-10-11T09:39:04.008+0000][gc,phases     ] GC(47)   Other: 0.2ms
[2021-10-11T09:39:04.008+0000][gc,heap       ] GC(47) Eden regions: 612->0(612)
[2021-10-11T09:39:04.008+0000][gc,heap       ] GC(47) Survivor regions: 2->2(77)
[2021-10-11T09:39:04.008+0000][gc,heap       ] GC(47) Old regions: 17->17
[2021-10-11T09:39:04.008+0000][gc,heap       ] GC(47) Humongous regions: 129->129
[2021-10-11T09:39:04.008+0000][gc,metaspace  ] GC(47) Metaspace: 40875K->40875K(1087488K)
[2021-10-11T09:39:04.008+0000][gc            ] GC(47) Pause Young (Normal) (G1 Evacuation Pause) 757M->145M(1024M) 66.178ms
[2021-10-11T09:39:04.008+0000][gc,cpu        ] GC(47) User=0.06s Sys=0.00s Real=0.07s
[2021-10-11T09:40:05.915+0000][gc,start      ] GC(48) Pause Young (Normal) (G1 Evacuation Pause)
[2021-10-11T09:40:05.915+0000][gc,task       ] GC(48) Using 8 workers of 8 for evacuation
[2021-10-11T09:40:05.949+0000][gc,mmu        ] GC(48) MMU target violated: 21.0ms (20.0ms/21.0ms)
[2021-10-11T09:40:05.949+0000][gc,phases     ] GC(48)   Pre Evacuate Collection Set: 0.1ms
[2021-10-11T09:40:05.949+0000][gc,phases     ] GC(48)   Evacuate Collection Set: 32.9ms
[2021-10-11T09:40:05.949+0000][gc,phases     ] GC(48)   Post Evacuate Collection Set: 0.8ms
[2021-10-11T09:40:05.949+0000][gc,phases     ] GC(48)   Other: 0.4ms
[2021-10-11T09:40:05.949+0000][gc,heap       ] GC(48) Eden regions: 612->0(612)
[2021-10-11T09:40:05.949+0000][gc,heap       ] GC(48) Survivor regions: 2->2(77)
[2021-10-11T09:40:05.949+0000][gc,heap       ] GC(48) Old regions: 17->17
[2021-10-11T09:40:05.949+0000][gc,heap       ] GC(48) Humongous regions: 130->129
[2021-10-11T09:40:05.949+0000][gc,metaspace  ] GC(48) Metaspace: 40886K->40886K(1087488K)
[2021-10-11T09:40:05.949+0000][gc            ] GC(48) Pause Young (Normal) (G1 Evacuation Pause) 758M->145M(1024M) 34.175ms
[2021-10-11T09:40:05.949+0000][gc,cpu        ] GC(48) User=0.03s Sys=0.00s Real=0.04s
[2021-10-11T09:41:08.124+0000][gc,start      ] GC(49) Pause Young (Normal) (G1 Evacuation Pause)
[2021-10-11T09:41:08.124+0000][gc,task       ] GC(49) Using 8 workers of 8 for evacuation
[2021-10-11T09:41:08.153+0000][gc,mmu        ] GC(49) MMU target violated: 21.0ms (20.0ms/21.0ms)
[2021-10-11T09:41:08.154+0000][gc,phases     ] GC(49)   Pre Evacuate Collection Set: 0.1ms
[2021-10-11T09:41:08.154+0000][gc,phases     ] GC(49)   Evacuate Collection Set: 28.6ms
[2021-10-11T09:41:08.154+0000][gc,phases     ] GC(49)   Post Evacuate Collection Set: 0.8ms
[2021-10-11T09:41:08.154+0000][gc,phases     ] GC(49)   Other: 0.2ms
[2021-10-11T09:41:08.154+0000][gc,heap       ] GC(49) Eden regions: 612->0(612)
[2021-10-11T09:41:08.154+0000][gc,heap       ] GC(49) Survivor regions: 2->2(77)
[2021-10-11T09:41:08.154+0000][gc,heap       ] GC(49) Old regions: 17->17
[2021-10-11T09:41:08.154+0000][gc,heap       ] GC(49) Humongous regions: 129->129
[2021-10-11T09:41:08.154+0000][gc,metaspace  ] GC(49) Metaspace: 40888K->40888K(1087488K)
[2021-10-11T09:41:08.154+0000][gc            ] GC(49) Pause Young (Normal) (G1 Evacuation Pause) 757M->145M(1024M) 29.738ms
[2021-10-11T09:41:08.154+0000][gc,cpu        ] GC(49) User=0.03s Sys=0.00s Real=0.02s
[2021-10-11T09:43:02.023+0000][gc,start      ] GC(50) Pause Young (Normal) (G1 Evacuation Pause)
[2021-10-11T09:43:02.023+0000][gc,task       ] GC(50) Using 8 workers of 8 for evacuation
[2021-10-11T09:43:02.112+0000][gc,mmu        ] GC(50) MMU target violated: 21.0ms (20.0ms/21.0ms)
[2021-10-11T09:43:02.112+0000][gc,phases     ] GC(50)   Pre Evacuate Collection Set: 0.1ms
[2021-10-11T09:43:02.112+0000][gc,phases     ] GC(50)   Evacuate Collection Set: 71.5ms
[2021-10-11T09:43:02.112+0000][gc,phases     ] GC(50)   Post Evacuate Collection Set: 17.7ms
[2021-10-11T09:43:02.112+0000][gc,phases     ] GC(50)   Other: 0.3ms
[2021-10-11T09:43:02.112+0000][gc,heap       ] GC(50) Eden regions: 612->0(612)
[2021-10-11T09:43:02.112+0000][gc,heap       ] GC(50) Survivor regions: 2->2(77)
[2021-10-11T09:43:02.112+0000][gc,heap       ] GC(50) Old regions: 17->17
[2021-10-11T09:43:02.112+0000][gc,heap       ] GC(50) Humongous regions: 129->129
[2021-10-11T09:43:02.112+0000][gc,metaspace  ] GC(50) Metaspace: 40895K->40895K(1087488K)
[2021-10-11T09:43:02.112+0000][gc            ] GC(50) Pause Young (Normal) (G1 Evacuation Pause) 757M->145M(1024M) 89.633ms
[2021-10-11T09:43:02.112+0000][gc,cpu        ] GC(50) User=0.09s Sys=0.00s Real=0.09s
[2021-10-11T09:44:04.513+0000][gc,start      ] GC(51) Pause Young (Normal) (G1 Evacuation Pause)
[2021-10-11T09:44:04.513+0000][gc,task       ] GC(51) Using 8 workers of 8 for evacuation
[2021-10-11T09:44:04.529+0000][gc,phases     ] GC(51)   Pre Evacuate Collection Set: 0.1ms
[2021-10-11T09:44:04.529+0000][gc,phases     ] GC(51)   Evacuate Collection Set: 14.1ms
[2021-10-11T09:44:04.529+0000][gc,phases     ] GC(51)   Post Evacuate Collection Set: 0.7ms
[2021-10-11T09:44:04.529+0000][gc,phases     ] GC(51)   Other: 0.3ms
[2021-10-11T09:44:04.529+0000][gc,heap       ] GC(51) Eden regions: 612->0(612)
[2021-10-11T09:44:04.529+0000][gc,heap       ] GC(51) Survivor regions: 2->2(77)
[2021-10-11T09:44:04.529+0000][gc,heap       ] GC(51) Old regions: 17->17
[2021-10-11T09:44:04.529+0000][gc,heap       ] GC(51) Humongous regions: 130->129
[2021-10-11T09:44:04.529+0000][gc,metaspace  ] GC(51) Metaspace: 40902K->40902K(1087488K)
[2021-10-11T09:44:04.529+0000][gc            ] GC(51) Pause Young (Normal) (G1 Evacuation Pause) 758M->145M(1024M) 15.277ms
[2021-10-11T09:44:04.529+0000][gc,cpu        ] GC(51) User=0.03s Sys=0.00s Real=0.02s
[2021-10-11T09:45:06.644+0000][gc,start      ] GC(52) Pause Young (Normal) (G1 Evacuation Pause)
[2021-10-11T09:45:06.644+0000][gc,task       ] GC(52) Using 8 workers of 8 for evacuation
[2021-10-11T09:45:06.668+0000][gc,mmu        ] GC(52) MMU target violated: 21.0ms (20.0ms/21.0ms)
[2021-10-11T09:45:06.668+0000][gc,phases     ] GC(52)   Pre Evacuate Collection Set: 0.0ms
[2021-10-11T09:45:06.668+0000][gc,phases     ] GC(52)   Evacuate Collection Set: 23.1ms
[2021-10-11T09:45:06.668+0000][gc,phases     ] GC(52)   Post Evacuate Collection Set: 0.7ms
[2021-10-11T09:45:06.668+0000][gc,phases     ] GC(52)   Other: 0.4ms
[2021-10-11T09:45:06.668+0000][gc,heap       ] GC(52) Eden regions: 612->0(612)
[2021-10-11T09:45:06.668+0000][gc,heap       ] GC(52) Survivor regions: 2->2(77)
[2021-10-11T09:45:06.668+0000][gc,heap       ] GC(52) Old regions: 17->17
[2021-10-11T09:45:06.668+0000][gc,heap       ] GC(52) Humongous regions: 129->129
[2021-10-11T09:45:06.668+0000][gc,metaspace  ] GC(52) Metaspace: 40906K->40906K(1087488K)
[2021-10-11T09:45:06.668+0000][gc            ] GC(52) Pause Young (Normal) (G1 Evacuation Pause) 757M->145M(1024M) 24.317ms
[2021-10-11T09:45:06.668+0000][gc,cpu        ] GC(52) User=0.04s Sys=0.00s Real=0.02s
[2021-10-11T09:46:08.786+0000][gc,start      ] GC(53) Pause Young (Normal) (G1 Evacuation Pause)
[2021-10-11T09:46:08.786+0000][gc,task       ] GC(53) Using 8 workers of 8 for evacuation
[2021-10-11T09:46:08.826+0000][gc,mmu        ] GC(53) MMU target violated: 21.0ms (20.0ms/21.0ms)
[2021-10-11T09:46:08.826+0000][gc,phases     ] GC(53)   Pre Evacuate Collection Set: 0.1ms
[2021-10-11T09:46:08.826+0000][gc,phases     ] GC(53)   Evacuate Collection Set: 38.8ms
[2021-10-11T09:46:08.826+0000][gc,phases     ] GC(53)   Post Evacuate Collection Set: 0.7ms
[2021-10-11T09:46:08.826+0000][gc,phases     ] GC(53)   Other: 0.2ms
[2021-10-11T09:46:08.826+0000][gc,heap       ] GC(53) Eden regions: 612->0(612)
[2021-10-11T09:46:08.826+0000][gc,heap       ] GC(53) Survivor regions: 2->2(77)
[2021-10-11T09:46:08.826+0000][gc,heap       ] GC(53) Old regions: 17->17
[2021-10-11T09:46:08.826+0000][gc,heap       ] GC(53) Humongous regions: 129->129
[2021-10-11T09:46:08.826+0000][gc,metaspace  ] GC(53) Metaspace: 40910K->40910K(1087488K)
[2021-10-11T09:46:08.826+0000][gc            ] GC(53) Pause Young (Normal) (G1 Evacuation Pause) 757M->145M(1024M) 39.879ms
[2021-10-11T09:46:08.826+0000][gc,cpu        ] GC(53) User=0.04s Sys=0.00s Real=0.04s
[2021-10-11T09:48:02.709+0000][gc,start      ] GC(54) Pause Young (Normal) (G1 Evacuation Pause)
[2021-10-11T09:48:02.709+0000][gc,task       ] GC(54) Using 8 workers of 8 for evacuation
[2021-10-11T09:48:02.762+0000][gc,mmu        ] GC(54) MMU target violated: 21.0ms (20.0ms/21.0ms)
[2021-10-11T09:48:02.762+0000][gc,phases     ] GC(54)   Pre Evacuate Collection Set: 0.1ms
[2021-10-11T09:48:02.762+0000][gc,phases     ] GC(54)   Evacuate Collection Set: 52.0ms
[2021-10-11T09:48:02.762+0000][gc,phases     ] GC(54)   Post Evacuate Collection Set: 0.8ms
[2021-10-11T09:48:02.762+0000][gc,phases     ] GC(54)   Other: 0.2ms
[2021-10-11T09:48:02.762+0000][gc,heap       ] GC(54) Eden regions: 612->0(612)
[2021-10-11T09:48:02.762+0000][gc,heap       ] GC(54) Survivor regions: 2->2(77)
[2021-10-11T09:48:02.762+0000][gc,heap       ] GC(54) Old regions: 17->17
[2021-10-11T09:48:02.762+0000][gc,heap       ] GC(54) Humongous regions: 129->129
[2021-10-11T09:48:02.762+0000][gc,metaspace  ] GC(54) Metaspace: 40933K->40933K(1087488K)
[2021-10-11T09:48:02.762+0000][gc            ] GC(54) Pause Young (Normal) (G1 Evacuation Pause) 757M->145M(1024M) 53.188ms
[2021-10-11T09:48:02.762+0000][gc,cpu        ] GC(54) User=0.05s Sys=0.00s Real=0.05s
[2021-10-11T09:49:04.962+0000][gc,start      ] GC(55) Pause Young (Normal) (G1 Evacuation Pause)
[2021-10-11T09:49:04.962+0000][gc,task       ] GC(55) Using 8 workers of 8 for evacuation
[2021-10-11T09:49:05.007+0000][gc,mmu        ] GC(55) MMU target violated: 21.0ms (20.0ms/21.0ms)
[2021-10-11T09:49:05.007+0000][gc,phases     ] GC(55)   Pre Evacuate Collection Set: 0.1ms
[2021-10-11T09:49:05.007+0000][gc,phases     ] GC(55)   Evacuate Collection Set: 44.3ms
[2021-10-11T09:49:05.007+0000][gc,phases     ] GC(55)   Post Evacuate Collection Set: 0.8ms
[2021-10-11T09:49:05.007+0000][gc,phases     ] GC(55)   Other: 0.5ms
[2021-10-11T09:49:05.007+0000][gc,heap       ] GC(55) Eden regions: 612->0(612)
[2021-10-11T09:49:05.007+0000][gc,heap       ] GC(55) Survivor regions: 2->2(77)
[2021-10-11T09:49:05.007+0000][gc,heap       ] GC(55) Old regions: 17->17
[2021-10-11T09:49:05.007+0000][gc,heap       ] GC(55) Humongous regions: 129->129
[2021-10-11T09:49:05.007+0000][gc,metaspace  ] GC(55) Metaspace: 40934K->40934K(1087488K)
[2021-10-11T09:49:05.007+0000][gc            ] GC(55) Pause Young (Normal) (G1 Evacuation Pause) 757M->145M(1024M) 45.640ms
[2021-10-11T09:49:05.007+0000][gc,cpu        ] GC(55) User=0.04s Sys=0.00s Real=0.05s
[2021-10-11T09:50:07.132+0000][gc,start      ] GC(56) Pause Young (Normal) (G1 Evacuation Pause)
[2021-10-11T09:50:07.132+0000][gc,task       ] GC(56) Using 8 workers of 8 for evacuation
[2021-10-11T09:50:07.161+0000][gc,mmu        ] GC(56) MMU target violated: 21.0ms (20.0ms/21.0ms)
[2021-10-11T09:50:07.161+0000][gc,phases     ] GC(56)   Pre Evacuate Collection Set: 0.1ms
[2021-10-11T09:50:07.161+0000][gc,phases     ] GC(56)   Evacuate Collection Set: 28.3ms
[2021-10-11T09:50:07.161+0000][gc,phases     ] GC(56)   Post Evacuate Collection Set: 0.7ms
[2021-10-11T09:50:07.161+0000][gc,phases     ] GC(56)   Other: 0.3ms
[2021-10-11T09:50:07.161+0000][gc,heap       ] GC(56) Eden regions: 612->0(612)
[2021-10-11T09:50:07.161+0000][gc,heap       ] GC(56) Survivor regions: 2->2(77)
[2021-10-11T09:50:07.161+0000][gc,heap       ] GC(56) Old regions: 17->17
[2021-10-11T09:50:07.161+0000][gc,heap       ] GC(56) Humongous regions: 129->129
[2021-10-11T09:50:07.161+0000][gc,metaspace  ] GC(56) Metaspace: 40935K->40935K(1087488K)
[2021-10-11T09:50:07.161+0000][gc            ] GC(56) Pause Young (Normal) (G1 Evacuation Pause) 757M->145M(1024M) 29.358ms
[2021-10-11T09:50:07.161+0000][gc,cpu        ] GC(56) User=0.03s Sys=0.00s Real=0.03s
[2021-10-11T09:51:09.265+0000][gc,start      ] GC(57) Pause Young (Normal) (G1 Evacuation Pause)
[2021-10-11T09:51:09.265+0000][gc,task       ] GC(57) Using 8 workers of 8 for evacuation
[2021-10-11T09:51:09.315+0000][gc,mmu        ] GC(57) MMU target violated: 21.0ms (20.0ms/21.0ms)
[2021-10-11T09:51:09.315+0000][gc,phases     ] GC(57)   Pre Evacuate Collection Set: 0.1ms
[2021-10-11T09:51:09.315+0000][gc,phases     ] GC(57)   Evacuate Collection Set: 48.3ms
[2021-10-11T09:51:09.315+0000][gc,phases     ] GC(57)   Post Evacuate Collection Set: 0.8ms
[2021-10-11T09:51:09.315+0000][gc,phases     ] GC(57)   Other: 0.2ms
[2021-10-11T09:51:09.315+0000][gc,heap       ] GC(57) Eden regions: 612->0(612)
[2021-10-11T09:51:09.315+0000][gc,heap       ] GC(57) Survivor regions: 2->2(77)
[2021-10-11T09:51:09.315+0000][gc,heap       ] GC(57) Old regions: 17->17
[2021-10-11T09:51:09.315+0000][gc,heap       ] GC(57) Humongous regions: 129->129
[2021-10-11T09:51:09.315+0000][gc,metaspace  ] GC(57) Metaspace: 40936K->40936K(1087488K)
[2021-10-11T09:51:09.315+0000][gc            ] GC(57) Pause Young (Normal) (G1 Evacuation Pause) 757M->145M(1024M) 49.408ms
[2021-10-11T09:51:09.315+0000][gc,cpu        ] GC(57) User=0.04s Sys=0.00s Real=0.04s
[2021-10-11T09:53:03.332+0000][gc,start      ] GC(58) Pause Young (Normal) (G1 Evacuation Pause)
[2021-10-11T09:53:03.332+0000][gc,task       ] GC(58) Using 8 workers of 8 for evacuation
[2021-10-11T09:53:03.371+0000][gc,mmu        ] GC(58) MMU target violated: 21.0ms (20.0ms/21.0ms)
[2021-10-11T09:53:03.371+0000][gc,phases     ] GC(58)   Pre Evacuate Collection Set: 0.1ms
[2021-10-11T09:53:03.371+0000][gc,phases     ] GC(58)   Evacuate Collection Set: 28.5ms
[2021-10-11T09:53:03.371+0000][gc,phases     ] GC(58)   Post Evacuate Collection Set: 10.6ms
[2021-10-11T09:53:03.371+0000][gc,phases     ] GC(58)   Other: 0.5ms
[2021-10-11T09:53:03.371+0000][gc,heap       ] GC(58) Eden regions: 612->0(612)
[2021-10-11T09:53:03.371+0000][gc,heap       ] GC(58) Survivor regions: 2->2(77)
[2021-10-11T09:53:03.371+0000][gc,heap       ] GC(58) Old regions: 17->17
[2021-10-11T09:53:03.371+0000][gc,heap       ] GC(58) Humongous regions: 129->129
[2021-10-11T09:53:03.371+0000][gc,metaspace  ] GC(58) Metaspace: 40968K->40968K(1087488K)
[2021-10-11T09:53:03.371+0000][gc            ] GC(58) Pause Young (Normal) (G1 Evacuation Pause) 757M->145M(1024M) 39.651ms
[2021-10-11T09:53:03.371+0000][gc,cpu        ] GC(58) User=0.04s Sys=0.00s Real=0.04s
[2021-10-11T09:54:05.620+0000][gc,start      ] GC(59) Pause Young (Normal) (G1 Evacuation Pause)
[2021-10-11T09:54:05.620+0000][gc,task       ] GC(59) Using 8 workers of 8 for evacuation
[2021-10-11T09:54:05.637+0000][gc,phases     ] GC(59)   Pre Evacuate Collection Set: 0.1ms
[2021-10-11T09:54:05.637+0000][gc,phases     ] GC(59)   Evacuate Collection Set: 12.0ms
[2021-10-11T09:54:05.637+0000][gc,phases     ] GC(59)   Post Evacuate Collection Set: 5.1ms
[2021-10-11T09:54:05.637+0000][gc,phases     ] GC(59)   Other: 0.2ms
[2021-10-11T09:54:05.637+0000][gc,heap       ] GC(59) Eden regions: 612->0(612)
[2021-10-11T09:54:05.637+0000][gc,heap       ] GC(59) Survivor regions: 2->2(77)
[2021-10-11T09:54:05.637+0000][gc,heap       ] GC(59) Old regions: 17->17
[2021-10-11T09:54:05.637+0000][gc,heap       ] GC(59) Humongous regions: 129->129
[2021-10-11T09:54:05.637+0000][gc,metaspace  ] GC(59) Metaspace: 40973K->40973K(1087488K)
[2021-10-11T09:54:05.637+0000][gc            ] GC(59) Pause Young (Normal) (G1 Evacuation Pause) 757M->145M(1024M) 17.487ms
[2021-10-11T09:54:05.637+0000][gc,cpu        ] GC(59) User=0.03s Sys=0.00s Real=0.02s
[2021-10-11T09:55:07.796+0000][gc,start      ] GC(60) Pause Young (Normal) (G1 Evacuation Pause)
[2021-10-11T09:55:07.796+0000][gc,task       ] GC(60) Using 8 workers of 8 for evacuation
[2021-10-11T09:55:07.824+0000][gc,mmu        ] GC(60) MMU target violated: 21.0ms (20.0ms/21.0ms)
[2021-10-11T09:55:07.824+0000][gc,phases     ] GC(60)   Pre Evacuate Collection Set: 0.0ms
[2021-10-11T09:55:07.824+0000][gc,phases     ] GC(60)   Evacuate Collection Set: 27.2ms
[2021-10-11T09:55:07.824+0000][gc,phases     ] GC(60)   Post Evacuate Collection Set: 0.8ms
[2021-10-11T09:55:07.824+0000][gc,phases     ] GC(60)   Other: 0.2ms
[2021-10-11T09:55:07.824+0000][gc,heap       ] GC(60) Eden regions: 612->0(612)
[2021-10-11T09:55:07.824+0000][gc,heap       ] GC(60) Survivor regions: 2->2(77)
[2021-10-11T09:55:07.824+0000][gc,heap       ] GC(60) Old regions: 17->17
[2021-10-11T09:55:07.824+0000][gc,heap       ] GC(60) Humongous regions: 129->129
[2021-10-11T09:55:07.824+0000][gc,metaspace  ] GC(60) Metaspace: 40984K->40984K(1087488K)
[2021-10-11T09:55:07.824+0000][gc            ] GC(60) Pause Young (Normal) (G1 Evacuation Pause) 757M->145M(1024M) 28.349ms
[2021-10-11T09:55:07.824+0000][gc,cpu        ] GC(60) User=0.03s Sys=0.00s Real=0.03s
