[2021-10-11T06:40:38.097+0000][gc,heap] Heap region size: 1M
[2021-10-11T06:40:38.105+0000][gc     ] Using G1
[2021-10-11T06:40:38.105+0000][gc,heap,coops] Heap address: 0x00000000c0000000, size: 1024 MB, Compressed Oops mode: 32-bit
[2021-10-11T06:40:38.106+0000][gc,cds       ] Mark closed archive regions in map: [0x00000000fff00000, 0x00000000fff6aff8]
[2021-10-11T06:40:38.106+0000][gc,cds       ] Mark open archive regions in map: [0x00000000ffe00000, 0x00000000ffe46ff8]
[2021-10-11T06:40:38.778+0000][gc,start     ] GC(0) Pause Young (Normal) (G1 Evacuation Pause)
[2021-10-11T06:40:38.779+0000][gc,task      ] GC(0) Using 8 workers of 8 for evacuation
[2021-10-11T06:40:38.788+0000][gc,phases    ] GC(0)   Pre Evacuate Collection Set: 0.0ms
[2021-10-11T06:40:38.788+0000][gc,phases    ] GC(0)   Evacuate Collection Set: 8.1ms
[2021-10-11T06:40:38.788+0000][gc,phases    ] GC(0)   Post Evacuate Collection Set: 0.5ms
[2021-10-11T06:40:38.788+0000][gc,phases    ] GC(0)   Other: 0.7ms
[2021-10-11T06:40:38.788+0000][gc,heap      ] GC(0) Eden regions: 51->0(44)
[2021-10-11T06:40:38.788+0000][gc,heap      ] GC(0) Survivor regions: 0->7(7)
[2021-10-11T06:40:38.788+0000][gc,heap      ] GC(0) Old regions: 2->2
[2021-10-11T06:40:38.788+0000][gc,heap      ] GC(0) Humongous regions: 0->0
[2021-10-11T06:40:38.788+0000][gc,metaspace ] GC(0) Metaspace: 15545K->15545K(1062912K)
[2021-10-11T06:40:38.788+0000][gc           ] GC(0) Pause Young (Normal) (G1 Evacuation Pause) 51M->7M(1024M) 9.389ms
[2021-10-11T06:40:38.788+0000][gc,cpu       ] GC(0) User=0.05s Sys=0.00s Real=0.01s
[2021-10-11T06:40:38.984+0000][gc,start     ] GC(1) Pause Young (Concurrent Start) (Metadata GC Threshold)
[2021-10-11T06:40:38.984+0000][gc,task      ] GC(1) Using 8 workers of 8 for evacuation
[2021-10-11T06:40:38.993+0000][gc,phases    ] GC(1)   Pre Evacuate Collection Set: 0.1ms
[2021-10-11T06:40:38.993+0000][gc,phases    ] GC(1)   Evacuate Collection Set: 7.5ms
[2021-10-11T06:40:38.993+0000][gc,phases    ] GC(1)   Post Evacuate Collection Set: 0.3ms
[2021-10-11T06:40:38.993+0000][gc,phases    ] GC(1)   Other: 0.2ms
[2021-10-11T06:40:38.993+0000][gc,heap      ] GC(1) Eden regions: 21->0(49)
[2021-10-11T06:40:38.993+0000][gc,heap      ] GC(1) Survivor regions: 7->2(7)
[2021-10-11T06:40:38.993+0000][gc,heap      ] GC(1) Old regions: 2->9
[2021-10-11T06:40:38.993+0000][gc,heap      ] GC(1) Humongous regions: 0->0
[2021-10-11T06:40:38.993+0000][gc,metaspace ] GC(1) Metaspace: 20683K->20683K(1069056K)
[2021-10-11T06:40:38.993+0000][gc           ] GC(1) Pause Young (Concurrent Start) (Metadata GC Threshold) 27M->8M(1024M) 8.190ms
[2021-10-11T06:40:38.993+0000][gc,cpu       ] GC(1) User=0.03s Sys=0.00s Real=0.00s
[2021-10-11T06:40:38.993+0000][gc           ] GC(2) Concurrent Cycle
[2021-10-11T06:40:38.993+0000][gc,marking   ] GC(2) Concurrent Clear Claimed Marks
[2021-10-11T06:40:38.993+0000][gc,marking   ] GC(2) Concurrent Clear Claimed Marks 0.015ms
[2021-10-11T06:40:38.993+0000][gc,marking   ] GC(2) Concurrent Scan Root Regions
[2021-10-11T06:40:38.993+0000][gc,marking   ] GC(2) Concurrent Scan Root Regions 0.705ms
[2021-10-11T06:40:38.993+0000][gc,marking   ] GC(2) Concurrent Mark (0.899s)
[2021-10-11T06:40:38.993+0000][gc,marking   ] GC(2) Concurrent Mark From Roots
[2021-10-11T06:40:38.993+0000][gc,task      ] GC(2) Using 2 workers of 2 for marking
[2021-10-11T06:40:38.998+0000][gc,marking   ] GC(2) Concurrent Mark From Roots 4.640ms
[2021-10-11T06:40:38.998+0000][gc,marking   ] GC(2) Concurrent Preclean
[2021-10-11T06:40:38.998+0000][gc,marking   ] GC(2) Concurrent Preclean 0.082ms
[2021-10-11T06:40:38.998+0000][gc,marking   ] GC(2) Concurrent Mark (0.899s, 0.903s) 4.746ms
[2021-10-11T06:40:38.998+0000][gc,start     ] GC(2) Pause Remark
[2021-10-11T06:40:38.999+0000][gc,stringtable] GC(2) Cleaned string and symbol table, strings: 5039 processed, 0 removed, symbols: 50605 processed, 40 removed
[2021-10-11T06:40:39.000+0000][gc            ] GC(2) Pause Remark 8M->8M(1024M) 1.342ms
[2021-10-11T06:40:39.000+0000][gc,cpu        ] GC(2) User=0.00s Sys=0.00s Real=0.00s
[2021-10-11T06:40:39.000+0000][gc,marking    ] GC(2) Concurrent Rebuild Remembered Sets
[2021-10-11T06:40:39.002+0000][gc,marking    ] GC(2) Concurrent Rebuild Remembered Sets 2.493ms
[2021-10-11T06:40:39.002+0000][gc,start      ] GC(2) Pause Cleanup
[2021-10-11T06:40:39.002+0000][gc            ] GC(2) Pause Cleanup 8M->8M(1024M) 0.191ms
[2021-10-11T06:40:39.002+0000][gc,cpu        ] GC(2) User=0.00s Sys=0.00s Real=0.00s
[2021-10-11T06:40:39.002+0000][gc,marking    ] GC(2) Concurrent Cleanup for Next Mark
[2021-10-11T06:40:39.006+0000][gc,marking    ] GC(2) Concurrent Cleanup for Next Mark 3.681ms
[2021-10-11T06:40:39.006+0000][gc            ] GC(2) Concurrent Cycle 13.481ms
[2021-10-11T06:40:39.492+0000][gc,start      ] GC(3) Pause Young (Concurrent Start) (G1 Evacuation Pause)
[2021-10-11T06:40:39.492+0000][gc,task       ] GC(3) Using 8 workers of 8 for evacuation
[2021-10-11T06:40:39.497+0000][gc,phases     ] GC(3)   Pre Evacuate Collection Set: 0.1ms
[2021-10-11T06:40:39.497+0000][gc,phases     ] GC(3)   Evacuate Collection Set: 4.1ms
[2021-10-11T06:40:39.497+0000][gc,phases     ] GC(3)   Post Evacuate Collection Set: 0.3ms
[2021-10-11T06:40:39.497+0000][gc,phases     ] GC(3)   Other: 0.2ms
[2021-10-11T06:40:39.497+0000][gc,heap       ] GC(3) Eden regions: 49->0(46)
[2021-10-11T06:40:39.497+0000][gc,heap       ] GC(3) Survivor regions: 2->5(7)
[2021-10-11T06:40:39.497+0000][gc,heap       ] GC(3) Old regions: 9->9
[2021-10-11T06:40:39.497+0000][gc,heap       ] GC(3) Humongous regions: 129->129
[2021-10-11T06:40:39.497+0000][gc,metaspace  ] GC(3) Metaspace: 30356K->30356K(1077248K)
[2021-10-11T06:40:39.497+0000][gc            ] GC(3) Pause Young (Concurrent Start) (G1 Evacuation Pause) 186M->140M(1024M) 4.723ms
[2021-10-11T06:40:39.497+0000][gc,cpu        ] GC(3) User=0.01s Sys=0.00s Real=0.01s
[2021-10-11T06:40:39.497+0000][gc            ] GC(4) Concurrent Cycle
[2021-10-11T06:40:39.497+0000][gc,marking    ] GC(4) Concurrent Clear Claimed Marks
[2021-10-11T06:40:39.497+0000][gc,marking    ] GC(4) Concurrent Clear Claimed Marks 0.020ms
[2021-10-11T06:40:39.497+0000][gc,marking    ] GC(4) Concurrent Scan Root Regions
[2021-10-11T06:40:39.498+0000][gc,marking    ] GC(4) Concurrent Scan Root Regions 1.239ms
[2021-10-11T06:40:39.498+0000][gc,marking    ] GC(4) Concurrent Mark (1.404s)
[2021-10-11T06:40:39.498+0000][gc,marking    ] GC(4) Concurrent Mark From Roots
[2021-10-11T06:40:39.498+0000][gc,task       ] GC(4) Using 2 workers of 2 for marking
[2021-10-11T06:40:39.503+0000][gc,marking    ] GC(4) Concurrent Mark From Roots 4.525ms
[2021-10-11T06:40:39.503+0000][gc,marking    ] GC(4) Concurrent Preclean
[2021-10-11T06:40:39.503+0000][gc,marking    ] GC(4) Concurrent Preclean 0.075ms
[2021-10-11T06:40:39.503+0000][gc,marking    ] GC(4) Concurrent Mark (1.404s, 1.408s) 4.624ms
[2021-10-11T06:40:39.504+0000][gc,start      ] GC(4) Pause Remark
[2021-10-11T06:40:39.505+0000][gc,stringtable] GC(4) Cleaned string and symbol table, strings: 8078 processed, 11 removed, symbols: 69938 processed, 11 removed
[2021-10-11T06:40:39.505+0000][gc            ] GC(4) Pause Remark 141M->141M(1024M) 1.279ms
[2021-10-11T06:40:39.505+0000][gc,cpu        ] GC(4) User=0.00s Sys=0.00s Real=0.00s
[2021-10-11T06:40:39.505+0000][gc,marking    ] GC(4) Concurrent Rebuild Remembered Sets
[2021-10-11T06:40:39.507+0000][gc,marking    ] GC(4) Concurrent Rebuild Remembered Sets 2.216ms
[2021-10-11T06:40:39.507+0000][gc,start      ] GC(4) Pause Cleanup
[2021-10-11T06:40:39.507+0000][gc            ] GC(4) Pause Cleanup 142M->142M(1024M) 0.155ms
[2021-10-11T06:40:39.507+0000][gc,cpu        ] GC(4) User=0.00s Sys=0.00s Real=0.00s
[2021-10-11T06:40:39.507+0000][gc,marking    ] GC(4) Concurrent Cleanup for Next Mark
[2021-10-11T06:40:39.511+0000][gc,marking    ] GC(4) Concurrent Cleanup for Next Mark 3.465ms
[2021-10-11T06:40:39.511+0000][gc            ] GC(4) Concurrent Cycle 13.770ms
[2021-10-11T06:41:43.001+0000][gc,heap,exit  ] Heap
[2021-10-11T06:41:43.001+0000][gc,heap,exit  ]  garbage-first heap   total 1048576K, used 179605K [0x00000000c0000000, 0x0000000100000000)
[2021-10-11T06:41:43.001+0000][gc,heap,exit  ]   region size 1024K, 42 young (43008K), 5 survivors (5120K)
[2021-10-11T06:41:43.001+0000][gc,heap,exit  ]  Metaspace       used 37563K, capacity 39227K, committed 39552K, reserved 1083392K
[2021-10-11T06:41:43.001+0000][gc,heap,exit  ]   class space    used 4617K, capacity 5405K, committed 5504K, reserved 1048576K
