[2021-10-11T06:40:32.610+0000][gc,heap] Heap region size: 1M
[2021-10-11T06:40:32.619+0000][gc     ] Using G1
[2021-10-11T06:40:32.619+0000][gc,heap,coops] Heap address: 0x00000000c0000000, size: 1024 MB, Compressed Oops mode: 32-bit
[2021-10-11T06:40:32.620+0000][gc,cds       ] Mark closed archive regions in map: [0x00000000fff00000, 0x00000000fff6aff8]
[2021-10-11T06:40:32.620+0000][gc,cds       ] Mark open archive regions in map: [0x00000000ffe00000, 0x00000000ffe46ff8]
[2021-10-11T06:40:33.290+0000][gc,start     ] GC(0) Pause Young (Normal) (G1 Evacuation Pause)
[2021-10-11T06:40:33.291+0000][gc,task      ] GC(0) Using 8 workers of 8 for evacuation
[2021-10-11T06:40:33.297+0000][gc,phases    ] GC(0)   Pre Evacuate Collection Set: 0.0ms
[2021-10-11T06:40:33.297+0000][gc,phases    ] GC(0)   Evacuate Collection Set: 5.6ms
[2021-10-11T06:40:33.297+0000][gc,phases    ] GC(0)   Post Evacuate Collection Set: 0.4ms
[2021-10-11T06:40:33.297+0000][gc,phases    ] GC(0)   Other: 0.6ms
[2021-10-11T06:40:33.297+0000][gc,heap      ] GC(0) Eden regions: 51->0(44)
[2021-10-11T06:40:33.297+0000][gc,heap      ] GC(0) Survivor regions: 0->7(7)
[2021-10-11T06:40:33.297+0000][gc,heap      ] GC(0) Old regions: 2->2
[2021-10-11T06:40:33.297+0000][gc,heap      ] GC(0) Humongous regions: 0->0
[2021-10-11T06:40:33.297+0000][gc,metaspace ] GC(0) Metaspace: 15556K->15556K(1062912K)
[2021-10-11T06:40:33.297+0000][gc           ] GC(0) Pause Young (Normal) (G1 Evacuation Pause) 51M->7M(1024M) 6.670ms
[2021-10-11T06:40:33.297+0000][gc,cpu       ] GC(0) User=0.04s Sys=0.00s Real=0.01s
[2021-10-11T06:40:33.500+0000][gc,start     ] GC(1) Pause Young (Concurrent Start) (Metadata GC Threshold)
[2021-10-11T06:40:33.500+0000][gc,task      ] GC(1) Using 8 workers of 8 for evacuation
[2021-10-11T06:40:33.506+0000][gc,phases    ] GC(1)   Pre Evacuate Collection Set: 0.0ms
[2021-10-11T06:40:33.506+0000][gc,phases    ] GC(1)   Evacuate Collection Set: 6.0ms
[2021-10-11T06:40:33.506+0000][gc,phases    ] GC(1)   Post Evacuate Collection Set: 0.3ms
[2021-10-11T06:40:33.506+0000][gc,phases    ] GC(1)   Other: 0.2ms
[2021-10-11T06:40:33.506+0000][gc,heap      ] GC(1) Eden regions: 21->0(50)
[2021-10-11T06:40:33.506+0000][gc,heap      ] GC(1) Survivor regions: 7->1(7)
[2021-10-11T06:40:33.506+0000][gc,heap      ] GC(1) Old regions: 2->9
[2021-10-11T06:40:33.506+0000][gc,heap      ] GC(1) Humongous regions: 0->0
[2021-10-11T06:40:33.506+0000][gc,metaspace ] GC(1) Metaspace: 20581K->20581K(1067008K)
[2021-10-11T06:40:33.506+0000][gc           ] GC(1) Pause Young (Concurrent Start) (Metadata GC Threshold) 27M->8M(1024M) 6.643ms
[2021-10-11T06:40:33.506+0000][gc,cpu       ] GC(1) User=0.03s Sys=0.01s Real=0.01s
[2021-10-11T06:40:33.506+0000][gc           ] GC(2) Concurrent Cycle
[2021-10-11T06:40:33.506+0000][gc,marking   ] GC(2) Concurrent Clear Claimed Marks
[2021-10-11T06:40:33.506+0000][gc,marking   ] GC(2) Concurrent Clear Claimed Marks 0.024ms
[2021-10-11T06:40:33.506+0000][gc,marking   ] GC(2) Concurrent Scan Root Regions
[2021-10-11T06:40:33.507+0000][gc,marking   ] GC(2) Concurrent Scan Root Regions 0.661ms
[2021-10-11T06:40:33.507+0000][gc,marking   ] GC(2) Concurrent Mark (0.901s)
[2021-10-11T06:40:33.507+0000][gc,marking   ] GC(2) Concurrent Mark From Roots
[2021-10-11T06:40:33.507+0000][gc,task      ] GC(2) Using 2 workers of 2 for marking
[2021-10-11T06:40:33.512+0000][gc,marking   ] GC(2) Concurrent Mark From Roots 5.486ms
[2021-10-11T06:40:33.512+0000][gc,marking   ] GC(2) Concurrent Preclean
[2021-10-11T06:40:33.513+0000][gc,marking   ] GC(2) Concurrent Preclean 0.098ms
[2021-10-11T06:40:33.513+0000][gc,marking   ] GC(2) Concurrent Mark (0.901s, 0.906s) 5.611ms
[2021-10-11T06:40:33.513+0000][gc,start     ] GC(2) Pause Remark
[2021-10-11T06:40:33.514+0000][gc,stringtable] GC(2) Cleaned string and symbol table, strings: 5024 processed, 0 removed, symbols: 49742 processed, 42 removed
[2021-10-11T06:40:33.514+0000][gc            ] GC(2) Pause Remark 9M->9M(1024M) 1.427ms
[2021-10-11T06:40:33.514+0000][gc,cpu        ] GC(2) User=0.00s Sys=0.00s Real=0.00s
[2021-10-11T06:40:33.514+0000][gc,marking    ] GC(2) Concurrent Rebuild Remembered Sets
[2021-10-11T06:40:33.516+0000][gc,marking    ] GC(2) Concurrent Rebuild Remembered Sets 2.193ms
[2021-10-11T06:40:33.517+0000][gc,start      ] GC(2) Pause Cleanup
[2021-10-11T06:40:33.517+0000][gc            ] GC(2) Pause Cleanup 9M->9M(1024M) 0.119ms
[2021-10-11T06:40:33.517+0000][gc,cpu        ] GC(2) User=0.00s Sys=0.00s Real=0.00s
[2021-10-11T06:40:33.517+0000][gc,marking    ] GC(2) Concurrent Cleanup for Next Mark
[2021-10-11T06:40:33.521+0000][gc,marking    ] GC(2) Concurrent Cleanup for Next Mark 4.287ms
[2021-10-11T06:40:33.521+0000][gc            ] GC(2) Concurrent Cycle 14.759ms
[2021-10-11T06:40:34.036+0000][gc,start      ] GC(3) Pause Young (Normal) (G1 Evacuation Pause)
[2021-10-11T06:40:34.036+0000][gc,task       ] GC(3) Using 8 workers of 8 for evacuation
[2021-10-11T06:40:34.039+0000][gc,phases     ] GC(3)   Pre Evacuate Collection Set: 0.0ms
[2021-10-11T06:40:34.039+0000][gc,phases     ] GC(3)   Evacuate Collection Set: 2.3ms
[2021-10-11T06:40:34.039+0000][gc,phases     ] GC(3)   Post Evacuate Collection Set: 0.5ms
[2021-10-11T06:40:34.039+0000][gc,phases     ] GC(3)   Other: 0.2ms
[2021-10-11T06:40:34.039+0000][gc,heap       ] GC(3) Eden regions: 50->0(46)
[2021-10-11T06:40:34.039+0000][gc,heap       ] GC(3) Survivor regions: 1->5(7)
[2021-10-11T06:40:34.039+0000][gc,heap       ] GC(3) Old regions: 9->9
[2021-10-11T06:40:34.039+0000][gc,heap       ] GC(3) Humongous regions: 129->129
[2021-10-11T06:40:34.039+0000][gc,metaspace  ] GC(3) Metaspace: 30533K->30533K(1077248K)
[2021-10-11T06:40:34.039+0000][gc            ] GC(3) Pause Young (Normal) (G1 Evacuation Pause) 187M->140M(1024M) 3.008ms
[2021-10-11T06:40:34.039+0000][gc,cpu        ] GC(3) User=0.01s Sys=0.00s Real=0.00s
[2021-10-11T06:40:34.180+0000][gc,start      ] GC(4) Pause Young (Concurrent Start) (Metadata GC Threshold)
[2021-10-11T06:40:34.180+0000][gc,task       ] GC(4) Using 8 workers of 8 for evacuation
[2021-10-11T06:40:34.185+0000][gc,phases     ] GC(4)   Pre Evacuate Collection Set: 0.1ms
[2021-10-11T06:40:34.185+0000][gc,phases     ] GC(4)   Evacuate Collection Set: 4.6ms
[2021-10-11T06:40:34.185+0000][gc,phases     ] GC(4)   Post Evacuate Collection Set: 0.3ms
[2021-10-11T06:40:34.186+0000][gc,phases     ] GC(4)   Other: 0.2ms
[2021-10-11T06:40:34.186+0000][gc,heap       ] GC(4) Eden regions: 19->0(49)
[2021-10-11T06:40:34.186+0000][gc,heap       ] GC(4) Survivor regions: 5->2(7)
[2021-10-11T06:40:34.186+0000][gc,heap       ] GC(4) Old regions: 9->13
[2021-10-11T06:40:34.186+0000][gc,heap       ] GC(4) Humongous regions: 129->129
[2021-10-11T06:40:34.186+0000][gc,metaspace  ] GC(4) Metaspace: 34538K->34538K(1081344K)
[2021-10-11T06:40:34.186+0000][gc            ] GC(4) Pause Young (Concurrent Start) (Metadata GC Threshold) 159M->141M(1024M) 5.312ms
[2021-10-11T06:40:34.186+0000][gc,cpu        ] GC(4) User=0.01s Sys=0.00s Real=0.01s
[2021-10-11T06:40:34.186+0000][gc            ] GC(5) Concurrent Cycle
[2021-10-11T06:40:34.186+0000][gc,marking    ] GC(5) Concurrent Clear Claimed Marks
[2021-10-11T06:40:34.186+0000][gc,marking    ] GC(5) Concurrent Clear Claimed Marks 0.034ms
[2021-10-11T06:40:34.186+0000][gc,marking    ] GC(5) Concurrent Scan Root Regions
[2021-10-11T06:40:34.186+0000][gc,marking    ] GC(5) Concurrent Scan Root Regions 0.600ms
[2021-10-11T06:40:34.186+0000][gc,marking    ] GC(5) Concurrent Mark (1.580s)
[2021-10-11T06:40:34.186+0000][gc,marking    ] GC(5) Concurrent Mark From Roots
[2021-10-11T06:40:34.186+0000][gc,task       ] GC(5) Using 2 workers of 2 for marking
[2021-10-11T06:40:34.195+0000][gc,marking    ] GC(5) Concurrent Mark From Roots 8.352ms
[2021-10-11T06:40:34.195+0000][gc,marking    ] GC(5) Concurrent Preclean
[2021-10-11T06:40:34.195+0000][gc,marking    ] GC(5) Concurrent Preclean 0.082ms
[2021-10-11T06:40:34.195+0000][gc,marking    ] GC(5) Concurrent Mark (1.580s, 1.588s) 8.463ms
[2021-10-11T06:40:34.195+0000][gc,start      ] GC(5) Pause Remark
[2021-10-11T06:40:34.196+0000][gc,stringtable] GC(5) Cleaned string and symbol table, strings: 10029 processed, 10 removed, symbols: 81791 processed, 11 removed
[2021-10-11T06:40:34.196+0000][gc            ] GC(5) Pause Remark 143M->143M(1024M) 1.526ms
[2021-10-11T06:40:34.196+0000][gc,cpu        ] GC(5) User=0.01s Sys=0.00s Real=0.01s
[2021-10-11T06:40:34.196+0000][gc,marking    ] GC(5) Concurrent Rebuild Remembered Sets
[2021-10-11T06:40:34.204+0000][gc,marking    ] GC(5) Concurrent Rebuild Remembered Sets 7.085ms
[2021-10-11T06:40:34.204+0000][gc,start      ] GC(5) Pause Cleanup
[2021-10-11T06:40:34.204+0000][gc            ] GC(5) Pause Cleanup 143M->143M(1024M) 0.150ms
[2021-10-11T06:40:34.204+0000][gc,cpu        ] GC(5) User=0.00s Sys=0.00s Real=0.00s
[2021-10-11T06:40:34.204+0000][gc,marking    ] GC(5) Concurrent Cleanup for Next Mark
[2021-10-11T06:40:34.215+0000][gc,marking    ] GC(5) Concurrent Cleanup for Next Mark 10.740ms
[2021-10-11T06:40:34.215+0000][gc            ] GC(5) Concurrent Cycle 28.978ms
[2021-10-11T06:40:37.513+0000][gc,heap,exit  ] Heap
[2021-10-11T06:40:37.513+0000][gc,heap,exit  ]  garbage-first heap   total 1048576K, used 163716K [0x00000000c0000000, 0x0000000100000000)
[2021-10-11T06:40:37.513+0000][gc,heap,exit  ]   region size 1024K, 21 young (21504K), 2 survivors (2048K)
[2021-10-11T06:40:37.513+0000][gc,heap,exit  ]  Metaspace       used 37163K, capacity 38835K, committed 38912K, reserved 1083392K
[2021-10-11T06:40:37.513+0000][gc,heap,exit  ]   class space    used 4556K, capacity 5323K, committed 5376K, reserved 1048576K
