[2021-10-10T11:05:28.789+0000][gc,heap] Heap region size: 1M
[2021-10-10T11:05:28.793+0000][gc     ] Using G1
[2021-10-10T11:05:28.793+0000][gc,heap,coops] Heap address: 0x00000000e0000000, size: 512 MB, Compressed Oops mode: 32-bit
[2021-10-10T11:05:28.793+0000][gc,cds       ] Mark closed archive regions in map: [0x00000000fff00000, 0x00000000fff6aff8]
[2021-10-10T11:05:28.793+0000][gc,cds       ] Mark open archive regions in map: [0x00000000ffe00000, 0x00000000ffe46ff8]
[2021-10-10T11:05:33.544+0000][gc,start     ] GC(0) Pause Young (Normal) (G1 Evacuation Pause)
[2021-10-10T11:05:33.544+0000][gc,task      ] GC(0) Using 8 workers of 8 for evacuation
[2021-10-10T11:05:33.553+0000][gc,phases    ] GC(0)   Pre Evacuate Collection Set: 0.0ms
[2021-10-10T11:05:33.553+0000][gc,phases    ] GC(0)   Evacuate Collection Set: 8.1ms
[2021-10-10T11:05:33.553+0000][gc,phases    ] GC(0)   Post Evacuate Collection Set: 0.3ms
[2021-10-10T11:05:33.553+0000][gc,phases    ] GC(0)   Other: 0.7ms
[2021-10-10T11:05:33.553+0000][gc,heap      ] GC(0) Eden regions: 25->0(21)
[2021-10-10T11:05:33.553+0000][gc,heap      ] GC(0) Survivor regions: 0->4(4)
[2021-10-10T11:05:33.553+0000][gc,heap      ] GC(0) Old regions: 2->4
[2021-10-10T11:05:33.553+0000][gc,heap      ] GC(0) Humongous regions: 0->0
[2021-10-10T11:05:33.553+0000][gc,metaspace ] GC(0) Metaspace: 7703K->7703K(1056768K)
[2021-10-10T11:05:33.553+0000][gc           ] GC(0) Pause Young (Normal) (G1 Evacuation Pause) 25M->5M(512M) 9.157ms
[2021-10-10T11:05:33.553+0000][gc,cpu       ] GC(0) User=0.05s Sys=0.00s Real=0.00s
[2021-10-11T06:41:37.856+0000][gc,heap,exit ] Heap
[2021-10-11T06:41:37.857+0000][gc,heap,exit ]  garbage-first heap   total 524288K, used 17285K [0x00000000e0000000, 0x0000000100000000)
[2021-10-11T06:41:37.857+0000][gc,heap,exit ]   region size 1024K, 16 young (16384K), 4 survivors (4096K)
[2021-10-11T06:41:37.857+0000][gc,heap,exit ]  Metaspace       used 8413K, capacity 8723K, committed 8960K, reserved 1056768K
[2021-10-11T06:41:37.857+0000][gc,heap,exit ]   class space    used 906K, capacity 1015K, committed 1024K, reserved 1048576K
